import -dshinservicelegeartis optima 7.5J R18 5*108 ET50.5 DIA 63.30import -dshinservicereplay 8J R19 5*120 ET15 DIA 74.10import -dshinservicealcar stahlrad (kfz) 6J R15 4*114.3 ET46 DIA 67.10import -dshinservicealcar stahlrad (kfz) 6J R15 5*114.3 ET52.5 DIA 67.10import -dshinservicealcar stahlrad (kfz) 6.5J R16 5*100 ET45 DIA 54.10import -dshinservicealcar stahlrad (kfz) 5.5J R14 4*100 ET49 DIA 56.60import -dshinservicealcar stahlrad (kfz) 5J R14 4*100 ET46 DIA 54.10import -dshinservicealcar stahlrad (kfz) 5.5J R14 4*100 ET45 DIA 56.60import -dshinservicealcar stahlrad (kfz) 6J R15 4*114.3 ET45 DIA 66.10import -dshinservicealcar stahlrad (kfz) 6.5J R15 5*110 ET35 DIA 65.10import -dshinservicealcar stahlrad (kfz) 6J R16 5*114.3 ET46 DIA 67.10import -dshinservicealcar stahlrad (kfz) 5J R13 4*114.3 ET46 DIA 67.10import -dshinservicealcar stahlrad (kfz) 7J R17 5*114.3 ET41 DIA 67.10import -dshinservicekronprinz 6J R15 4*100 ET50 DIA 60.10import -dshinservicereplay 6.5J R16 5*114.3 ET40 DIA 66.10import -dshinservicealcar stahlrad (kfz) 5.5J R15 4*100 ET45 DIA 60.10import -dshinservicealcar stahlrad (kfz) 6.5J R16 5*112 ET42 DIA 57.10import -dshinservicealcar stahlrad (kfz) 6J R15 5*108 ET46 DIA 63.30import -dshinserviceoz racing 9.5J R20 5*130 ET52 DIA 0.00import -dshinserviceyamato 7J R16 5*110 ET42 DIA 73.10import -dshinserviceyamato 6.5J R15 4*108 ET17 DIA 73.10import -dshinservicealcar stahlrad (kfz) 6J R16 5*112 ET46 DIA 66.50import -dshinservicegr 7J R16 5*108 ET45 DIA 67.10import -dshinservicealcar stahlrad (kfz) 6.5J R16 5*108 ET50 DIA 63.30import -dshinservicealcar stahlrad (kfz) 6.5J R16 5*114.3 ET46 DIA 67.10import -dshinservicereplay 8J R20 5*114.3 ET40 DIA 66.10import -dshinservicereplay 7J R17 5*114.3 ET45 DIA 66.10import -dshinservicealcar stahlrad (kfz) 7J R16 5*139.7 ET45 DIA 95.30import -dshinservicealcar stahlrad (kfz) 5.5J R16 5*160 ET56 DIA 65.10import -dshinservicealcar stahlrad (kfz) 6.5J R16 5*114.3 ET40 DIA 66.10import -dshinserviceyamato samurai 7J R17 5*114.3 ET52 DIA 73.10import -dshinservicealcar stahlrad (kfz) 6.5J R16 5*108 ET44 DIA 65.10import -dshinserviceyamato 7J R17 5*114.3 ET45 DIA 60.10import -dshinserviceyamato 6.5J R16 5*114.3 ET40 DIA 66.10import -dshinserviceyamato 6.5J R16 5*114.3 ET45 DIA 60.10import -dshinserviceyamato 7J R18 5*114.3 ET35 DIA 60.10import -dshinservicealcar stahlrad (kfz) 6J R15 4*108 ET23 DIA 65.10import -dshinservicealcar stahlrad (kfz) 7J R16 5*114.3 ET47 DIA 66.10import -dshinservicealcar stahlrad (kfz) 6.5J R16 5*100 ET48 DIA 56.10import -dshinserviceyamato 7J R16 5*100 ET45 DIA 73.10import -dshinservicealcar stahlrad (kfz) 5.5J R15 5*160 ET60 DIA 65.10import -dshinserviceyamato 5.5J R14 4*100 ET45 DIA 73.10import -dshinservicealcar stahlrad (kfz) 5.5J R14 4*108 ET24 DIA 65.10import -dshinservicealcar stahlrad (kfz) 5.5J R15 4*98 ET32 DIA 58.10import -dshinservicealcar stahlrad (kfz) 6.5J R16 5*114.3 ET50 DIA 64.10import -dshinservicealcar stahlrad (kfz) 5.5J R15 5*139.7 ET5 DIA 108.40import -dshinservicealcar stahlrad (kfz) 6.5J R16 5*120 ET51 DIA 65.10import -dshinservicealcar stahlrad (kfz) 6.5J R16 5*114.3 ET39 DIA 60.10import -dshinserviceyamato samurai 6.5J R16 5*114.3 ET46 DIA 67.10import -dshinservicedotz 7.5J R17 5*112 ET48 DIA 70.10import -dshinservicealcar stahlrad (kfz) 6.5J R16 5*112 ET33 DIA 57.10import -dshinserviceenzo 6J R14 4*100 ET38 DIA 60.10import -dshinservicedotz 4x4 stahlrader 6J R15 5*139.7 ET0 DIA 110.00import -dshinservicedotz 4x4 stahlrader 7J R16 5*165.1 ET8 DIA 122.50import -dshinservicedotz 4x4 stahlrader 7J R16 6*139.7 ET30 DIA 67.10import -dshinservicedotz 4x4 stahlrader 7J R17 6*114.3 ET30 DIA 66.10import -dshinservicealcar stahlrad (kfz) 7J R17 5*120 ET55 DIA 65.10import -dshinservicealcar stahlrad (kfz) 5J R16 6*180 ET107 DIA 138.80import -dshinservicealcar stahlrad (kfz) 5.5J R15 4*100 ET45 DIA 56.10import -dshinservicealcar stahlrad (kfz) 6J R15 5*108 ET44 DIA 60.10import -dshinservicereplay 6.5J R16 5*114.3 ET45 DIA 60.10import -dshinservicealcar stahlrad (kfz) 6J R15 5*130 ET75 DIA 84.10import -dshinservicealcar stahlrad (kfz) 5.5J R15 6*205 ET115 DIA 161.00import -dshinservicealcar stahlrad (kfz) 6.5J R15 5*114.3 ET40 DIA 71.50import -dshinservicedezent 6.5J R16 5*105 ET38 DIA 56.60import -dshinservicedotz 4x4 stahlrader 8J R15 6*139.7 ET-30 DIA 110.00import -dshinserviceyamato 6.5J R16 5*114.3 ET45 DIA 73.10import -dshinservicealcar stahlrad (kfz) 7J R16 5*120 ET20 DIA 72.60import -dshinserviceaez 8.5J R18 5*120 ET45 DIA 72.60import -dshinserviceaez 9J R20 5*120 ET46 DIA 74.10import -dshinservicedezent 6J R15 5*114.3 ET40 DIA 71.60import -dshinservicedotz 8J R18 5*120 ET35 DIA 72.60import -dshinserviceyamato samurai 7.5J R17 5*114.3 ET45 DIA 73.10import -dshinservicedotz 4x4 stahlrader 7J R16 6*139.7 ET38 DIA 110.00import -dshinservicedotz 4x4 stahlrader 7J R16 5*139.7 ET0 DIA 110.00import -dshinservicealcar stahlrad (kfz) 6J R15 5*114.3 ET50 DIA 67.10import -dshinserviceyamato 7J R17 5*114.3 ET45 DIA 73.10import -dshinserviceyamato 7J R16 5*114.3 ET40 DIA 66.10import -dshinserviceyamato samurai 6.5J R16 5*114.3 ET46 DIA 67.10import -dshinservicedotz 9.5J R19 5*112 ET27 DIA 70.10import -dshinserviceaez 7.5J R17 5*112 ET35 DIA 70.10import -dshinservicedotz 8J R18 5*112 ET35 DIA 70.10import -dshinserviceyamato 7.5J R18 5*114.3 ET40 DIA 66.10import -dshinserviceyamato 7.5J R18 5*114.3 ET50 DIA 67.10import -dshinserviceyamato 7.5J R18 5*108 ET49 DIA 67.10import -dshinservicedotz 8J R16 6*114.3 ET20 DIA 66.10import -dshinserviceenzo 6.5J R15 5*114.3 ET40 DIA 71.60import -dshinserviceyamato 6.5J R16 5*112 ET33 DIA 57.10import -dshinserviceyamato samurai 6.5J R16 5*114.3 ET40 DIA 66.10import -dshinserviceyamato samurai 6.5J R16 5*114.3 ET45 DIA 60.10import -dshinservicedotz 7.5J R18 5*112 ET38 DIA 70.10import -dshinserviceyamato samurai 7J R17 5*100 ET48 DIA 56.10import -dshinservicealcar stahlrad (kfz) 6J R15 4*100 ET50 DIA 60.10import -dshinservicealcar stahlrad (kfz) 6.5J R15 5*112 ET33 DIA 57.10import -dshinservicealcar stahlrad (kfz) 7J R16 5*120 ET44 DIA 72.60import -dshinservicealcar stahlrad (kfz) 4.5J R15 3*112 ET23.5 DIA 57.10import -dshinservicereplica os 7J R17 5*112 ET37 DIA 66.60import -dshinservicealcar stahlrad (kfz) 7J R16 5*112 ET43 DIA 66.50import -dshinservicedotz 7J R16 5*110 ET35 DIA 65.10import -dshinservicelegeartis optima 6.5J R16 5*114.3 ET39 DIA 60.10import -dshinservicedotz 4x4 stahlrader 7J R16 5*130 ET40 DIA 84.10import -dshinservicedotz 4x4 stahlrader 6J R15 5*139.7 ET0 DIA 110.00import -dshinservicedotz 4x4 stahlrader 7J R16 6*139.7 ET13 DIA 110.00import -dshinservicedotz 4x4 stahlrader 6J R15 5*139.7 ET45 DIA 110.00import -dshinservicealcar stahlrad (kfz) 6J R16 6*205 ET132 DIA 161.00import -dshinservicedotz 8J R17 5*120 ET20 DIA 74.10import -dshinservicealcar stahlrad (kfz) 6.5J R16 5*114.3 ET31.5 DIA 67.10import -dshinserviceenzo 5.5J R14 5*100 ET32 DIA 60.10import -dshinserviceenzo 6.5J R15 5*112 ET48 DIA 70.10import -dshinserviceyamato 6J R15 4*114.3 ET44 DIA 56.60import -dshinserviceyamato 6J R15 4*114.3 ET40 DIA 66.10import -dshinserviceyamato 7.5J R17 5*100 ET48 DIA 56.10import -dshinservicedotz 4x4 stahlrader 7J R15 5*139.7 ET-12 DIA 110.00import -dshinserviceaez 7.5J R17 5*112 ET40 DIA 70.10import -dshinservicereplica os 6.5J R16 5*105 ET39 DIA 56.60import -dshinservicealcar stahlrad (kfz) 6J R15 5*100 ET29 DIA 57.10import -dshinservicedezent 6.5J R16 5*115 ET40 DIA 70.20import -dshinservicelegeartis optima 6.5J R17 5*114.3 ET50 DIA 64.10import -dshinservicelegeartis optima 7J R17 5*115 ET45 DIA 70.30import -dshinservicenitro 7J R16 5*114.3 ET40 DIA 73.10import -dshinservicelegeartis optima 6.5J R16 5*114.3 ET38 DIA 67.10import -dshinservicedotz 4x4 stahlrader 6J R15 6*139.7 ET6 DIA 110.00import -dshinserviceaez 7J R16 5*114.3 ET40 DIA 71.60import -dshinserviceaez 7J R16 5*112 ET35 DIA 70.10import -dshinserviceaez 7.5J R17 5*120 ET35 DIA 72.60import -dshinserviceaez 7.5J R17 5*120 ET46 DIA 72.60import -dshinservicealcar stahlrad (kfz) 4.5J R13 4*100 ET45 DIA 56.60import -dshinserviceyamato 6.5J R16 5*114.3 ET45 DIA 60.10import -dshinservicenitro 5.5J R15 4*100 ET51 DIA 54.10import -dshinservicedotz 8J R17 5*120 ET35 DIA 72.60import -dshinservicedotz 6.5J R15 5*100 ET35 DIA 60.10import -dshinserviceaez 9J R20 5*114.3 ET30 DIA 71.60import -dshinservicereplica h 6.5J R16 5*114.3 ET43 DIA 67.10import -dshinserviceaez 8.5J R19 5*120 ET46 DIA 74.10import -dshinserviceaez 8.5J R19 5*130 ET50 DIA 71.60import -dshinservicedezent 7J R16 5*112 ET35 DIA 70.10import -dshinservicedezent 7.5J R17 5*112 ET40 DIA 70.10import -dshinserviceyamato 6.5J R16 5*114.3 ET46 DIA 67.10import -dshinservicereplica h 6.5J R17 5*114.3 ET48 DIA 67.10import -dshinservicedotz 4x4 stahlrader 7J R16 6*139.7 ET36 DIA 106.10import -dshinservicedezent 7J R16 5*112 ET40 DIA 70.10import -dshinservicedotz 4x4 stahlrader 7J R16 5*114.3 ET30 DIA 60.10import -dshinservicedotz 4x4 stahlrader 7J R16 6*139.7 ET36 DIA 106.10import -dshinserviceaez 8J R18 5*114.3 ET40 DIA 71.60import -dshinserviceaez 8J R18 5*108 ET45 DIA 70.10import -dshinserviceaez 8.5J R19 5*112 ET50 DIA 70.10import -dshinservicedotz 7J R16 5*108 ET48 DIA 0.00import -dshinservicedezent 5.5J R14 4*100 ET35 DIA 60.10import -dshinserviceaez 10J R20 5*120 ET25 DIA 74.10import -dshinservicereplica h 6.5J R15 4*108 ET27 DIA 65.10import -dshinservicedezent 7J R16 5*120 ET35 DIA 72.60import -dshinservicedotz 4x4 stahlrader 7J R16 6*139.7 ET30 DIA 67.10import -dshinserviceenzo 7J R17 5*112 ET38 DIA 70.10import -dshinservicereplica h 8J R18 5*130 ET56 DIA 71.60import -dshinservicedezent 8J R17 5*120 ET30 DIA 72.60import -dshinservicedotz 4x4 stahlrader 7J R15 5*114.3 ET5 DIA 71.60import -dshinservicedotz 7J R16 5*115 ET35 DIA 70.20import -dshinservicereplica h 9J R20 5*130 ET60 DIA 71.60import -dshinservicealcar stahlrad (kfz) 5.5J R15 6*139.7 ET29 DIA 67.10import -dshinserviceaez 7.5J R17 5*108 ET48 DIA 70.10import -dshinserviceaez 9J R20 5*120 ET46 DIA 74.10import -dshinserviceaez 8.5J R19 5*108 ET45 DIA 70.10import -dshinserviceaez 8J R18 5*114.3 ET40 DIA 71.60import -dshinservicedezent 6.5J R16 5*112 ET50 DIA 70.10import -dshinservicedezent 6J R15 5*112 ET48 DIA 70.10import -dshinserviceaez 8J R18 5*108 ET45 DIA 70.10import -dshinservicelegeartis optima 6.5J R16 5*114.3 ET40 DIA 66.10import -dshinservicereplica h 6J R16 5*114.3 ET48 DIA 67.10import -dshinservicereplica h 6.5J R16 5*114.3 ET31.5 DIA 67.10import -dshinservicereplica h 7.5J R18 6*139.7 ET25 DIA 106.10import -dshinserviceyamato 6.5J R17 5*114.3 ET48 DIA 67.10import -dshinservicereplica fr 7J R17 5*114.3 ET55 DIA 64.10import -dshinservicereplay 7.5J R17 5*130 ET50 DIA 71.60import -dshinservicelegeartis optima 7J R16 5*130 ET43 DIA 84.10import -dshinservicelegeartis optima 7J R17 5*114.3 ET45 DIA 66.10import -dshinservicedezent 7J R16 5*114.3 ET35 DIA 70.10import -dshinservicereplica h 8J R18 5*120 ET30 DIA 72.60import -dshinservicereplica h 9.5J R20 5*120 ET50 DIA 72.60import -dshinserviceyamato samurai 6.5J R15 4*114.3 ET44 DIA 56.60import -dshinservicereplica h 6.5J R16 5*114.3 ET43 DIA 67.10import -dshinserviceyamato 6.5J R16 5*114.3 ET46 DIA 67.10import -dshinserviceyamato 7J R17 5*114.3 ET46 DIA 67.10import -dshinservicereplica h 6.5J R17 5*114.3 ET48 DIA 67.10import -dshinservicereplica h 6.5J R16 5*112 ET33 DIA 57.10import -dshinservicereplica h 8J R18 5*130 ET57 DIA 71.50import -dshinservicereplica h 6.5J R16 5*114.3 ET40 DIA 66.10import -dshinservicedotz 4x4 stahlrader 7J R16 5*120 ET30 DIA 65.10import -dshinservicereplica h 7J R16 5*114.3 ET45 DIA 60.10import -dshinserviceaez 8.5J R18 5*130 ET50 DIA 71.60import -dshinservicenitro 5.5J R14 4*98 ET35 DIA 58.60import -dshinservicereplica h 6.5J R16 5*114.3 ET50 DIA 67.10import -dshinservicereplica h 7.5J R18 5*114.3 ET50 DIA 67.10import -dshinservicereplica h 8J R18 5*120 ET30 DIA 72.60import -dshinserviceyamato 7J R17 5*114.3 ET45 DIA 60.10import -dshinserviceyamato 6J R15 5*100 ET38 DIA 57.10import -dshinserviceyamato 6J R15 5*100 ET38 DIA 57.10import -dshinserviceyamato 6.5J R16 5*112 ET33 DIA 57.10import -dshinserviceyamato 6.5J R16 5*112 ET50 DIA 57.10import -dshinservicelegeartis optima 9J R20 5*130 ET60 DIA 71.60import -dshinserviceyamato 6.5J R15 5*100 ET38 DIA 57.10import -dshinserviceaez 9.5J R19 5*120 ET32 DIA 72.60import -dshinservicedotz 8J R17 5*114.3 ET35 DIA 71.60import -dshinservicedotz 8J R17 6*139.7 ET35 DIA 67.10import -dshinserviceyamato 6.5J R16 5*114.3 ET50 DIA 67.10import -dshinservicedotz 8J R17 6*139.7 ET20 DIA 106.10import -dshinserviceaez 8.5J R18 5*112 ET48 DIA 70.10import -dshinserviceaez 8J R17 5*112 ET35 DIA 66.60import -dshinserviceyamato samurai 6.5J R16 5*112 ET50 DIA 57.10import -dshinserviceyamato 7J R17 5*114.3 ET46 DIA 67.10import -dshinservicereplica h 6J R16 5*114.3 ET48 DIA 67.10import -dshinservicedezent 6.5J R15 4*100 ET38 DIA 60.10import -dshinserviceaez 8J R18 5*120 ET30 DIA 72.60import -dshinservicereplica h 6J R15 4*108 ET27 DIA 65.10import -dshinservicenitro 6.5J R16 5*114.3 ET52.5 DIA 67.10import -dshinserviceyamato segun 7J R17 5*112 ET35 DIA 66.60import -dshinserviceyamato segun 7J R17 5*115 ET44 DIA 70.10import -dshinservicedotz 8J R17 5*120 ET35 DIA 65.10import -dshinserviceyamato segun 7.5J R17 5*114.3 ET45 DIA 60.10import -dshinserviceyamato segun 7J R16 5*110 ET37 DIA 65.10import -dshinserviceyamato segun 7J R16 5*114.3 ET41 DIA 67.10import -dshinservicelegeartis optima 8.5J R18 5*130 ET58 DIA 71.60import -dshinserviceeurodisk 5.5J R15 4*100 ET51 DIA 54.10import -dshinserviceeurodisk 6.5J R16 5*114.3 ET45 DIA 60.10import -dshinservicereplica h 7J R17 5*114.3 ET45 DIA 60.10import -dshinserviceyamato segun 8J R18 5*112 ET39 DIA 66.60import -dshinserviceyamato segun 6.5J R15 4*114.3 ET40 DIA 66.10import -dshinserviceyamato segun 6.5J R15 4*98 ET35 DIA 58.60import -dshinserviceyamato segun 7J R17 5*112 ET35 DIA 66.60import -dshinservicereplica h 6.5J R16 5*115 ET41 DIA 70.10import -dshinservicereplica h 7J R17 5*115 ET44 DIA 70.10import -dshinservicereplica h 5.5J R15 5*114.3 ET47 DIA 67.10import -dshinservicelegeartis optima 6.5J R16 5*114.3 ET46 DIA 67.10import -dshinservicedotz 7J R16 4*108 ET35 DIA 70.10import -dshinservicedotz 6.5J R15 5*112 ET35 DIA 70.10import -dshinservicedotz 8J R18 5*120 ET45 DIA 72.60import -dshinserviceyamato segun 6.5J R16 5*114.3 ET45 DIA 60.10import -dshinserviceyamato segun 6.5J R16 5*114.3 ET45 DIA 60.10import -dshinserviceyamato segun 6.5J R15 4*114.3 ET40 DIA 66.10import -dshinservicealcar stahlrad (kfz) 6.5J R16 5*120 ET42 DIA 72.60import -dshinservicenitro 6J R15 5*112 ET47 DIA 57.10import -dshinservicenitro 6.5J R16 5*115 ET41 DIA 70.10import -dshinservicelegeartis optima 9J R20 5*130 ET57 DIA 71.60import -dshinserviceyamato 7J R17 5*100 ET48 DIA 56.10import -dshinservicelegeartis optima 6.5J R16 5*114.3 ET40 DIA 66.10import -dshinserviceyamato segun 5.5J R14 4*100 ET43 DIA 60.10import -dshinservicealcar stahlrad (kfz) 5.5J R16 6*200 ET110 DIA 142.10import -dshinserviceyamato samurai 7J R17 5*100 ET48 DIA 56.10import -dshinserviceyamato samurai 7J R17 5*114.3 ET55 DIA 67.10import -dshinserviceyamato samurai 8J R18 5*114.3 ET40 DIA 66.10import -dshinserviceyamato samurai 6.5J R16 5*115 ET41 DIA 70.10import -dshinserviceyamato samurai 7J R17 5*114.3 ET45 DIA 73.10import -dshinserviceyamato samurai 7J R17 5*114.3 ET45 DIA 73.10import -dshinserviceyamato samurai 7.5J R18 5*114.3 ET40 DIA 66.10import -dshinserviceyamato samurai 7.5J R17 5*108 ET55 DIA 63.30import -dshinserviceyamato samurai 7J R17 5*114.3 ET45 DIA 73.10import -dshinserviceyamato samurai 7J R17 5*100 ET48 DIA 56.10import -dshinserviceyamato samurai 7J R17 5*112 ET43 DIA 57.10import -dshinservicereplica h 7J R17 5*114.3 ET50 DIA 67.10import -dshinservicereplay 7J R17 5*108 ET46 DIA 65.10import -dshinservicealcar stahlrad (kfz) 6.5J R16 5*114.3 ET45 DIA 64.10import -dshinservicealcar stahlrad (kfz) 5.5J R14 5*160 ET60 DIA 65.10import -dshinservicelegeartis optima 6J R15 5*112 ET47 DIA 57.10import -dshinserviceyamato segun 8J R18 5*114.3 ET40 DIA 66.10import -dshinservicereplay 8J R18 5*108 ET45 DIA 63.30import -dshinserviceyamato 7J R16 4*108 ET32 DIA 65.10import -dshinservicenitro 6J R15 5*112 ET47 DIA 57.10import -dshinservicenitro 6.5J R16 5*105 ET39 DIA 56.60import -dshinservicealcar stahlrad (kfz) 7J R17 5*114.3 ET50 DIA 67.10import -dshinservicealcar stahlrad (kfz) 6.5J R16 5*114.3 ET38 DIA 67.10import -dshinservicealcar stahlrad (kfz) 6J R15 5*112 ET43 DIA 57.10import -dshinservicelegeartis optima 6.5J R16 5*114.3 ET38 DIA 67.10import -dshinservicelegeartis optima 7.5J R18 6*114.3 ET39 DIA 67.10import -dshinservicenitro 7J R17 5*114.3 ET45 DIA 60.10import -dshinservicenitro 6J R15 5*105 ET39 DIA 56.60import -dshinserviceaez 8.5J R19 5*120 ET25 DIA 72.60import -dshinservicelegeartis optima 6J R15 4*100 ET48 DIA 54.10import -dshinservicelegeartis optima 6.5J R16 5*114.3 ET47 DIA 66.10import -dshinserviceyamato 6J R15 4*108 ET47.5 DIA 63.30import -dshinserviceyamato 6J R16 5*114.3 ET48 DIA 67.10import -dshinserviceyamato 7J R17 5*108 ET50 DIA 63.30import -dshinserviceyamato 7J R17 5*114.3 ET45 DIA 60.10import -dshinservicelegeartis optima 6.5J R16 5*114.3 ET50 DIA 66.10import -dshinservicedezent 7.5J R17 5*108 ET48 DIA 70.10import -dshinservicealcar stahlrad (kfz) 6.5J R16 5*114.3 ET42 DIA 67.10import -dshinserviceenzo 7J R16 4*100 ET40 DIA 60.10import -dshinservicedezent 7J R16 5*108 ET30 DIA 70.10import -dshinservicedotz 8J R16 6*139.7 ET35 DIA 67.10import -dshinservicelegeartis optima 8J R18 5*130 ET53 DIA 71.60import -dshinserviceyamato 7J R17 5*114.3 ET45 DIA 60.10import -dshinserviceyamato 7J R17 5*112 ET45 DIA 57.10import -dshinserviceyamato 7J R17 5*114.3 ET50 DIA 67.10import -dshinserviceyamato 7J R17 5*114.3 ET50 DIA 67.10import -dshinservicenitro 6.5J R15 4*98 ET32 DIA 58.60import -dshinserviceyamato segun 7.5J R17 5*120 ET35 DIA 72.60import -dshinserviceyamato segun 8.5J R19 5*120 ET45 DIA 74.10import -dshinserviceyamato segun 8.5J R19 5*120 ET45 DIA 74.10import -dshinservicelegeartis optima 8J R20 6*139.7 ET35 DIA 77.80import -dshinserviceaez 8J R18 5*112 ET25 DIA 66.60import -dshinserviceyamato segun 6J R15 5*114.3 ET45 DIA 60.10import -dshinserviceyamato segun 8J R18 5*112 ET39 DIA 66.60import -dshinserviceyamato segun 7.5J R17 5*114.3 ET45 DIA 60.10import -dshinserviceyamato segun 7J R17 5*112 ET45 DIA 57.10import -dshinserviceaez 7.5J R17 5*108 ET45 DIA 70.10import -dshinserviceaez 8J R19 5*108 ET45 DIA 70.10import -dshinserviceyamato 7J R18 5*112 ET43 DIA 57.10import -dshinserviceyamato 7J R18 5*112 ET43 DIA 57.10import -dshinserviceyamato 7J R18 5*112 ET43 DIA 57.10import -dshinserviceyamato 7J R18 5*114.3 ET45 DIA 66.10import -dshinserviceyamato 7J R18 5*114.3 ET46 DIA 67.10import -dshinserviceyamato 7J R18 5*114.3 ET46 DIA 67.10import -dshinserviceyamato 7J R18 5*114.3 ET41 DIA 67.10import -dshinserviceyamato 7J R16 5*108 ET50 DIA 63.30import -dshinserviceyamato 7J R16 5*108 ET50 DIA 63.30import -dshinserviceyamato 7J R17 5*100 ET48 DIA 56.10import -dshinserviceyamato 7J R17 5*112 ET45 DIA 57.10import -dshinserviceyamato 6J R15 4*100 ET40 DIA 56.60import -dshinserviceyamato segun 6.5J R16 5*114.3 ET46 DIA 67.10import -dshinserviceyamato segun 6.5J R16 5*108 ET50 DIA 63.30import -dshinserviceyamato segun 6.5J R16 5*114.3 ET40 DIA 66.10import -dshinserviceyamato segun 6.5J R16 5*114.3 ET50 DIA 66.10import -dshinserviceaez 9J R20 5*130 ET50 DIA 71.60import -dshinserviceaez 7.5J R17 5*120 ET34 DIA 72.60import -dshinserviceaez 8J R18 5*108 ET45 DIA 70.10import -dshinserviceaez 8J R18 5*114.3 ET45 DIA 71.60import -dshinserviceaez 8J R18 5*120 ET35 DIA 72.60import -dshinserviceyamato segun 5.5J R14 4*100 ET43 DIA 60.10import -dshinservicedotz 8J R18 5*114.3 ET45 DIA 71.60import -dshinservicedezent 6.5J R16 5*114.3 ET45 DIA 67.10import -dshinserviceyamato segun 7.5J R17 5*114.3 ET45 DIA 60.10import -dshinservicereplica h 6.5J R16 5*112 ET39.5 DIA 66.60import -dshinservicenitro 6.5J R15 4*98 ET32 DIA 58.60import -dshinserviceyamato segun 7J R17 5*108 ET50 DIA 63.30import -dshinservicedezent 8J R18 5*108 ET45 DIA 70.10import -dshinservicedezent 8J R18 5*112 ET35 DIA 70.10import -dshinserviceyamato segun 8J R18 5*120 ET30 DIA 72.60import -dshinserviceyamato segun 8J R18 5*112 ET39 DIA 66.60import -dshinserviceyamato samurai 7J R17 5*114.3 ET47 DIA 66.10import -dshinserviceyamato samurai 7J R17 5*114.3 ET45 DIA 66.10import -dshinserviceyamato samurai 7J R17 5*114.3 ET45 DIA 60.10import -dshinserviceyamato samurai 7J R17 5*114.3 ET45 DIA 73.10import -dshinserviceyamato samurai 7J R17 5*112 ET43 DIA 66.60import -dshinserviceyamato samurai 6.5J R16 5*114.3 ET46 DIA 67.10import -dshinserviceyamato samurai 7J R17 5*114.3 ET45 DIA 73.10import -dshinserviceyamato samurai 7.5J R18 5*114.3 ET48 DIA 67.10import -dshinserviceyamato samurai 6.5J R16 5*112 ET33 DIA 57.10import -dshinservicelegeartis optima 6.5J R16 5*114.3 ET45 DIA 64.10import -dshinserviceyamato segun 6.5J R16 5*114.3 ET40 DIA 66.10import -dshinservicelegeartis optima 7.5J R18 6*114.3 ET39 DIA 67.10import -dshinservicelegeartis optima 7J R17 5*114.3 ET41 DIA 67.10import -dshinservicedezent 8J R18 5*114.3 ET40 DIA 71.60import -dshinservicedezent 8J R18 5*114.3 ET45 DIA 71.60import -dshinservicedezent 8J R19 5*108 ET45 DIA 70.10import -dshinserviceyamato samurai 7.5J R19 5*108 ET50 DIA 63.30import -dshinservicetrebl 4.5J R13 4*114.3 ET45 DIA 69.10import -dshinservicetrebl 6.5J R16 5*112 ET42 DIA 57.10import -dshinservicetrebl 5J R14 5*100 ET35 DIA 57.10import -dshinservicetrebl 5.5J R14 4*100 ET35 DIA 57.10import -dshinservicetrebl 5.5J R14 4*100 ET49 DIA 56.60import -dshinservicetrebl 6J R15 4*100 ET36 DIA 60.10import -dshinservicetrebl 6J R15 5*112 ET47 DIA 57.10import -dshinservicetrebl 6J R16 5*114.3 ET50 DIA 60.10import -dshinservicetrebl 6.5J R16 5*112 ET50 DIA 57.10import -dshinservicetrebl 6J R15 4*100 ET50 DIA 60.10import -dshinservicetrebl 6J R14 5*100 ET37 DIA 57.10import -dshinservicetrebl 6J R15 4*100 ET48 DIA 54.10import -dshinservicetrebl 6J R15 4*114.3 ET45 DIA 66.10import -dshinservicetrebl 6J R15 5*110 ET35 DIA 65.10import -dshinservicetrebl 6.5J R16 5*114.3 ET51 DIA 67.10import -dshinserviceyamato samurai 8.5J R20 5*150 ET60 DIA 110.50import -dshinserviceyamato samurai 8J R18 6*139.7 ET25 DIA 106.50import -dshinserviceyamato samurai 8.5J R19 5*120 ET53 DIA 72.60import -dshinserviceyamato samurai 8.5J R19 5*112 ET56 DIA 66.60import -dshinserviceyamato samurai 9J R20 5*108 ET53 DIA 63.30import -dshinserviceyamato segun 6J R15 5*105 ET39 DIA 56.60import -dshinserviceyamato segun 6.5J R16 5*110 ET37 DIA 65.10import -dshinserviceyamato segun 6.5J R16 5*114.3 ET45 DIA 60.10import -dshinserviceyamato segun 6.5J R16 5*114.3 ET45 DIA 60.10import -dshinservicereplica h 7J R17 5*114.3 ET45 DIA 60.10import -dshinservicenitro 7J R17 5*105 ET42 DIA 56.60import -dshinservicelegeartis optima 7J R17 5*114.3 ET39 DIA 60.10import -dshinservicetrebl 5J R13 4*100 ET46 DIA 54.10import -dshinservicetrebl 5.5J R13 4*100 ET49 DIA 56.60import -dshinservicetrebl 6J R15 4*108 ET23 DIA 65.10import -dshinservicealcar stahlrad (kfz) 6.5J R16 5*112 ET46 DIA 57.10import -dshinservicetrebl 6.5J R16 5*114.3 ET50 DIA 66.10import -dshinservicelegeartis optima 7.5J R18 5*114.3 ET50 DIA 66.10import -dshinservicetrebl 6.5J R16 5*114.3 ET40 DIA 66.10import -dshinservicetrebl 6.5J R16 5*114.3 ET47 DIA 66.10import -dshinservicealcar stahlrad (kfz) 6.5J R16 5*160 ET60 DIA 65.10import -dshinservicealcar stahlrad (kfz) 6.5J R15 5*160 ET60 DIA 65.10import -dshinservicealcar stahlrad (kfz) 5.5J R14 4*100 ET45 DIA 60.10import -dshinserviceyamato samurai 7J R17 5*112 ET43 DIA 57.10import -dshinserviceyamato samurai 6.5J R16 5*105 ET39 DIA 56.60import -dshinserviceyamato samurai 7J R17 5*115 ET44 DIA 70.10import -dshinserviceyamato samurai 6.5J R16 5*114.3 ET45 DIA 60.10import -dshinservicelegeartis optima 7.5J R17 6*139.7 ET25 DIA 106.30import -dshinservicelegeartis optima 8J R20 6*139.7 ET35 DIA 77.80import -dshinservicemagnetto 6J R15 4*100 ET50 DIA 60.10import -dshinservicealcar stahlrad (kfz) 6.5J R16 6*130 ET62 DIA 84.10import -dshinservicereplica h 7J R17 5*114.3 ET39 DIA 60.10import -dshinservicereplica h 6.5J R16 5*105 ET39 DIA 56.60import -dshinserviceyamato 7J R17 5*115 ET44 DIA 70.10import -dshinservicenitro 6.5J R16 5*112 ET33 DIA 57.10import -dshinservicenitro 6.5J R16 5*114.3 ET45 DIA 60.10import -dshinservicetrebl 6.5J R16 5*108 ET50 DIA 63.30import -dshinservicelegeartis optima 6J R15 4*100 ET43 DIA 60.10import -dshinservicelegeartis optima 6.5J R16 5*114.3 ET45 DIA 60.10import -dshinservicelegeartis concept 7.5J R18 5*114.3 ET50 DIA 64.10import -dshinservicelegeartis concept 6.5J R17 5*114.3 ET40 DIA 66.10import -dshinservicelegeartis concept 7J R18 5*105 ET38 DIA 56.60import -dshinservicelegeartis concept 7J R17 5*115 ET45 DIA 70.30import -dshinservicelegeartis concept 7J R18 5*105 ET38 DIA 56.60import -dshinservicelegeartis concept 6.5J R16 5*108 ET50 DIA 63.30import -dshinservicelegeartis concept 6.5J R16 5*108 ET50 DIA 63.30import -dshinservicelegeartis concept 6.5J R16 5*108 ET50 DIA 63.30import -dshinservicelegeartis concept 6.5J R16 5*105 ET39 DIA 56.60import -dshinservicelegeartis concept 7J R17 5*120 ET41 DIA 67.10import -dshinservicelegeartis optima 6.5J R17 5*114.3 ET40 DIA 66.10import -dshinservicelegeartis concept 6.5J R16 5*112 ET50 DIA 57.10import -dshinservicelegeartis concept 6.5J R17 5*114.3 ET48 DIA 67.10import -dshinservicelegeartis concept 7J R17 5*114.3 ET50 DIA 67.10import -dshinservicelegeartis concept 6.5J R15 4*100 ET40 DIA 56.60import -dshinservicelegeartis concept 6.5J R16 5*114.3 ET51 DIA 67.10import -dshinservicelegeartis concept 6.5J R16 5*105 ET39 DIA 56.60import -dshinservicenitro 7J R17 5*114.3 ET39 DIA 60.10import -dshinservicetrebl 6J R15 5*139.7 ET35 DIA 98.60import -dshinservicetrebl 6J R15 5*139.7 ET48 DIA 98.60import -dshinservicetrebl 6J R15 4*100 ET40 DIA 56.60import -dshinserviceyamato 7J R17 5*114.3 ET39 DIA 60.10import -dshinserviceyamato 7J R17 5*114.3 ET39 DIA 60.10import -dshinserviceyamato 7J R17 5*114.3 ET39 DIA 60.10import -dshinserviceyamato 7J R17 5*114.3 ET39 DIA 60.10import -dshinserviceyamato 7J R17 5*114.3 ET39 DIA 60.10import -dshinserviceyamato 7J R17 5*114.3 ET39 DIA 60.10import -dshinservicereplica os 7.5J R17 5*120 ET45 DIA 64.10import -dshinserviceyamato 7.5J R18 5*115 ET45 DIA 70.10import -dshinserviceyamato 7J R17 5*112 ET45 DIA 57.10import -dshinservicereplica h 7J R17 5*114.3 ET60 DIA 67.10import -dshinservicenitro 6.5J R16 5*114.3 ET50 DIA 66.10import -dshinservicenitro 6.5J R16 5*114.3 ET45 DIA 60.10import -dshinservicealcar stahlrad (kfz) 7J R16 5*108 ET42 DIA 65.10import -dshinservicenitro 7.5J R17 5*114.3 ET39 DIA 60.10import -dshinservicenitro 7J R17 5*114.3 ET39 DIA 60.10import -dshinservicetrebl 6.5J R16 5*139.7 ET40 DIA 108.60import -dshinservicelegeartis concept 6.5J R16 5*114.3 ET40 DIA 66.10import -dshinservicelegeartis concept 7.5J R18 5*114.3 ET50 DIA 66.10import -dshinservicelegeartis optima 5.5J R15 4*100 ET36 DIA 60.10import -dshinservicelegeartis concept 6.5J R16 5*105 ET39 DIA 56.60import -dshinservicereplay 6.5J R17 5*114.3 ET35 DIA 60.10import -dshinservicelegeartis optima 9J R20 5*130 ET59 DIA 71.60import -dshinserviceyamato samurai 7.5J R17 5*114.3 ET39 DIA 60.10import -dshinserviceyamato samurai 7J R17 5*114.3 ET39 DIA 60.10import -dshinserviceyamato samurai 7J R17 5*114.3 ET39 DIA 60.10import -dshinservicereplica h 6.5J R16 5*112 ET46 DIA 57.10import -dshinservicelegeartis concept 6.5J R16 5*114.3 ET51 DIA 67.10import -dshinservicelegeartis concept 6.5J R16 5*114.3 ET45 DIA 60.10import -dshinservicelegeartis optima 7.5J R17 5*112 ET47 DIA 66.60import -dshinservicelegeartis concept 6.5J R16 5*114.3 ET45 DIA 67.10import -dshinservicelegeartis concept 8.5J R19 5*120 ET45 DIA 67.10import -dshinservicelegeartis concept 8J R19 5*115 ET36 DIA 70.10import -dshinservicelegeartis concept 6.5J R16 5*114.3 ET45 DIA 60.10import -dshinservicelegeartis optima 7.5J R19 5*114.3 ET50 DIA 67.10import -dshinservicelegeartis concept 7J R17 5*114.3 ET39 DIA 60.10import -dshinservicelegeartis concept 7J R17 5*114.3 ET39 DIA 60.10import -dshinserviceyamato segun 7.5J R17 5*105 ET42 DIA 56.60import -dshinservicenitro 6J R15 5*105 ET39 DIA 56.60import -dshinservicereplica h 6J R15 5*100 ET40 DIA 57.10import -dshinservicelegeartis concept 7.5J R17 5*108 ET52.5 DIA 63.30import -dshinservicelegeartis optima 7J R17 5*114.3 ET48 DIA 67.10import -dshinservicelegeartis optima 7J R17 5*108 ET50 DIA 63.30import -dshinservicelegeartis concept 6.5J R16 5*108 ET50 DIA 63.30import -dshinserviceaez 10J R21 5*130 ET45 DIA 71.60import -dshinservicedezent 6.5J R16 4*100 ET35 DIA 60.10import -dshinservicelegeartis concept 6.5J R16 5*114.3 ET38 DIA 67.10import -dshinservicelegeartis optima 6.5J R16 5*114.3 ET38 DIA 67.10import -dshinservicelegeartis optima 6.5J R16 5*120 ET51 DIA 65.10import -dshinservicelegeartis concept 6.5J R16 5*114.3 ET47 DIA 66.10import -dshinservicealcar stahlrad (kfz) 6.5J R16 5*112 ET43 DIA 57.10import -dshinservicelegeartis concept 8.5J R17 5*112 ET58 DIA 66.60import -dshinservicelegeartis concept 6.5J R16 5*114.3 ET46 DIA 67.10import -dshinservicelegeartis concept 7.5J R18 5*115 ET41 DIA 70.10import -dshinservicelegeartis concept 7J R17 5*108 ET46 DIA 65.10import -dshinservicelegeartis concept 6.5J R17 5*114.3 ET38 DIA 67.10import -dshinservicelegeartis concept 7J R16 4*108 ET32 DIA 65.10import -dshinservicelegeartis concept 8.5J R20 5*120 ET45 DIA 67.10import -dshinservicelegeartis concept 6.5J R16 5*100 ET48 DIA 56.10import -dshinservicelegeartis concept 6.5J R16 5*112 ET39 DIA 66.60import -dshinservicelegeartis concept 7.5J R17 5*112 ET47 DIA 66.60import -dshinservicelegeartis concept 8.5J R19 5*120 ET45 DIA 67.10import -dshinservicelegeartis concept 7J R17 5*114.3 ET39 DIA 60.10import -dshinservicedotz 7J R17 5*100 ET38 DIA 60.10import -dshinservicelegeartis concept 6.5J R16 5*114.3 ET51 DIA 67.10import -dshinservicelegeartis concept 6.5J R16 5*114.3 ET45 DIA 60.10import -dshinservicelegeartis concept 6.5J R16 5*114.3 ET40 DIA 66.10import -dshinservicelegeartis concept 7J R17 5*114.3 ET45 DIA 66.10import -dshinservicelegeartis concept 7J R18 5*105 ET38 DIA 56.60import -dshinservicetrebl 6.5J R16 6*130 ET62 DIA 84.10import -dshinservicelegeartis concept 6.5J R16 5*114.3 ET46 DIA 67.10import -dshinservicetrebl 5J R13 4*98 ET40 DIA 58.60import -dshinservicetrebl 6.5J R16 5*112 ET46 DIA 57.10import -dshinservicelegeartis optima 7J R17 5*114.3 ET47 DIA 67.10import -dshinservicelegeartis optima 7J R17 5*114.3 ET48 DIA 67.10import -dshinservicelegeartis optima 6.5J R16 5*112 ET33 DIA 57.10import -dshinservicelegeartis optima 6J R15 4*100 ET50 DIA 60.10import -dshinservicelegeartis optima 7J R16 5*114.3 ET47 DIA 66.10import -dshinservicelegeartis optima 7.5J R17 5*120 ET55 DIA 65.10import -dshinservicelegeartis optima 8J R17 5*150 ET60 DIA 110.30import -dshinservicelegeartis optima 7J R15 6*139.7 ET30 DIA 106.10import -dshinservicelegeartis concept 6.5J R16 5*114.3 ET38 DIA 67.10import -dshinservicelegeartis optima 7J R17 5*114.3 ET45 DIA 60.10import -dshinservicelegeartis concept 7J R17 5*114.3 ET40 DIA 66.10import -dshinservicelegeartis concept 7J R17 5*114.3 ET39 DIA 60.10import -dshinservicelegeartis optima 8J R17 5*150 ET60 DIA 110.30import -dshinservicelegeartis optima 8J R17 5*150 ET60 DIA 110.10import -dshinservicelegeartis optima 8J R17 5*150 ET60 DIA 110.30import -dshinservicelegeartis optima 8J R17 5*150 ET60 DIA 110.30import -dshinservicelegeartis optima 8J R18 5*150 ET60 DIA 110.10import -dshinservicelegeartis optima 8.5J R20 5*150 ET60 DIA 110.10import -dshinservicelegeartis optima 7J R17 6*139.7 ET38 DIA 100.10import -dshinservicelegeartis optima 7J R17 5*114.3 ET50 DIA 67.10import -dshinservicealcar stahlrad (kfz) 6.5J R16 5*127 ET40 DIA 71.50import -dshinservicealcar stahlrad (kfz) 6.5J R15 5*108 ET42 DIA 65.10import -dshinservicealcar stahlrad (kfz) 6.5J R16 5*108 ET47 DIA 65.10import -dshinservicemak 8J R18 5*112 ET39 DIA 66.45import -dshinservicetrebl 7J R17 5*114.3 ET39 DIA 60.10import -dshinservicelegeartis optima 7J R17 5*114.3 ET45 DIA 66.10import -dshinservicelegeartis optima 9J R19 5*120 ET48 DIA 74.10import -dshinservicelegeartis optima 6.5J R16 5*120 ET62 DIA 65.10import -dshinservicelegeartis optima 8.5J R19 5*130 ET48 DIA 84.10import -dshinservicelegeartis concept 7J R18 5*105 ET38 DIA 56.60import -dshinservicedezent 8J R18 5*114.3 ET45 DIA 71.60import -dshinservicedezent 8J R18 5*120 ET35 DIA 72.60import -dshinservicelegeartis optima 6J R15 5*100 ET38 DIA 57.10import -dshinservicelegeartis concept 7.5J R18 6*139.7 ET25 DIA 106.30import -dshinservicelegeartis optima 7J R17 5*114.3 ET48 DIA 67.10import -dshinservicelegeartis optima 7J R17 5*114.3 ET39 DIA 60.10import -dshinservicelegeartis optima 6.5J R16 5*120 ET51 DIA 65.10import -dshinservicelegeartis optima 6.5J R16 5*120 ET51 DIA 65.10import -dshinservicelegeartis optima 6.5J R16 5*112 ET48 DIA 57.10import -dshinservicetrebl 7J R17 5*114.3 ET50 DIA 64.10import -dshinservicelegeartis optima 7J R17 5*114.3 ET48 DIA 67.10import -dshinservicelegeartis optima 7.5J R17 6*139.7 ET38 DIA 67.10import -dshinservicelegeartis optima 8J R18 5*114.3 ET44 DIA 63.30import -dshinservicelegeartis optima 8J R18 5*114.3 ET44 DIA 63.30import -dshinservicelegeartis optima 8J R18 5*114.3 ET44 DIA 63.30import -dshinservicelegeartis optima 8J R18 5*114.3 ET44 DIA 63.30import -dshinservicelegeartis optima 8J R18 5*114.3 ET44 DIA 63.30import -dshinservicelegeartis optima 8.5J R20 5*114.3 ET44 DIA 63.30import -dshinservicedezent 6.5J R16 5*105 ET38 DIA 56.60import -dshinserviceyamato 7J R18 5*114.3 ET41 DIA 67.10import -dshinserviceyamato 7J R16 5*114.3 ET45 DIA 73.10import -dshinservicenitro 6.5J R16 5*114.3 ET38 DIA 67.10import -dshinservicenitro 6.5J R16 5*112 ET39 DIA 66.60import -dshinserviceyamato 7.5J R18 5*100 ET45 DIA 73.10import -dshinservicelegeartis optima 7.5J R19 5*114.3 ET35 DIA 60.10import -dshinservicereplay 8.5J R20 5*120 ET47 DIA 72.60import -dshinservicelegeartis concept 7.5J R17 5*120 ET37 DIA 72.60import -dshinservicelegeartis concept 8J R18 5*120 ET43 DIA 72.60import -dshinservicelegeartis concept 7.5J R18 5*112 ET47 DIA 66.60import -dshinservicelegeartis concept 7.5J R18 5*112 ET47 DIA 66.60import -dshinservicelegeartis optima 8J R18 5*130 ET53 DIA 71.60import -dshinservicetrebl 7J R17 5*114.3 ET45 DIA 60.10import -dshinservicetrebl 6J R15 4*98 ET35 DIA 58.60import -dshinservicereplay 9J R19 5*120 ET48 DIA 74.10import -dshinservicereplay 6J R15 5*112 ET47 DIA 57.10import -dshinservicelegeartis concept 11J R20 5*120 ET37 DIA 72.60import -dshinservicelegeartis optima 8J R20 5*127 ET56 DIA 71.60import -dshinservicelegeartis optima 8J R20 5*127 ET56 DIA 71.60import -dshinservicelegeartis optima 7J R17 5*114.3 ET47 DIA 67.10import -dshinservicelegeartis optima 6.5J R16 5*114.3 ET45 DIA 60.10import -dshinservicelegeartis concept 7J R18 5*105 ET38 DIA 56.60import -dshinservicelegeartis optima 8J R18 5*114.3 ET47 DIA 66.10import -dshinservicelegeartis concept 8J R20 5*114.3 ET50 DIA 66.10import -dshinservicelegeartis concept 7J R17 5*112 ET40 DIA 57.10import -dshinservicelegeartis concept 7J R17 5*112 ET40 DIA 57.10import -dshinservicelegeartis optima 8.5J R19 5*120 ET45 DIA 67.10import -dshinservicetrebl 6.5J R16 4*108 ET23 DIA 65.10import -dshinservicelegeartis optima 6.5J R18 5*114.3 ET48 DIA 67.10import -dshinservicelegeartis optima 7.5J R18 6*139.7 ET46 DIA 67.10import -dshinservicelegeartis optima 7.5J R18 6*139.7 ET46 DIA 67.10import -dshinservicelegeartis concept 6.5J R16 5*114.3 ET38 DIA 67.10import -dshinservicelegeartis concept 7.5J R18 5*114.3 ET45 DIA 60.10import -dshinservicelegeartis optima 7.5J R18 6*139.7 ET46 DIA 67.10import -dshinservicelegeartis optima 10J R20 5*120 ET40 DIA 74.10import -dshinservicelegeartis optima 8J R20 5*127 ET56 DIA 71.60import -dshinservicelegeartis optima 8.5J R20 5*120 ET58 DIA 72.60import -dshinservicelegeartis optima 9.5J R20 5*130 ET53 DIA 71.60import -dshinserviceyamato segun 6.5J R16 5*114.3 ET43 DIA 67.10import -dshinservicetrebl 7J R17 5*100 ET48 DIA 56.10import -dshinservicereplica h 7J R16 4*108 ET32 DIA 65.10import -dshinservicelegeartis concept 8J R17 5*120 ET43 DIA 72.60import -dshinservicelegeartis concept 9J R19 5*120 ET48 DIA 74.10import -dshinservicelegeartis concept 6.5J R17 5*114.3 ET40 DIA 66.10import -dshinservicelegeartis optima 8J R20 5*114.3 ET50 DIA 66.10import -dshinservicereplica h 6J R15 5*112 ET43 DIA 57.10import -dshinservicedotz 8J R18 5*120 ET35 DIA 72.60import -dshinservicelegeartis optima 8J R20 5*114.3 ET50 DIA 66.10import -dshinservicelegeartis optima 8J R20 5*114.3 ET50 DIA 66.10import -dshinservicelegeartis optima 7J R16 6*139.7 ET38 DIA 67.10import -dshinservicelegeartis concept 9J R20 5*112 ET29 DIA 66.60import -dshinservicelegeartis optima 8J R19 5*120 ET53 DIA 72.60import -dshinservicelegeartis concept 8J R20 5*108 ET45 DIA 63.30import -dshinservicelegeartis optima 8J R19 5*108 ET45 DIA 63.30import -dshinserviceyamato 6.5J R16 5*112 ET46 DIA 57.10import -dshinservicetrebl 6.5J R16 5*130 ET43 DIA 84.10import -dshinserviceкик 6.5J R17 5*114.3 ET48 DIA 67.10import -dshinserviceкик 6.5J R16 5*114.3 ET50 DIA 66.10import -dshinserviceкик 6.5J R16 5*114.3 ET50 DIA 66.10import -dshinservicenitro 6.5J R16 5*105 ET39 DIA 56.60import -dshinservicetrebl 7J R16 4*108 ET32 DIA 65.10import -dshinservicelegeartis optima 8J R18 5*130 ET53 DIA 71.60import -dshinservicetrebl 7J R17 6*139.7 ET38 DIA 100.10import -dshinservicelegeartis concept 7J R17 5*114.3 ET45 DIA 60.10import -dshinservicelegeartis concept 6.5J R16 5*112 ET49 DIA 66.60import -dshinservicelegeartis optima 8J R18 5*112 ET21 DIA 66.60import -dshinservicelegeartis optima 8J R18 5*112 ET21 DIA 66.60import -dshinservicelegeartis optima 9J R18 5*112 ET26 DIA 66.60import -dshinservicelegeartis optima 9J R18 5*112 ET26 DIA 66.60import -dshinservicelegeartis optima 8J R18 5*112 ET21 DIA 66.60import -dshinservicelegeartis optima 9J R18 5*112 ET26 DIA 66.60import -dshinservicelegeartis optima 8J R17 5*112 ET39 DIA 66.60import -dshinservicen2o 6J R15 4*100 ET48 DIA 54.10import -dshinservicen2o 6J R15 4*100 ET50 DIA 60.10import -dshinservicen2o 6J R15 4*100 ET50 DIA 60.10import -dshinservicen2o 6J R15 5*100 ET40 DIA 57.10import -dshinservicen2o 7J R17 5*114.3 ET45 DIA 66.10import -dshinservicen2o 7J R16 4*108 ET32 DIA 65.10import -dshinservicen2o 6J R14 4*100 ET42 DIA 73.10import -dshinservicen2o 6J R14 4*98 ET38 DIA 58.60import -dshinservicen2o 7J R16 5*112 ET43 DIA 66.60import -dshinservicen2o 6J R14 4*98 ET35 DIA 58.60import -dshinservicen2o 6.5J R16 5*112 ET46 DIA 57.10import -dshinservicen2o 6J R15 4*114.3 ET40 DIA 66.10import -dshinservicen2o 5.5J R14 4*100 ET38 DIA 73.10import -dshinservicen2o 6.5J R16 5*112 ET46 DIA 57.10import -dshinservicen2o 6J R15 5*100 ET40 DIA 57.10import -dshinservicen2o 7J R17 5*114.3 ET35 DIA 67.10import -dshinservicen2o 7J R17 5*114.3 ET50 DIA 67.10import -dshinservicen2o 6.5J R15 5*114.3 ET40 DIA 73.10import -dshinservicen2o 6.5J R16 5*114.3 ET45 DIA 67.10import -dshinservicen2o 6J R14 4*100 ET35 DIA 73.10import -dshinservicen2o 6J R14 4*100 ET35 DIA 73.10import -dshinservicen2o 6J R14 4*100 ET35 DIA 73.10import -dshinservicen2o 6J R14 4*98 ET35 DIA 58.60import -dshinservicen2o 6.5J R15 4*100 ET40 DIA 73.10import -dshinservicen2o 7J R16 5*100 ET40 DIA 73.10import -dshinservicen2o 7J R16 4*108 ET32 DIA 65.10import -dshinservicen2o 7J R16 4*108 ET32 DIA 65.10import -dshinservicen2o 6J R15 4*100 ET50 DIA 60.10import -dshinservicen2o 6.5J R17 5*114.3 ET48 DIA 67.10import -dshinservicen2o 7J R16 5*108 ET50 DIA 63.30import -dshinservicen2o 6.5J R15 4*100 ET45 DIA 73.10import -dshinservicen2o 6.5J R15 4*100 ET45 DIA 73.10import -dshinservicen2o 6.5J R16 4*100 ET45 DIA 73.10import -dshinservicen2o 6J R15 4*100 ET48 DIA 54.10import -dshinservicen2o 6.5J R15 4*98 ET32 DIA 58.60import -dshinservicen2o 6J R15 4*114.3 ET44 DIA 56.60import -dshinservicen2o 5.5J R14 4*100 ET46 DIA 54.10import -dshinservicen2o 5.5J R14 4*100 ET39 DIA 56.60import -dshinservicen2o 6.5J R15 4*100 ET40 DIA 73.10import -dshinservicen2o 6J R15 4*100 ET50 DIA 60.10import -dshinservicen2o 6J R15 5*139.7 ET0 DIA 108.50import -dshinservicen2o 6J R14 4*98 ET35 DIA 58.60import -dshinservicen2o 6J R15 4*100 ET50 DIA 60.10import -dshinservicen2o 6.5J R15 5*100 ET38 DIA 57.10import -dshinservicen2o 6.5J R16 5*114.3 ET46 DIA 67.10import -dshinservicen2o 6.5J R16 5*114.3 ET50 DIA 66.10import -dshinservicen2o 6J R15 4*100 ET50 DIA 60.10import -dshinservicen2o 6J R15 5*112 ET47 DIA 57.10import -dshinservicen2o 7J R17 5*114.3 ET50 DIA 67.10import -dshinservicen2o 6.5J R16 5*105 ET38 DIA 56.60import -dshinservicen2o 6J R15 4*100 ET40 DIA 56.60import -dshinservicen2o 6J R15 4*100 ET48 DIA 54.10import -dshinservicen2o 6.5J R16 5*114.3 ET46 DIA 67.10import -dshinservicen2o 6J R15 4*100 ET45 DIA 56.60import -dshinservicen2o 6J R15 4*100 ET48 DIA 54.10import -dshinservicen2o 6J R15 4*114.3 ET44 DIA 56.60import -dshinservicen2o 6.5J R16 5*114.3 ET50 DIA 67.10import -dshinservicen2o 6J R14 4*98 ET35 DIA 58.60import -dshinservicen2o 6J R14 4*98 ET35 DIA 58.60import -dshinservicen2o 7J R17 5*115 ET44 DIA 70.10import -dshinservicen2o 5.5J R13 4*98 ET35 DIA 58.60import -dshinservicen2o 6J R15 4*100 ET48 DIA 54.10import -dshinservicen2o 7J R16 4*108 ET32 DIA 65.10import -dshinservicen2o 7J R16 4*108 ET32 DIA 65.10import -dshinservicen2o 6J R15 4*100 ET48 DIA 54.10import -dshinservicen2o 6J R15 4*100 ET50 DIA 60.10import -dshinservicen2o 6J R14 4*100 ET38 DIA 73.10import -dshinservicen2o 6J R14 4*108 ET38 DIA 73.10import -dshinservicen2o 6J R14 4*98 ET35 DIA 58.60import -dshinservicen2o 6J R14 4*98 ET35 DIA 58.60import -dshinservicen2o 6.5J R16 5*112 ET45 DIA 57.10import -dshinservicen2o 6J R15 4*100 ET48 DIA 54.10import -dshinservicen2o 6J R15 4*100 ET49 DIA 60.10import -dshinservicen2o 6J R15 4*100 ET45 DIA 54.10import -dshinservicen2o 6J R15 4*100 ET45 DIA 54.10import -dshinservicen2o 6J R14 4*98 ET35 DIA 58.60import -dshinservicen2o 7J R16 5*112 ET39 DIA 66.60import -dshinservicemak 9.5J R19 5*120 ET20 DIA 72.60import -dshinservicen2o 6J R15 4*100 ET48 DIA 54.10import -dshinservicen2o 6J R15 4*108 ET52.5 DIA 63.30import -dshinserviceoz racing 8J R17 5*100 ET35 DIA 0.00import -dshinservicemak 8.5J R19 5*120 ET20 DIA 72.60import -dshinservicen2o 7.5J R17 5*114.3 ET39 DIA 60.10import -dshinservicen2o 5.5J R13 4*100 ET35 DIA 73.10import -dshinservicen2o 6.5J R15 5*114.3 ET40 DIA 73.10import -dshinservicen2o 7J R16 5*120 ET34 DIA 72.60import -dshinservicen2o 5.5J R13 4*98 ET35 DIA 58.60import -dshinservicen2o 7J R16 4*108 ET32 DIA 65.10import -dshinservicen2o 6.5J R16 5*114.3 ET40 DIA 66.10import -dshinservicen2o 6.5J R16 5*114.3 ET41 DIA 67.10import -dshinservicen2o 6.5J R16 5*114.3 ET45 DIA 60.10import -dshinservicen2o 6J R15 4*100 ET48 DIA 54.10import -dshinservicen2o 6J R15 4*100 ET48 DIA 54.10import -dshinservicen2o 6.5J R16 5*114.3 ET40 DIA 66.10import -dshinservicen2o 5.5J R14 4*100 ET43 DIA 60.10import -dshinservicen2o 6.5J R15 5*100 ET38 DIA 57.10import -dshinservicen2o 6.5J R15 4*98 ET32 DIA 58.60import -dshinservicen2o 6.5J R15 4*98 ET25 DIA 58.60import -dshinservicen2o 6.5J R15 5*100 ET38 DIA 73.10import -dshinservicen2o 6.5J R15 4*100 ET45 DIA 73.10import -dshinservicen2o 7.5J R17 5*114.3 ET39 DIA 60.10import -dshinservicen2o 7.5J R17 5*114.3 ET39 DIA 60.10import -dshinservicen2o 6J R15 4*100 ET50 DIA 60.10import -dshinservicen2o 5.5J R15 4*100 ET45 DIA 60.10import -dshinservicen2o 7.5J R17 5*112 ET45 DIA 57.10import -dshinservicen2o 5.5J R13 4*98 ET35 DIA 58.60import -dshinservicen2o 6J R15 4*100 ET50 DIA 60.10import -dshinservicen2o 7J R17 5*114.3 ET50 DIA 67.10import -dshinservicen2o 6.5J R16 5*114.3 ET46 DIA 67.10import -dshinservicen2o 6.5J R16 5*114.3 ET40 DIA 66.10import -dshinservicen2o 7.5J R17 5*114.3 ET45 DIA 73.10import -dshinserviceyamato segun 6.5J R16 5*112 ET46 DIA 57.10import -dshinserviceyamato segun 6.5J R16 5*112 ET46 DIA 57.10import -dshinservicelegeartis optima 6.5J R16 5*114.3 ET45 DIA 60.10import -dshinservicen2o 6J R15 4*108 ET50 DIA 63.30import -dshinserviceaez 8J R17 5*108 ET48 DIA 70.10import -dshinserviceaez 8J R17 5*114.3 ET38 DIA 71.60import -dshinserviceaez 8J R17 5*114.3 ET48 DIA 71.60import -dshinservicelegeartis optima 7.5J R18 5*114.3 ET48 DIA 67.10import -dshinservicerplc 7.5J R18 5*114.3 ET40 DIA 66.10import -dshinservicerplc 6.5J R16 5*114.3 ET50 DIA 66.10import -dshinservicerplc 6.5J R16 5*114.3 ET45 DIA 60.10import -dshinservicerplc 5.5J R15 4*100 ET45 DIA 60.10import -dshinservicelegeartis optima 7.5J R18 5*114.3 ET50 DIA 67.10import -dshinservicetrebl 6J R15 4*100 ET40 DIA 60.10import -dshinservicelegeartis concept 7J R18 5*114.3 ET48 DIA 67.10import -dshinservicelegeartis optima 8J R18 5*114.3 ET45 DIA 60.10import -dshinservicelegeartis optima 6.5J R16 5*114.3 ET40 DIA 66.10import -dshinservicen2o 6J R14 4*98 ET35 DIA 58.60import -dshinservicen2o 5.5J R14 4*100 ET45 DIA 56.60import -dshinservicen2o 6J R14 4*100 ET43 DIA 60.10import -dshinservicen2o 5.5J R14 4*98 ET35 DIA 58.60import -dshinservicen2o 6J R15 4*100 ET40 DIA 56.60import -dshinservicen2o 6.5J R15 5*139.7 ET40 DIA 98.60import -dshinservicen2o 6.5J R15 5*114.3 ET40 DIA 73.10import -dshinservicen2o 6J R15 4*100 ET48 DIA 54.10import -dshinservicen2o 6.5J R15 4*114.3 ET38 DIA 73.10import -dshinservicen2o 6.5J R15 4*100 ET40 DIA 73.10import -dshinservicen2o 7J R16 5*114.3 ET40 DIA 66.10import -dshinservicen2o 6.5J R16 5*114.3 ET46 DIA 67.10import -dshinservicen2o 6.5J R16 5*139.7 ET40 DIA 98.60import -dshinservicen2o 6.5J R16 5*114.3 ET46 DIA 67.10import -dshinservicen2o 6.5J R16 5*114.3 ET45 DIA 73.10import -dshinservicen2o 6.5J R16 5*139.7 ET40 DIA 98.60import -dshinservicen2o 7J R16 4*108 ET32 DIA 65.10import -dshinservicen2o 7J R16 5*114.3 ET40 DIA 73.10import -dshinservicen2o 7J R16 5*112 ET45 DIA 57.10import -dshinservicen2o 7.5J R17 5*112 ET43 DIA 57.10import -dshinservicen2o 7J R17 5*114.3 ET39 DIA 60.10import -dshinservicen2o 7.5J R18 5*114.3 ET50 DIA 66.10import -dshinservicelegeartis concept 7J R18 5*114.3 ET42 DIA 60.10import -dshinservicelegeartis optima 6.5J R16 5*114.3 ET45 DIA 60.10import -dshinservicelegeartis optima 6.5J R16 5*114.3 ET45 DIA 60.10import -dshinservicelegeartis optima 6.5J R16 5*114.3 ET45 DIA 60.10import -dshinservicelegeartis optima 7J R18 5*114.3 ET42 DIA 60.10import -dshinservicen2o 6J R14 4*100 ET38 DIA 73.10import -dshinservicen2o 6J R14 4*98 ET35 DIA 58.60import -dshinservicen2o 5.5J R14 5*100 ET35 DIA 57.10import -dshinservicen2o 5.5J R14 4*100 ET43 DIA 60.10import -dshinservicen2o 5.5J R14 4*100 ET45 DIA 56.60import -dshinservicen2o 6J R14 4*98 ET35 DIA 58.60import -dshinservicen2o 6.5J R15 4*114.3 ET38 DIA 73.10import -dshinservicen2o 6.5J R15 5*114.3 ET38 DIA 73.10import -dshinservicen2o 6.5J R15 5*114.3 ET40 DIA 73.10import -dshinservicen2o 6J R15 4*100 ET49 DIA 60.10import -dshinservicen2o 6.5J R15 5*100 ET38 DIA 57.10import -dshinservicen2o 6J R15 4*100 ET49 DIA 60.10import -dshinservicen2o 6.5J R15 5*139.7 ET40 DIA 98.60import -dshinservicen2o 6.5J R16 5*100 ET45 DIA 73.10import -dshinservicen2o 6.5J R16 5*114.3 ET45 DIA 60.10import -dshinservicen2o 6.5J R16 5*100 ET48 DIA 56.10import -dshinservicen2o 6.5J R16 5*114.3 ET45 DIA 60.10import -dshinservicen2o 7J R16 4*108 ET32 DIA 65.10import -dshinservicen2o 6.5J R16 5*114.3 ET50 DIA 66.10import -dshinservicelegeartis optima 7J R16 5*112 ET45 DIA 57.10import -dshinservicelegeartis optima 8J R18 5*112 ET44 DIA 57.10import -dshinservicelegeartis optima 7J R17 5*112 ET43 DIA 57.10import -dshinservicelegeartis optima 6.5J R16 5*112 ET50 DIA 57.10import -dshinservicen2o 6.5J R15 5*114.3 ET45 DIA 73.10import -dshinservicen2o 6J R15 4*114.3 ET40 DIA 73.10import -dshinservicen2o 6.5J R16 5*114.3 ET45 DIA 73.10import -dshinservicen2o 6J R15 4*100 ET50 DIA 60.10import -dshinservicen2o 6J R14 4*100 ET43 DIA 60.10import -dshinservicen2o 6.5J R15 4*100 ET40 DIA 73.10import -dshinservicen2o 6.5J R15 5*108 ET38 DIA 73.10import -dshinservicen2o 6J R15 5*100 ET40 DIA 57.10import -dshinservicen2o 6.5J R16 5*114.3 ET46 DIA 67.10import -dshinservicen2o 4.5J R14 4*100 ET43.5 DIA 56.60import -dshinservicen2o 6J R15 5*139.7 ET0 DIA 98.60import -dshinservicen2o 6J R14 4*100 ET43 DIA 60.10import -dshinservicen2o 6J R14 4*100 ET45 DIA 73.10import -dshinservicen2o 6J R14 4*100 ET42 DIA 73.10import -dshinservicen2o 6J R15 4*100 ET48 DIA 54.10import -dshinservicen2o 6.5J R15 4*114.3 ET40 DIA 73.10import -dshinservicen2o 6J R15 5*100 ET38 DIA 57.10import -dshinservicen2o 7.5J R18 5*114.3 ET49.5 DIA 67.10import -dshinservicen2o 7J R17 5*108 ET50 DIA 63.30import -dshinservicen2o 7J R16 5*114.3 ET42 DIA 73.10import -dshinservicen2o 6.5J R16 5*114.3 ET50 DIA 67.10import -dshinservicelegeartis optima 7.5J R18 6*114.3 ET39 DIA 67.10import -dshinservicelegeartis optima 6.5J R16 5*114.3 ET47 DIA 66.10import -dshinservicelegeartis optima 6.5J R16 5*114.3 ET47 DIA 66.10import -dshinservicelegeartis optima 9J R20 5*120 ET53 DIA 72.60import -dshinservicen2o 6.5J R15 5*100 ET38 DIA 57.10import -dshinservicen2o 6.5J R16 5*112 ET45 DIA 57.10import -dshinservicen2o 6.5J R16 5*114.3 ET43 DIA 67.10import -dshinservicen2o 6.5J R16 5*114.3 ET45 DIA 60.10import -dshinservicen2o 6J R15 4*100 ET48 DIA 54.10import -dshinservicen2o 6J R15 4*100 ET49 DIA 60.10import -dshinservicen2o 7J R16 5*100 ET40 DIA 73.10import -dshinservicen2o 7J R16 5*114.3 ET40 DIA 73.10import -dshinservicen2o 7J R17 5*114.3 ET47 DIA 66.10import -dshinservicen2o 6.5J R16 5*112 ET33 DIA 57.10import -dshinservicen2o 6.5J R16 5*112 ET43 DIA 66.60import -dshinservicen2o 6J R15 4*114.3 ET45 DIA 73.10import -dshinservicen2o 6.5J R15 5*139.7 ET40 DIA 98.60import -dshinservicen2o 6.5J R16 5*114.3 ET50 DIA 66.10import -dshinservicen2o 7J R17 5*114.3 ET40 DIA 73.10import -dshinservicen2o 6.5J R15 5*112 ET38 DIA 73.10import -dshinservicen2o 6J R14 4*114.3 ET38 DIA 73.10import -dshinservicen2o 6.5J R16 5*114.3 ET45 DIA 73.10import -dshinservicen2o 6.5J R16 5*139.7 ET40 DIA 98.60import -dshinservicen2o 6.5J R16 5*139.7 ET40 DIA 98.60import -dshinservicen2o 6.5J R15 5*114.3 ET40 DIA 73.10import -dshinservicen2o 6.5J R16 5*114.3 ET50 DIA 66.10import -dshinservicen2o 6J R15 5*108 ET40 DIA 73.10import -dshinservicen2o 6J R14 4*100 ET43 DIA 60.10import -dshinservicen2o 6J R14 5*100 ET35 DIA 57.10import -dshinservicen2o 6J R14 4*98 ET35 DIA 58.60import -dshinservicen2o 7J R17 5*108 ET50 DIA 63.30import -dshinservicen2o 6.5J R16 5*114.3 ET46 DIA 67.10import -dshinservicen2o 6.5J R16 5*114.3 ET50 DIA 67.10import -dshinservicen2o 6.5J R16 5*114.3 ET45 DIA 60.10import -dshinservicen2o 6.5J R15 5*100 ET38 DIA 57.10import -dshinservicen2o 6J R14 4*114.3 ET35 DIA 73.10import -dshinservicen2o 4.5J R13 4*114.3 ET45 DIA 69.10import -dshinservicen2o 6.5J R16 5*139.7 ET40 DIA 98.60import -dshinservicen2o 7J R16 4*114.3 ET40 DIA 73.10import -dshinservicen2o 6.5J R15 4*114.3 ET40 DIA 73.10import -dshinservicen2o 7.5J R17 5*120 ET34 DIA 72.60import -dshinservicen2o 8J R18 6*139.7 ET38 DIA 67.10import -dshinservicelegeartis concept 6.5J R16 5*112 ET33 DIA 57.10import -dshinservicerplc 6J R15 5*100 ET40 DIA 57.10import -dshinservicerplc 7.5J R17 5*108 ET52.5 DIA 63.30import -dshinservicerplc 6.5J R16 5*114.3 ET46 DIA 67.10import -dshinservicerplc 6.5J R17 5*114.3 ET48 DIA 67.10import -dshinservicerplc 7J R17 5*114.3 ET41 DIA 67.10import -dshinservicerplc 7.5J R18 6*139.7 ET25 DIA 106.10import -dshinservicen2o 6.5J R15 5*108 ET38 DIA 73.10import -dshinservicen2o 6J R15 4*100 ET48 DIA 54.10import -dshinservicerplc 7J R17 5*114.3 ET45 DIA 60.10import -dshinservicerplc 7.5J R18 5*114.3 ET50 DIA 66.10import -dshinservicen2o 6J R15 4*100 ET48 DIA 54.10import -dshinservicen2o 6J R15 4*100 ET48 DIA 54.10import -dshinservicen2o 6J R14 4*100 ET35 DIA 73.10import -dshinservicerplc 6J R15 4*100 ET48 DIA 54.10import -dshinservicerplc 8.5J R18 5*150 ET60 DIA 110.50import -dshinservicerplc 8J R18 5*112 ET39 DIA 66.50import -dshinservicerplc 6.5J R16 5*114.3 ET46 DIA 67.10import -dshinservicerplc 6.5J R16 5*114.3 ET46 DIA 67.10import -dshinservicerplc 7J R18 5*114.3 ET38 DIA 67.10import -dshinservicerplc 6.5J R16 5*114.3 ET38 DIA 67.10import -dshinservicerplc 7J R18 5*114.3 ET38 DIA 67.10import -dshinservicerplc 7J R18 5*114.3 ET38 DIA 67.10import -dshinservicerplc 6.5J R16 5*112 ET46 DIA 57.10import -dshinservicerplc 7J R17 5*114.3 ET39 DIA 60.10import -dshinservicerplc 7.5J R17 5*108 ET55 DIA 63.30import -dshinservicerplc 6J R15 5*112 ET43 DIA 57.10import -dshinservicereplica h 6J R15 4*100 ET50 DIA 60.10import -dshinservicerplc 7J R17 5*100 ET48 DIA 56.10import -dshinservicerplc 6J R15 5*100 ET40 DIA 57.10import -dshinservicerplc 5.5J R14 4*100 ET49 DIA 56.60import -dshinservicerplc 6J R15 5*108 ET52.5 DIA 63.30import -dshinservicerplc 7J R17 5*108 ET50 DIA 63.30import -dshinservicerplc 6J R16 5*114.3 ET48 DIA 67.10import -dshinservicerplc 6.5J R17 5*114.3 ET40 DIA 66.10import -dshinservicerplc 7J R17 5*105 ET42 DIA 56.60import -dshinservicerplc 7.5J R17 5*112 ET47 DIA 66.60import -dshinservicerplc 6.5J R16 5*114.3 ET46 DIA 67.10import -dshinservicerplc 6J R16 5*114.3 ET48 DIA 67.10import -dshinservicerplc 6J R15 4*100 ET48 DIA 54.10import -dshinservicerplc 8J R18 5*108 ET55 DIA 63.30import -dshinservicerplc 7J R17 5*114.3 ET41 DIA 67.10import -dshinservicerplc 6J R15 4*100 ET48 DIA 54.10import -dshinservicerplc 6J R15 4*100 ET48 DIA 54.10import -dshinservicerplc 6J R16 5*114.3 ET48 DIA 67.10import -dshinservicelegeartis optima 6J R15 4*100 ET40 DIA 60.10import -dshinservicerplc 7.5J R17 5*112 ET47 DIA 66.60import -dshinservicetrebl 6J R15 4*100 ET45 DIA 54.10import -dshinservicelegeartis concept 7J R17 5*114.3 ET45 DIA 60.10import -dshinservicereplica h 7J R18 5*115 ET45 DIA 70.10import -dshinservicelegeartis concept 8J R18 5*120 ET43 DIA 72.60import -dshinservicelegeartis concept 8J R18 5*108 ET55 DIA 63.30import -dshinservicelegeartis optima 7J R18 5*114.3 ET38 DIA 67.10import -dshinservicekronprinz 6.5J R16 5*127 ET40 DIA 71.50import -dshinservicekronprinz 6J R16 5*112 ET36.5 DIA 66.50import -dshinservicelegeartis optima 6J R15 4*100 ET48 DIA 54.10import -dshinservicelegeartis optima 6J R15 4*100 ET48 DIA 54.10import -dshinservicerplc 6.5J R16 5*130 ET43 DIA 84.10import -dshinservicerplc 6.5J R16 5*130 ET43 DIA 84.10import -dshinservicelegeartis optima 6.5J R16 4*108 ET37.5 DIA 63.30import -dshinservicerplc 6.5J R17 5*114.3 ET35 DIA 67.10import -dshinservicealcar stahlrad (kfz) 6J R15 5*110 ET49 DIA 65.10import -dshinservicealcar stahlrad (kfz) 6J R16 5*112 ET50 DIA 57.10import -dshinservicerplc 6.5J R16 5*114.3 ET43 DIA 67.10import -dshinservicerplc 6.5J R17 5*114.3 ET48 DIA 67.10import -dshinservicerplc 8J R18 5*114.3 ET40 DIA 66.10import -dshinservicerplc 6.5J R17 5*114.3 ET35 DIA 67.10import -dshinservicerplc 8J R18 5*114.3 ET40.5 DIA 67.10import -dshinservicerplc 6.5J R16 5*114.3 ET31.5 DIA 67.10import -dshinservicerplc 8J R18 5*120 ET53 DIA 72.60import -dshinservicerplc 7.5J R18 5*112 ET47 DIA 66.60import -dshinservicerplc 6J R15 5*112 ET47 DIA 57.10import -dshinservicerplc 7J R17 5*108 ET49 DIA 67.10import -dshinservicerplc 8J R17 5*112 ET41 DIA 57.10import -dshinservicerplc 6.5J R16 5*112 ET46 DIA 57.10import -dshinservicerplc 6J R15 5*112 ET47 DIA 57.10import -dshinserviceyamato 6.5J R16 5*114.3 ET43 DIA 67.10import -dshinserviceyamato 6J R15 5*112 ET43 DIA 57.10import -dshinserviceyamato 8J R18 5*130 ET53 DIA 71.60import -dshinservicen2o 6J R15 4*100 ET40 DIA 60.10import -dshinservicen2o 6J R15 4*100 ET40 DIA 60.10import -dshinservicemagnetto 6J R15 4*100 ET50 DIA 60.10import -dshinservicemagnetto 7J R17 5*114.3 ET45 DIA 66.10import -dshinservicerplc 7.5J R18 5*114.3 ET50 DIA 67.10import -dshinserviceyamato samurai 6.5J R16 5*112 ET33 DIA 57.10import -dshinservicetop driver 7.5J R19 5*114.3 ET30 DIA 60.10import -dshinservicelegeartis optima 6.5J R16 4*108 ET52.5 DIA 63.30import -dshinserviceкик 5.5J R14 4*100 ET49 DIA 56.60import -dshinserviceкик 6.5J R16 5*105 ET39 DIA 56.60import -dshinservicereplay 9J R19 5*120 ET18 DIA 74.10import -dshinservicereplay 9J R19 5*120 ET18 DIA 74.10import -dshinservicereplay 9J R19 5*120 ET48 DIA 74.10import -dshinservicereplay 9J R19 5*120 ET48 DIA 74.10import -dshinservicereplay 9J R19 5*120 ET18 DIA 74.10import -dshinserviceкик 7J R16 5*139.7 ET35 DIA 98.10import -dshinserviceкик 6.5J R15 5*139.7 ET30 DIA 98.10import -dshinservicerplc 7J R17 5*114.3 ET39 DIA 60.10import -dshinservicerplc 7.5J R18 5*114.3 ET35 DIA 60.10import -dshinserviceкик 6J R15 4*114.3 ET44 DIA 56.60import -dshinserviceкик 6.5J R16 5*114.3 ET45 DIA 67.10import -dshinserviceкик 6J R15 4*100 ET48 DIA 54.10import -dshinserviceкик 7J R17 5*114.3 ET40 DIA 66.10import -dshinserviceкик 6.5J R16 5*114.3 ET50 DIA 66.10import -dshinserviceкик 5.5J R14 4*98 ET35 DIA 58.60import -dshinserviceкик 5.5J R14 4*98 ET35 DIA 58.60import -dshinserviceкик 5.5J R14 4*98 ET35 DIA 58.60import -dshinserviceкик 7J R17 5*114.3 ET47 DIA 66.10import -dshinservicetrebl 6.5J R16 5*139.7 ET40 DIA 98.60import -dshinserviceifree 5.5J R13 4*98 ET35 DIA 58.60import -dshinserviceifree 5.5J R14 4*100 ET42 DIA 67.10import -dshinserviceifree 5.5J R14 5*114.3 ET38 DIA 67.10import -dshinserviceifree 6J R15 4*114.3 ET40 DIA 66.10import -dshinserviceifree 6J R15 4*100 ET48 DIA 54.10import -dshinserviceifree 6.5J R15 4*100 ET43 DIA 67.10import -dshinserviceifree 7J R17 5*114.3 ET50 DIA 67.10import -dshinserviceifree 6.5J R16 5*139.7 ET40 DIA 98.10import -dshinservicerplc 6.5J R16 5*114.3 ET45 DIA 60.10import -dshinservicereplay 6.5J R16 5*112 ET50 DIA 57.10import -dshinserviceкик 6J R15 4*100 ET48 DIA 54.10import -dshinserviceкик 5.5J R14 4*98 ET35 DIA 58.60import -dshinserviceкик 6J R15 4*100 ET48 DIA 54.10import -dshinserviceкик 8J R18 5*150 ET40 DIA 110.10import -dshinserviceкик 7J R17 5*114.3 ET45 DIA 60.10import -dshinservicereplica fr 6.5J R15 5*100 ET34 DIA 57.10import -dshinservicereplica fr 7J R16 5*114.3 ET35 DIA 67.10import -dshinserviceскад 5J R13 4*114.3 ET45 DIA 69.10import -dshinserviceскад 5.5J R14 4*100 ET39 DIA 56.60import -dshinserviceскад 5.5J R14 4*100 ET43 DIA 60.10import -dshinserviceскад 5.5J R14 4*100 ET39 DIA 56.60import -dshinserviceскад 5.5J R14 4*98 ET38 DIA 58.60import -dshinserviceскад 5.5J R14 5*100 ET35 DIA 57.10import -dshinserviceскад 5.5J R14 5*114.3 ET38 DIA 67.10import -dshinserviceскад 6.5J R15 5*108 ET42 DIA 67.10import -dshinserviceскад 6J R15 5*108 ET52.5 DIA 63.30import -dshinserviceскад 6J R15 5*112 ET47 DIA 57.10import -dshinserviceскад 6J R15 4*100 ET48 DIA 54.10import -dshinserviceскад 6J R15 4*114.3 ET45 DIA 67.10import -dshinserviceскад 6J R15 4*100 ET48 DIA 54.10import -dshinserviceскад 6.5J R15 5*108 ET43 DIA 63.35import -dshinserviceскад 6.5J R15 5*110 ET35 DIA 65.10import -dshinserviceскад 6J R15 4*100 ET45 DIA 54.10import -dshinserviceскад 6J R15 4*98 ET38 DIA 58.60import -dshinserviceскад 6.5J R15 5*139.7 ET40 DIA 98.50import -dshinserviceскад 7J R16 5*114.3 ET45 DIA 60.10import -dshinserviceскад 6.5J R16 5*114.3 ET46 DIA 67.10import -dshinserviceскад 6.5J R16 5*114.3 ET45 DIA 60.10import -dshinserviceскад 6.5J R16 5*114.3 ET50 DIA 66.10import -dshinserviceскад 7J R16 5*139.7 ET40 DIA 98.60import -dshinserviceскад 6.5J R16 5*112 ET33 DIA 66.60import -dshinserviceскад 7.5J R17 5*120 ET40 DIA 72.60import -dshinserviceскад 6.5J R17 5*108 ET50 DIA 63.35import -dshinserviceскад 6.5J R17 5*114.3 ET35 DIA 67.10import -dshinserviceскад 7.5J R17 5*108 ET45 DIA 63.35import -dshinserviceскад 7J R17 5*108 ET50 DIA 63.35import -dshinservicemagnetto 5J R13 4*98 ET40 DIA 58.60import -dshinservicemagnetto 5J R13 4*98 ET29 DIA 60.10import -dshinservicemagnetto 5.5J R14 4*100 ET35 DIA 57.10import -dshinservicemagnetto 6J R15 5*112 ET47 DIA 57.10import -dshinservicemagnetto 6.5J R16 5*112 ET46 DIA 57.10import -dshinservicemagnetto 6.5J R16 5*112 ET50 DIA 57.10import -dshinservicemagnetto 6.5J R16 5*114.3 ET40 DIA 66.10import -dshinservicemagnetto 6.5J R16 5*114.3 ET50 DIA 66.10import -dshinservicemagnetto 7J R16 4*108 ET32 DIA 65.10import -dshinserviceкик 7J R17 5*114.3 ET39 DIA 60.10import -dshinserviceкик 7J R17 5*114.3 ET40 DIA 66.10import -dshinserviceкик 6.5J R16 5*114.3 ET50 DIA 67.10import -dshinserviceкик 6.5J R16 5*114.3 ET50 DIA 66.10import -dshinservicen2o 6J R15 4*100 ET50 DIA 60.10import -dshinserviceкик 5.5J R14 4*114.3 ET38 DIA 67.10import -dshinserviceкик 5J R14 4*100 ET43 DIA 60.10import -dshinserviceкик 6J R15 5*105 ET39 DIA 56.60import -dshinserviceкик 7J R15 5*139.7 ET-5 DIA 108.50import -dshinserviceкик 6.5J R15 5*105 ET39 DIA 56.60import -dshinserviceкик 6.5J R15 5*105 ET39 DIA 56.60import -dshinserviceкик 6.5J R16 5*114.3 ET45 DIA 60.10import -dshinserviceкик 6.5J R16 5*114.3 ET39 DIA 60.10import -dshinserviceкик 6.5J R16 5*115 ET41 DIA 70.10import -dshinservicetop driver 8J R18 5*150 ET60 DIA 110.10import -dshinserviceyamato samurai 7J R17 5*114.3 ET35 DIA 67.10import -dshinserviceкик 7J R16 5*139.7 ET40 DIA 98.10import -dshinservicelegeartis concept 8.5J R20 5*112 ET29 DIA 66.60import -dshinservicelegeartis optima 8J R18 5*108 ET45 DIA 63.30import -dshinserviceкик 7J R16 5*130 ET43 DIA 84.10import -dshinserviceкик 6.5J R16 5*115 ET41 DIA 70.20import -dshinserviceкик 6.5J R16 5*100 ET48 DIA 56.10import -dshinserviceкик 6.5J R16 5*108 ET50 DIA 63.35import -dshinserviceкик 6.5J R16 5*108 ET50 DIA 63.35import -dshinservicelegeartis optima 7J R17 5*120 ET41 DIA 67.10import -dshinserviceкик 7J R17 5*112 ET32 DIA 66.60import -dshinserviceкик 7J R17 5*114.3 ET47 DIA 66.10import -dshinserviceкик 7.5J R17 5*120 ET43 DIA 72.60import -dshinserviceкик 7.5J R17 5*114.3 ET35 DIA 66.10import -dshinserviceкик 7.5J R17 5*130 ET43 DIA 84.10import -dshinserviceкик 7J R17 5*114.3 ET45 DIA 60.10import -dshinserviceкик 7J R17 5*112 ET54 DIA 57.10import -dshinserviceкик 7J R17 5*112 ET35 DIA 66.60import -dshinserviceкик 7J R17 6*139.7 ET38 DIA 67.10import -dshinservicen2o 6J R14 4*98 ET35 DIA 58.60import -dshinservicen2o 6J R15 4*100 ET40 DIA 60.10import -dshinservicen2o 6J R15 4*100 ET48 DIA 54.10import -dshinservicen2o 5.5J R14 4*100 ET49 DIA 56.60import -dshinservicen2o 6.5J R15 4*98 ET32 DIA 58.60import -dshinservicelegeartis concept 8.5J R20 5*112 ET53 DIA 66.60import -dshinservicelegeartis concept 8.5J R20 5*112 ET29 DIA 66.60import -dshinservicelegeartis concept 8.5J R20 5*112 ET53 DIA 66.60import -dshinservicelegeartis concept 10J R21 5*112 ET52 DIA 66.60import -dshinservicen2o 6J R14 4*98 ET35 DIA 58.60import -dshinservicen2o 5.5J R14 4*98 ET35 DIA 58.60import -dshinserviceкик 7J R16 5*139.7 ET40 DIA 98.10import -dshinservicen2o 7J R16 4*108 ET32 DIA 65.10import -dshinservicen2o 6J R14 4*100 ET38 DIA 73.10import -dshinservicen2o 5.5J R13 4*98 ET35 DIA 58.60import -dshinservicen2o 6.5J R15 4*100 ET50 DIA 60.10import -dshinservicen2o 5.5J R14 4*100 ET43 DIA 60.10import -dshinservicen2o 6.5J R15 4*100 ET38 DIA 73.10import -dshinservicen2o 6.5J R15 4*100 ET40 DIA 73.10import -dshinservicen2o 6J R14 4*100 ET38 DIA 73.10import -dshinservicen2o 6.5J R15 5*114.3 ET38 DIA 73.10import -dshinservicen2o 5.5J R14 4*98 ET35 DIA 58.60import -dshinservicen2o 6.5J R15 4*100 ET45 DIA 73.10import -dshinservicen2o 5.5J R13 4*98 ET35 DIA 58.60import -dshinservicen2o 6.5J R16 5*114.3 ET41 DIA 67.10import -dshinservicen2o 8J R18 6*139.7 ET25 DIA 106.10import -dshinservicen2o 7J R17 5*114.3 ET39 DIA 60.10import -dshinservicen2o 5.5J R13 4*98 ET35 DIA 58.60import -dshinservicemagnetto 5.5J R14 4*98 ET35 DIA 58.60import -dshinservicen2o 6J R15 4*100 ET50 DIA 60.10import -dshinservicetop driver 6J R15 5*100 ET40 DIA 57.10import -dshinserviceкик 6J R16 4*100 ET50 DIA 60.10import -dshinserviceкик 7J R17 5*114.3 ET45 DIA 67.10import -dshinservicerplc-wheels 6.5J R16 5*114.3 ET41 DIA 67.10import -dshinservicen2o 6.5J R15 5*112 ET37 DIA 57.10import -dshinservicen2o 7J R17 5*114.3 ET39 DIA 60.10import -dshinserviceкик 6.5J R15 4*100 ET48 DIA 54.10import -dshinservicelegeartis optima 9J R20 5*130 ET57 DIA 71.60import -dshinservicelegeartis optima 10J R19 5*120 ET53 DIA 74.10import -dshinservicelegeartis optima 9J R19 5*120 ET18 DIA 72.60import -dshinservicelegeartis optima 9J R19 5*120 ET40 DIA 74.10import -dshinservicelegeartis optima 10J R20 5*120 ET40 DIA 74.10import -dshinservicelegeartis optima 7J R17 5*114.3 ET47 DIA 67.10import -dshinservicemagnetto 7.5J R17 5*108 ET52.5 DIA 63.30import -dshinservicelegeartis concept 8J R19 5*108 ET42 DIA 63.30import -dshinserviceкик 7J R17 5*112 ET49 DIA 57.10import -dshinserviceкик 7J R16 5*114.3 ET40 DIA 67.10import -dshinserviceкик 8.5J R18 5*130 ET50 DIA 71.60import -dshinservicelegeartis concept 8.5J R20 5*112 ET29 DIA 66.60import -dshinservicelegeartis concept 8.5J R20 5*112 ET53 DIA 66.60import -dshinservicelegeartis concept 8.5J R19 5*112 ET48 DIA 66.60import -dshinservicelegeartis concept 10J R21 5*112 ET46 DIA 66.60import -dshinservicelegeartis concept 10J R21 5*112 ET52 DIA 66.60import -dshinservicelegeartis concept 11J R21 5*112 ET38 DIA 66.60import -dshinservicelegeartis optima 6.5J R16 5*114.3 ET39 DIA 60.10import -dshinservicealcar stahlrad (kfz) 7J R17 5*120 ET55 DIA 65.10import -dshinservicerplc 8J R17 5*114.3 ET45 DIA 60.10import -dshinservicedezent 7.5J R17 5*120 ET37 DIA 72.60import -dshinservicedezent 8J R17 5*120 ET30 DIA 72.60import -dshinservicedezent 7.5J R17 5*120 ET37 DIA 72.60import -dshinservicedezent 7.5J R17 5*112 ET35 DIA 70.10import -dshinservicedezent 7.5J R17 5*112 ET40 DIA 70.10import -dshinservicedezent 7.5J R17 5*112 ET35 DIA 70.10import -dshinservicedezent 7.5J R17 5*112 ET35 DIA 70.10import -dshinservicedezent 7.5J R17 5*108 ET48 DIA 70.10import -dshinservicedezent 7.5J R17 5*112 ET32 DIA 70.10import -dshinservicedezent 7.5J R17 5*112 ET40 DIA 70.10import -dshinservicedezent 7.5J R17 5*114.3 ET45 DIA 71.60import -dshinservicedezent 7.5J R17 5*120 ET35 DIA 72.60import -dshinservicedezent 7.5J R17 5*120 ET50 DIA 65.10import -dshinservicedezent 7.5J R17 5*127 ET40 DIA 71.60import -dshinservicedezent 7.5J R17 5*112 ET40 DIA 70.10import -dshinservicedezent 7.5J R17 5*120 ET35 DIA 72.60import -dshinservicedezent 7.5J R17 5*120 ET50 DIA 65.10import -dshinservicedezent 7.5J R17 5*120 ET50 DIA 65.10import -dshinservicedezent 7.5J R17 5*130 ET55 DIA 71.60import -dshinservicedezent 8J R17 6*114.3 ET30 DIA 66.10import -dshinservicedezent 8J R17 6*139.7 ET35 DIA 67.10import -dshinservicedezent 8J R17 6*114.3 ET30 DIA 66.10import -dshinservicedezent 8J R17 6*139.7 ET20 DIA 106.10import -dshinservicedezent 8J R17 6*139.7 ET35 DIA 67.10import -dshinserviceaez 8J R18 5*114.3 ET34 DIA 71.60import -dshinserviceaez 8J R18 5*112 ET35 DIA 70.10import -dshinserviceaez 8.5J R18 5*120 ET46 DIA 74.10import -dshinserviceaez 8.5J R18 5*130 ET50 DIA 71.60import -dshinservicedezent 8J R18 5*120 ET30 DIA 72.60import -dshinservicedezent 8J R18 5*120 ET30 DIA 72.60import -dshinservicedezent 8J R18 5*108 ET45 DIA 70.10import -dshinservicedezent 8J R18 5*112 ET50 DIA 70.10import -dshinservicedezent 8J R18 5*114.3 ET35 DIA 71.60import -dshinservicedezent 8J R18 5*114.3 ET40 DIA 71.60import -dshinservicedezent 8J R18 5*130 ET50 DIA 71.60import -dshinservicedezent 8J R18 5*112 ET50 DIA 70.10import -dshinservicedezent 8J R18 5*120 ET50 DIA 65.10import -dshinservicedezent 8.5J R18 5*112 ET35 DIA 66.60import -dshinservicedezent 8J R18 5*108 ET45 DIA 70.10import -dshinservicedezent 8J R18 5*112 ET40 DIA 70.10import -dshinservicedezent 8J R18 5*127 ET45 DIA 71.60import -dshinservicedezent 8J R18 5*130 ET50 DIA 71.60import -dshinservicedezent 8J R18 5*108 ET45 DIA 70.10import -dshinservicedezent 8J R18 5*112 ET40 DIA 70.10import -dshinservicedezent 8J R18 5*127 ET45 DIA 71.60import -dshinservicedezent 8J R18 5*130 ET50 DIA 71.60import -dshinservicedotz 8J R18 5*108 ET45 DIA 70.10import -dshinservicedotz 8J R18 5*120 ET35 DIA 72.60import -dshinserviceaez 9J R20 5*112 ET20 DIA 66.60import -dshinserviceaez 9J R20 5*112 ET50 DIA 70.10import -dshinserviceaez 9J R20 5*120 ET25 DIA 74.10import -dshinservicedezent 7J R16 5*120 ET31 DIA 72.60import -dshinservicedezent 7J R16 5*120 ET31 DIA 72.60import -dshinservicedezent 7J R16 5*127 ET40 DIA 71.60import -dshinservicedotz 7.5J R17 5*120 ET35 DIA 72.60import -dshinserviceaez 8J R18 5*114.3 ET40 DIA 71.60import -dshinserviceaez 8J R18 5*112 ET25 DIA 66.60import -dshinserviceaez 8J R18 5*112 ET40 DIA 70.10import -dshinserviceaez 8J R18 5*114.3 ET34 DIA 71.60import -dshinserviceaez 8J R18 5*114.3 ET40 DIA 71.60import -dshinserviceaez 8J R18 5*130 ET50 DIA 71.60import -dshinserviceaez 8.5J R19 5*112 ET50 DIA 70.10import -dshinserviceaez 8.5J R19 5*120 ET46 DIA 74.10import -dshinserviceaez 8.5J R19 5*108 ET40 DIA 70.10import -dshinserviceaez 8.5J R19 5*112 ET35 DIA 70.10import -dshinserviceaez 8.5J R19 5*112 ET50 DIA 70.10import -dshinserviceaez 8.5J R19 5*120 ET46 DIA 74.10import -dshinserviceaez 8.5J R19 5*130 ET50 DIA 71.60import -dshinservicedezent 8.5J R19 5*112 ET35 DIA 70.10import -dshinservicedezent 8.5J R19 5*112 ET50 DIA 70.10import -dshinservicedezent 8.5J R19 5*130 ET50 DIA 71.60import -dshinserviceaez 9J R20 5*112 ET40 DIA 70.10import -dshinserviceaez 9J R20 5*120 ET46 DIA 74.10import -dshinservicedezent 9J R20 5*130 ET50 DIA 71.60import -dshinserviceasterro 5.5J R16 6*170 ET106 DIA 130.10import -dshinservicealcar stahlrad (kfz) 7.5J R17 5*108 ET52.5 DIA 63.30import -dshinserviceeurodisk 6J R15 5*139.7 ET48 DIA 98.60import -dshinserviceeurodisk 6.5J R16 5*114.3 ET46 DIA 67.10import -dshinserviceкик 6J R16 4*100 ET52 DIA 54.10import -dshinservicedezent 7.5J R17 5*112 ET35 DIA 70.10import -dshinservicedezent 7.5J R17 5*112 ET48 DIA 70.10import -dshinservicedezent 7.5J R17 5*114.3 ET45 DIA 71.60import -dshinservicedezent 7.5J R17 5*108 ET48 DIA 70.10import -dshinservicedezent 7.5J R17 5*108 ET48 DIA 70.10import -dshinservicedezent 6.5J R16 5*110 ET37 DIA 65.10import -dshinservicedezent 6.5J R16 5*112 ET46 DIA 57.10import -dshinservicedezent 7.5J R17 5*112 ET35 DIA 70.10import -dshinservicedezent 7.5J R17 5*112 ET35 DIA 70.10import -dshinservicedezent 7J R16 5*114.3 ET40 DIA 71.60import -dshinservicedezent 6.5J R16 5*108 ET40 DIA 70.10import -dshinservicedezent 6J R15 5*100 ET38 DIA 57.10import -dshinservicedezent 6.5J R16 5*114.3 ET48 DIA 71.60import -dshinservicedezent 6.5J R16 5*110 ET37 DIA 65.10import -dshinservicedezent 7J R16 5*112 ET40 DIA 70.10import -dshinservicedezent 6J R15 5*114.3 ET40 DIA 71.60import -dshinservicedezent 6J R15 5*114.3 ET40 DIA 71.60import -dshinservicedezent 6.5J R16 5*114.3 ET50 DIA 67.10import -dshinservicedezent 6.5J R16 5*114.3 ET50 DIA 67.10import -dshinservicedezent 6.5J R16 5*112 ET33 DIA 57.10import -dshinservicedezent 6J R15 4*100 ET38 DIA 60.10import -dshinservicedezent 6J R15 4*100 ET44 DIA 60.10import -dshinservicedezent 6J R15 4*100 ET47 DIA 54.10import -dshinservicedezent 6J R15 4*100 ET38 DIA 60.10import -dshinservicedezent 6J R15 4*100 ET38 DIA 60.10import -dshinservicedezent 6J R15 4*100 ET44 DIA 60.10import -dshinservicedezent 6J R15 4*100 ET47 DIA 54.10import -dshinservicedezent 6J R15 5*112 ET43 DIA 57.10import -dshinservicedezent 6J R15 5*112 ET43 DIA 57.10import -dshinservicedezent 6.5J R16 5*114.3 ET40 DIA 71.60import -dshinservicedezent 6.5J R16 5*114.3 ET45 DIA 67.10import -dshinservicedezent 6.5J R16 5*114.3 ET40 DIA 71.60import -dshinservicedezent 6.5J R16 5*114.3 ET45 DIA 67.10import -dshinservicedezent 6.5J R16 5*114.3 ET45 DIA 67.10import -dshinserviceскад 6J R15 4*100 ET48 DIA 54.10import -dshinserviceскад 6J R15 4*100 ET48 DIA 54.10import -dshinserviceскад 6.5J R15 5*110 ET35 DIA 65.10import -dshinserviceскад 6.5J R15 5*114.3 ET43 DIA 67.10import -dshinservicecross street 6.5J R16 5*114.3 ET50 DIA 66.10import -dshinserviceкик 6.5J R16 5*114.3 ET39 DIA 60.10import -dshinserviceifree 6J R16 5*139.7 ET40 DIA 98.10import -dshinserviceскад 7J R16 5*112 ET40 DIA 57.10import -dshinserviceскад 7J R16 5*139.7 ET40 DIA 98.60import -dshinserviceскад 6.5J R16 5*112 ET50 DIA 57.10import -dshinserviceifree 7J R17 5*114.3 ET39 DIA 60.10import -dshinserviceifree 7J R17 5*114.3 ET35 DIA 67.10import -dshinservicelegeartis optima 7.5J R17 5*112 ET36 DIA 66.60import -dshinservicelegeartis optima 7.5J R17 5*112 ET36 DIA 66.60import -dshinservicelegeartis concept 8.5J R19 5*130 ET50 DIA 71.60import -dshinserviceскад 5.5J R14 4*98 ET38 DIA 58.60import -dshinserviceскад 5.5J R14 4*100 ET49 DIA 56.60import -dshinserviceeurodisk 6J R15 5*120 ET42 DIA 72.60import -dshinservicecross street 6J R15 4*100 ET48 DIA 54.10import -dshinservicedezent 7.5J R17 5*114.3 ET38 DIA 71.60import -dshinservicedezent 7.5J R17 5*114.3 ET38 DIA 71.60import -dshinservicedezent 7.5J R17 5*114.3 ET38 DIA 71.60import -dshinservicedezent 6.5J R16 4*100 ET40 DIA 60.10import -dshinservicemagnetto 5.5J R14 4*100 ET45 DIA 57.10import -dshinservicemagnetto 6J R15 4*100 ET48 DIA 54.10import -dshinservicemagnetto 6.5J R16 5*114.3 ET50 DIA 66.10import -dshinservicemagnetto 6.5J R16 5*108 ET50 DIA 63.30import -dshinserviceeurodisk 6J R15 5*112 ET49 DIA 66.60import -dshinservicemagnetto 5.5J R14 4*98 ET35 DIA 58.60import -dshinservicen2o 7J R17 5*114.3 ET45 DIA 66.10import -dshinservicen2o 6.5J R17 5*114.3 ET48 DIA 67.10import -dshinservicen2o 7J R17 5*100 ET48 DIA 56.10import -dshinservicen2o 7J R17 5*100 ET48 DIA 56.10import -dshinservicen2o 7J R17 5*114.3 ET39 DIA 60.10import -dshinservicen2o 7J R17 5*114.3 ET50 DIA 67.10import -dshinservicen2o 7J R17 5*114.3 ET40 DIA 66.10import -dshinservicen2o 7J R17 5*114.3 ET45 DIA 66.10import -dshinservicen2o 7J R17 5*108 ET50 DIA 63.30import -dshinserviceкик 6.5J R16 5*114.3 ET50 DIA 66.10import -dshinserviceкик 6.5J R16 5*108 ET50 DIA 63.35import -dshinserviceкик 6.5J R16 5*112 ET50 DIA 57.10import -dshinserviceкик 6.5J R16 5*114.3 ET50 DIA 67.10import -dshinservicelegeartis optima 8J R18 5*150 ET60 DIA 110.10import -dshinservicelegeartis optima 8J R18 5*150 ET60 DIA 110.10import -dshinservicelegeartis concept 7J R18 5*114.3 ET41 DIA 67.10import -dshinserviceскад 6J R16 5*114.3 ET45 DIA 67.10import -dshinservicen2o 7J R16 5*114.3 ET40 DIA 73.10import -dshinservicen2o 7J R17 5*112 ET43 DIA 66.60import -dshinservicen2o 6.5J R15 4*114.3 ET40 DIA 73.10import -dshinservicen2o 6J R15 4*100 ET50 DIA 60.10import -dshinservicen2o 6J R14 4*98 ET38 DIA 58.60import -dshinservicealcar stahlrad (kfz) 6J R16 6*180 ET109.5 DIA 138.80import -dshinservicealcar stahlrad (kfz) 6.5J R16 5*114.3 ET47 DIA 67.10import -dshinservicealcar stahlrad (kfz) 6.5J R16 5*114.3 ET42.5 DIA 67.10import -dshinservicealcar stahlrad (kfz) 5.5J R16 6*205 ET117 DIA 161.10import -dshinservicealcar stahlrad (kfz) 6.5J R17 5*112 ET50 DIA 66.50import -dshinservicealcar stahlrad (kfz) 6.5J R16 4*100 ET40 DIA 60.10import -dshinserviceкик 6J R16 4*100 ET50 DIA 60.10import -dshinservicen2o 6.5J R15 5*100 ET38 DIA 57.10import -dshinservicelegeartis optima 7J R18 5*114.3 ET40 DIA 66.10import -dshinservicelegeartis optima 7J R18 5*114.3 ET40 DIA 66.10import -dshinservicelegeartis optima 7J R18 5*114.3 ET40 DIA 66.10import -dshinservicetop driver 6J R15 5*100 ET38 DIA 57.10import -dshinserviceкик 6.5J R16 5*108 ET50 DIA 63.35import -dshinserviceскад 6J R15 4*100 ET48 DIA 54.10import -dshinservicen2o 7J R17 5*108 ET50 DIA 63.30import -dshinservicelegeartis optima 7.5J R17 5*112 ET37 DIA 66.60import -dshinserviceyamato samurai 6.5J R16 5*115 ET41 DIA 70.10import -dshinservicen2o 6J R14 4*100 ET45 DIA 73.10import -dshinservicenz 6.5J R16 5*112 ET50 DIA 57.10import -dshinservicemagnetto 6.5J R16 5*114.3 ET45 DIA 60.10import -dshinservicex-race 8J R18 5*112 ET39 DIA 66.60import -dshinserviceyokatta 6.5J R16 5*114.3 ET45 DIA 60.10import -dshinservicerplc 7J R17 5*114.3 ET45 DIA 60.10import -dshinservicelegeartis optima 8J R19 5*120 ET53 DIA 72.60import -dshinservicelegeartis optima 8.5J R20 5*120 ET47 DIA 72.60import -dshinservicenz 6.5J R16 5*114.3 ET47 DIA 66.10import -dshinservicenz 6.5J R16 5*114.3 ET45 DIA 60.10import -dshinservicelegeartis optima 9.5J R21 5*114.3 ET50 DIA 66.10import -dshinserviceyamato 7J R17 5*100 ET45 DIA 73.10import -dshinservicelegeartis optima 8J R18 5*150 ET60 DIA 110.10import -dshinservicelegeartis optima 7.5J R17 5*120 ET45 DIA 64.10import -dshinservicerplc 6J R15 5*100 ET40 DIA 57.10import -dshinservicerplc 8J R17 5*120 ET30 DIA 72.60import -dshinservicerplc 8J R18 5*120 ET30 DIA 72.60import -dshinservicerplc 8.5J R19 5*112 ET56 DIA 66.60import -dshinservicelegeartis concept 9J R22 6*139.7 ET24 DIA 78.10import -dshinservicemak 8.5J R20 5*120 ET47 DIA 72.60import -dshinservicelegeartis optima 8.5J R20 5*112 ET36 DIA 66.60import -dshinservicereplay 5.5J R14 4*108 ET34 DIA 65.10import -dshinserviceyamato 6J R15 4*100 ET45 DIA 73.10import -dshinservicen2o 6.5J R17 5*114.3 ET48 DIA 67.10import -dshinserviceкик 6J R15 5*100 ET38 DIA 57.10import -dshinserviceкик 6J R15 5*100 ET40 DIA 57.10import -dshinserviceifree 7J R16 5*114.3 ET45 DIA 67.10import -dshinservicelegeartis optima 7.5J R17 5*130 ET50 DIA 71.60import -dshinservicelegeartis concept 7.5J R18 5*112 ET51 DIA 66.60import -dshinservicelegeartis concept 6.5J R17 5*114.3 ET40 DIA 67.10import -dshinservicelegeartis concept 7J R17 5*114.3 ET35 DIA 60.10import -dshinservicelegeartis concept 7J R18 5*114.3 ET35 DIA 60.10import -dshinservicelegeartis concept 7J R18 5*114.3 ET41 DIA 67.10import -dshinservicelegeartis concept 7J R18 5*114.3 ET45 DIA 67.10import -dshinservicelegeartis concept 7.5J R19 5*114.3 ET50 DIA 67.10import -dshinservicelegeartis concept 6.5J R17 5*114.3 ET40 DIA 67.10import -dshinservicelegeartis concept 6.5J R17 5*114.3 ET40 DIA 67.10import -dshinserviceifree 6.5J R16 5*139.7 ET40 DIA 98.10import -dshinservicealcasta 6.5J R16 4*100 ET52 DIA 54.10import -dshinservicealcasta 6.5J R16 5*112 ET33 DIA 57.10import -dshinservicealcasta 6.5J R16 5*114.3 ET45 DIA 60.10import -dshinservicealcasta 6.5J R16 4*98 ET38 DIA 58.60import -dshinservicealcasta 6.5J R16 5*114.3 ET50 DIA 66.10import -dshinservicealcasta 7J R17 5*114.3 ET40 DIA 66.10import -dshinservicealcasta 7J R17 5*114.3 ET39 DIA 60.10import -dshinservicealcasta 6.5J R17 5*114.3 ET35 DIA 60.10import -dshinservicealcasta 7J R17 4*98 ET35 DIA 58.60import -dshinservicealcasta 8J R18 5*112 ET39 DIA 66.60import -dshinservicealcasta 8J R18 5*114.3 ET35 DIA 60.10import -dshinservicemagnetto 6.5J R16 5*114.3 ET38 DIA 67.10import -dshinserviceifree 6.5J R16 5*139.7 ET40 DIA 98.10import -dshinserviceyst 7J R18 5*114.3 ET40 DIA 66.10import -dshinservicedezent 6.5J R16 4*100 ET35 DIA 60.10import -dshinservicedezent 6.5J R16 4*108 ET25 DIA 65.10import -dshinservicelegeartis optima 7J R17 5*114.3 ET35 DIA 60.10import -dshinservicelegeartis optima 7J R17 5*114.3 ET50 DIA 67.10import -dshinservicelegeartis optima 8.5J R21 5*150 ET58 DIA 110.10import -dshinservicelegeartis optima 8.5J R21 5*150 ET58 DIA 110.10import -dshinservicealcar stahlrad (kfz) 5.5J R15 4*100 ET42 DIA 60.10import -dshinservicelegeartis optima 9J R20 5*130 ET60 DIA 71.60import -dshinservicelegeartis optima 8J R20 6*139.7 ET35 DIA 77.80import -dshinservicetrebl 8J R15 6*139.7 ET-16 DIA 108.70import -dshinservicerplc 8J R17 5*112 ET26 DIA 66.50import -dshinservicelegeartis concept 7.5J R17 6*139.7 ET38 DIA 67.10import -dshinservicelegeartis concept 7.5J R17 6*139.7 ET46 DIA 67.10import -dshinservicelegeartis concept 7.5J R18 6*139.7 ET38 DIA 67.10import -dshinservicelegeartis concept 7.5J R18 6*139.7 ET46 DIA 67.10import -dshinservicelegeartis concept 8J R18 5*150 ET60 DIA 110.10import -dshinservicelegeartis concept 7J R17 5*114.3 ET39 DIA 60.10import -dshinservicelegeartis concept 7J R17 5*114.3 ET39 DIA 60.10import -dshinservicelegeartis concept 10J R22 5*150 ET45 DIA 110.10import -dshinservicelegeartis concept 8J R18 5*150 ET60 DIA 110.10import -dshinservicelegeartis concept 8J R18 5*150 ET60 DIA 110.10import -dshinservicenz 6.5J R16 4*100 ET45 DIA 60.10import -dshinserviceharp 9J R20 5*112 ET25 DIA 66.60import -dshinserviceaez 7.5J R17 5*112 ET35 DIA 70.10import -dshinserviceaez 7.5J R17 5*112 ET40 DIA 70.10import -dshinserviceaez 8J R18 5*112 ET40 DIA 70.10import -dshinserviceaez 8J R18 5*112 ET40 DIA 70.10import -dshinservicedotz 8.5J R20 5*112 ET28 DIA 70.10import -dshinservicedezent 8J R18 5*114.3 ET30 DIA 71.60import -dshinservicex-race 6.5J R16 5*114.3 ET40 DIA 66.10import -dshinservicenz 6.5J R16 5*112 ET50 DIA 57.10import -dshinservicen2o 5.5J R14 4*100 ET45 DIA 73.10import -dshinservicen2o 6J R15 4*100 ET49 DIA 60.10import -dshinserviceyamato 7J R17 5*114.3 ET39 DIA 60.10import -dshinservicedezent 7J R16 5*112 ET35 DIA 70.10import -dshinservicedezent 7J R16 5*112 ET35 DIA 70.10import -dshinservicedezent 7J R17 4*100 ET38 DIA 60.10import -dshinservicen2o 6.5J R15 4*114.3 ET40 DIA 73.10import -dshinservicen2o 6.5J R15 5*100 ET38 DIA 73.10import -dshinservicenz 6J R14 4*100 ET49 DIA 56.60import -dshinservicenz 6J R14 4*98 ET35 DIA 58.60import -dshinservicenz 6J R14 4*98 ET35 DIA 58.60import -dshinservicenz 6J R15 4*108 ET52.5 DIA 73.10import -dshinservicenz 6J R15 4*98 ET35 DIA 58.60import -dshinservicenz 6.5J R15 5*100 ET38 DIA 57.10import -dshinservicenz 6.5J R15 5*112 ET45 DIA 57.10import -dshinservicenz 6J R15 4*98 ET35 DIA 58.60import -dshinservicenz 6J R15 5*112 ET47 DIA 57.10import -dshinservicenz 6J R15 4*98 ET32 DIA 58.60import -dshinservicenz 6.5J R16 4*98 ET38 DIA 58.60import -dshinservicenz 7J R16 5*112 ET45 DIA 66.60import -dshinservicenz 6.5J R16 5*114.3 ET40 DIA 66.10import -dshinservicenz 6.5J R16 4*98 ET38 DIA 58.60import -dshinservicenz 6.5J R16 5*114.3 ET46 DIA 67.10import -dshinservicenz 6.5J R16 5*139.7 ET40 DIA 98.60import -dshinservicenz 7J R17 5*105 ET42 DIA 56.60import -dshinservicenz 7J R17 5*114.3 ET45 DIA 60.10import -dshinservicenz 7J R17 5*112 ET43 DIA 66.60import -dshinservicenz 7J R17 5*112 ET43 DIA 66.60import -dshinservicenz 8J R18 5*114.3 ET45 DIA 60.10import -dshinservicenz 8J R18 5*114.3 ET35 DIA 60.10import -dshinserviceгаз 6.5J R16 5*139.7 ET40 DIA 108.50import -dshinservicemagnetto 5J R13 4*98 ET35 DIA 58.60import -dshinserviceкик 6J R15 5*105 ET39 DIA 56.60import -dshinservicemagnetto 6J R15 5*139.7 ET40 DIA 98.60import -dshinservicelegeartis concept 9J R20 5*112 ET33 DIA 66.60import -dshinservicetrebl 6J R16 5*112 ET48 DIA 57.10import -dshinservicerplc-wheels 7J R17 5*114.3 ET45 DIA 66.10import -dshinservicelegeartis optima 8.5J R18 5*112 ET38 DIA 66.60import -dshinserviceкик 6J R15 4*100 ET48 DIA 54.10import -dshinservicelegeartis concept 9.5J R22 5*120 ET48 DIA 72.60import -dshinservicelegeartis concept 9.5J R20 5*120 ET47 DIA 72.60import -dshinservicelegeartis concept 9.5J R20 5*120 ET47 DIA 72.60import -dshinservicen2o 5.5J R14 4*98 ET35 DIA 58.60import -dshinservicen2o 6.5J R16 5*114.3 ET50 DIA 66.10import -dshinservicen2o 6.5J R16 5*108 ET50 DIA 63.30import -dshinservicen2o 6.5J R16 5*114.3 ET45 DIA 60.10import -dshinservicen2o 5.5J R14 4*98 ET35 DIA 58.60import -dshinservicen2o 7.5J R18 5*114.3 ET50 DIA 66.10import -dshinservicen2o 5.5J R14 4*98 ET35 DIA 58.60import -dshinservicen2o 5.5J R14 4*98 ET35 DIA 58.60import -dshinservicen2o 6.5J R16 5*114.3 ET50 DIA 66.10import -dshinservicen2o 6.5J R15 5*100 ET38 DIA 57.10import -dshinservicetop driver s-series 6.5J R16 5*114.3 ET45 DIA 60.10import -dshinservicelegeartis optima 8J R17 5*120 ET30 DIA 72.60import -dshinservicelegeartis optima 8J R17 5*120 ET20 DIA 72.60import -dshinserviceyamato samurai 7.5J R17 5*112 ET45 DIA 66.60import -dshinserviceaez 9J R20 5*112 ET50 DIA 70.10import -dshinserviceaez 9J R20 5*112 ET20 DIA 66.60import -dshinserviceaez 8J R18 5*114.3 ET34 DIA 71.60import -dshinserviceaez 8J R18 5*112 ET50 DIA 70.10import -dshinserviceaez 8J R18 5*130 ET50 DIA 71.60import -dshinserviceaez 8.5J R19 5*112 ET25 DIA 70.10import -dshinserviceaez 8J R18 5*108 ET45 DIA 70.10import -dshinservicedotz 7.5J R17 5*112 ET48 DIA 70.10import -dshinservicedotz 7.5J R17 5*120 ET42 DIA 72.60import -dshinservicedotz 7.5J R17 5*108 ET48 DIA 70.10import -dshinservicedotz 9.5J R19 5*112 ET25 DIA 70.10import -dshinservicedezent 7.5J R17 5*114.3 ET38 DIA 71.60import -dshinservicedezent 7.5J R17 5*114.3 ET38 DIA 71.60import -dshinservicedezent 7.5J R17 5*112 ET40 DIA 66.60import -dshinservicedezent 7.5J R17 5*112 ET45 DIA 66.60import -dshinservicedezent 7.5J R17 5*112 ET35 DIA 66.60import -dshinservicedezent 7J R17 5*112 ET40 DIA 66.60import -dshinserviceaez 8J R18 5*114.3 ET45 DIA 71.60import -dshinservicedezent 8.5J R19 5*108 ET45 DIA 70.10import -dshinservicedezent 8.5J R19 5*108 ET45 DIA 70.10import -dshinservicedezent 8J R18 5*112 ET30 DIA 70.10import -dshinservicedezent 8J R16 6*139.7 ET20 DIA 106.10import -dshinservicedezent 8J R16 6*139.7 ET20 DIA 106.10import -dshinservicelegeartis optima 8.5J R19 5*112 ET36 DIA 66.60import -dshinservicelegeartis optima 8.5J R20 5*150 ET58 DIA 110.10import -dshinservicealcar stahlrad (kfz) 6J R15 5*112 ET55 DIA 57.10import -dshinservicen2o 7J R17 5*114.3 ET50 DIA 67.10import -dshinserviceкик 7J R16 5*139.7 ET30 DIA 98.10import -dshinserviceкик 7J R17 5*112 ET54 DIA 57.10import -dshinservicerplc 6.5J R16 5*114.3 ET50 DIA 67.10import -dshinserviceifree 6.5J R16 5*114.3 ET45 DIA 67.10import -dshinserviceifree 6.5J R16 5*108 ET50 DIA 63.35import -dshinserviceifree 7J R17 5*108 ET50 DIA 63.30import -dshinserviceifree 6J R15 5*139.7 ET40 DIA 98.10import -dshinserviceifree 6J R15 4*114.3 ET40 DIA 67.10import -dshinserviceскад 6.5J R16 5*114.3 ET50 DIA 66.10import -dshinserviceскад 7J R17 5*114.3 ET39 DIA 60.10import -dshinserviceскад 7J R17 5*114.3 ET39 DIA 60.10import -dshinserviceaez 9J R19 5*108 ET35 DIA 70.10import -dshinserviceaez 9J R19 5*108 ET40 DIA 70.10import -dshinserviceaez 9J R20 5*112 ET40 DIA 70.10import -dshinserviceaez 9J R20 5*108 ET40 DIA 70.10import -dshinserviceaez 9J R20 5*120 ET35 DIA 74.10import -dshinservicedezent 6.5J R16 5*112 ET52 DIA 66.60import -dshinservicedezent 6.5J R16 5*120 ET51 DIA 65.10import -dshinservicedezent 8.5J R19 5*112 ET50 DIA 70.10import -dshinservicedezent 8.5J R19 5*120 ET46 DIA 74.10import -dshinservicedotz 8.5J R19 5*112 ET35 DIA 70.10import -dshinservicedotz 8J R19 5*114.3 ET45 DIA 71.60import -dshinservicedotz 8.5J R19 5*112 ET25 DIA 70.10import -dshinserviceaez 8J R19 5*108 ET45 DIA 70.10import -dshinserviceaez 7.5J R17 5*112 ET48 DIA 70.10import -dshinserviceaez 7.5J R17 5*112 ET52 DIA 70.10import -dshinserviceaez 8J R18 5*112 ET40 DIA 70.10import -dshinserviceaez 8J R18 5*112 ET48 DIA 70.10import -dshinserviceaez 8J R18 5*112 ET52 DIA 70.10import -dshinserviceaez 8J R18 5*108 ET45 DIA 70.10import -dshinserviceaez 7.5J R17 5*114.3 ET38 DIA 71.60import -dshinserviceaez 7.5J R17 5*114.3 ET48 DIA 71.60import -dshinserviceaez 8J R18 5*108 ET45 DIA 70.10import -dshinserviceaez 7.5J R17 5*114.3 ET38 DIA 71.60import -dshinserviceaez 8J R18 5*108 ET45 DIA 70.10import -dshinservicedotz 7J R17 5*114.3 ET48 DIA 71.60import -dshinservicedotz 7J R17 4*100 ET45 DIA 60.10import -dshinservicedotz 7J R17 5*112 ET38 DIA 70.10import -dshinservicedotz 7J R17 5*108 ET48 DIA 70.10import -dshinservicedotz 8J R18 5*114.3 ET40 DIA 71.60import -dshinservicedotz 8J R18 5*120 ET35 DIA 72.60import -dshinservicedotz 8J R18 5*112 ET35 DIA 70.10import -dshinservicedotz 7.5J R17 5*114.3 ET48 DIA 71.60import -dshinservicedotz 7.5J R17 5*112 ET48 DIA 70.10import -dshinserviceyamato samurai 7J R17 5*114.3 ET45 DIA 66.10import -dshinserviceyamato samurai 7J R17 5*112 ET43 DIA 57.10import -dshinserviceyamato samurai 7J R17 5*108 ET50 DIA 63.30import -dshinserviceyamato samurai 7J R17 5*114.3 ET39 DIA 60.10import -dshinserviceyamato samurai 7J R17 5*108 ET50 DIA 63.30import -dshinserviceyamato samurai 7J R17 5*114.3 ET39 DIA 60.10import -dshinserviceyamato samurai 7J R17 5*114.3 ET39 DIA 60.10import -dshinserviceyamato samurai 7.5J R18 5*114.3 ET35 DIA 60.10import -dshinserviceyamato samurai 8J R18 5*114.3 ET40 DIA 67.10import -dshinserviceyamato samurai 7.5J R17 5*108 ET52.5 DIA 63.30import -dshinserviceyamato samurai 6.5J R16 5*108 ET50 DIA 63.30import -dshinserviceyamato samurai 8.5J R20 5*120 ET47 DIA 72.60import -dshinserviceкик 8J R18 5*150 ET40 DIA 110.10import -dshinserviceкик 7.5J R18 6*139.7 ET25 DIA 106.10import -dshinserviceyamato samurai 8.5J R20 6*139.7 ET31 DIA 77.80import -dshinserviceyamato samurai 8J R18 5*120 ET43 DIA 72.60import -dshinserviceyamato samurai 8J R18 5*130 ET53 DIA 71.60import -dshinserviceyamato samurai 7J R17 5*114.3 ET45 DIA 66.10import -dshinservicealcar stahlrad (kfz) 6.5J R17 5*112 ET38 DIA 57.10import -dshinserviceyamato 8J R18 5*120 ET43 DIA 72.60import -dshinserviceyamato 7.5J R18 5*114.3 ET40 DIA 66.10import -dshinserviceyamato 6.5J R16 5*108 ET50 DIA 63.30import -dshinservicedezent 6J R15 5*108 ET46 DIA 63.40import -dshinservicedezent 6.5J R16 5*112 ET50 DIA 57.10import -dshinservicedezent 7J R16 5*112 ET45 DIA 70.10import -dshinservicedezent 6.5J R16 5*112 ET50 DIA 57.10import -dshinservicedezent 7J R16 5*112 ET35 DIA 70.10import -dshinservicedezent 6J R14 4*108 ET38 DIA 70.10import -dshinservicedezent 6.5J R16 5*112 ET50 DIA 57.10import -dshinservicedezent 7J R17 5*114.3 ET40 DIA 71.60import -dshinservicedezent 7.5J R17 5*120 ET35 DIA 72.60import -dshinservicedezent 6J R14 4*100 ET35 DIA 60.10import -dshinservicedezent 6.5J R16 5*112 ET50 DIA 57.10import -dshinservicedezent 6J R14 4*100 ET35 DIA 60.10import -dshinservicedezent 6J R15 5*114.3 ET46 DIA 67.10import -dshinservicedezent 6.5J R16 5*112 ET50 DIA 57.10import -dshinservicedezent 7J R17 5*114.3 ET40 DIA 71.60import -dshinservicedezent 7.5J R17 5*108 ET40 DIA 70.10import -dshinservicedezent 7.5J R17 5*120 ET35 DIA 72.60import -dshinservicedezent 6J R15 4*108 ET46 DIA 63.40import -dshinservicedezent 6.5J R16 5*108 ET50 DIA 63.40import -dshinservicedezent 6.5J R16 5*114.3 ET38 DIA 67.10import -dshinservicedezent 7J R16 5*112 ET40 DIA 70.10import -dshinservicedezent 7J R16 5*112 ET48 DIA 70.10import -dshinservicedezent 7J R16 5*120 ET31 DIA 72.60import -dshinservicedezent 7J R17 5*114.3 ET40 DIA 71.60import -dshinservicedezent 7J R17 5*114.3 ET50 DIA 67.10import -dshinservicedezent 7.5J R17 5*112 ET28 DIA 66.60import -dshinservicedezent 7.5J R17 5*112 ET40 DIA 70.10import -dshinservicedezent 7.5J R17 5*112 ET48 DIA 70.10import -dshinservicedezent 7.5J R17 5*114.3 ET45 DIA 71.60import -dshinservicedezent 6J R15 4*108 ET25 DIA 65.10import -dshinservicedezent 6J R15 5*114.3 ET40 DIA 71.60import -dshinservicedezent 6.5J R16 5*108 ET50 DIA 63.40import -dshinservicedezent 6.5J R16 5*114.3 ET48 DIA 71.60import -dshinservicedezent 7J R16 5*112 ET40 DIA 70.10import -dshinservicedezent 7J R17 5*112 ET38 DIA 70.10import -dshinservicedezent 7J R17 5*112 ET40 DIA 57.10import -dshinservicedezent 7J R17 5*114.3 ET40 DIA 71.60import -dshinservicedezent 7J R17 5*114.3 ET48.5 DIA 67.10import -dshinservicedezent 7J R17 5*114.3 ET50 DIA 67.10import -dshinservicedezent 7.5J R17 5*112 ET48 DIA 70.10import -dshinservicedezent 7.5J R17 5*114.3 ET45 DIA 71.60import -dshinservicedezent 7.5J R17 5*114.3 ET45 DIA 67.10import -dshinservicedezent 6.5J R16 5*108 ET50 DIA 63.40import -dshinservicedezent 6.5J R16 5*112 ET46 DIA 57.10import -dshinservicedezent 6.5J R16 5*114.3 ET40 DIA 66.10import -dshinservicedezent 7J R17 5*108 ET48 DIA 70.10import -dshinservicedezent 7J R17 5*114.3 ET40 DIA 71.60import -dshinservicedezent 6J R15 5*114.3 ET40 DIA 71.60import -dshinservicedezent 6.5J R16 5*108 ET40 DIA 70.10import -dshinservicedezent 6.5J R16 5*108 ET50 DIA 70.10import -dshinservicedezent 6.5J R16 5*114.3 ET50 DIA 67.10import -dshinservicedezent 7J R17 5*108 ET48 DIA 70.10import -dshinservicedezent 7J R17 5*112 ET38 DIA 70.10import -dshinservicedezent 7J R17 5*112 ET48 DIA 70.10import -dshinservicedezent 7.5J R17 5*112 ET32 DIA 70.10import -dshinservicedezent 7.5J R17 5*112 ET48 DIA 70.10import -dshinservicedezent 7.5J R17 5*114.3 ET35 DIA 71.60import -dshinservicedezent 7.5J R17 5*114.3 ET45 DIA 71.60import -dshinservicedezent 7.5J R17 5*120 ET35 DIA 72.60import -dshinservicedezent 7.5J R17 5*112 ET32 DIA 70.10import -dshinservicedezent 7.5J R17 5*112 ET40 DIA 70.10import -dshinservicedezent 7.5J R17 5*112 ET48 DIA 70.10import -dshinservicedezent 7.5J R17 5*114.3 ET35 DIA 71.60import -dshinservicedezent 7.5J R17 5*114.3 ET38 DIA 71.60import -dshinservicedezent 7.5J R17 5*114.3 ET45 DIA 71.60import -dshinservicedezent 7.5J R17 5*120 ET35 DIA 72.60import -dshinservicedotz 8J R17 5*108 ET35 DIA 70.10import -dshinservicedotz 8J R18 5*114.3 ET35 DIA 71.60import -dshinservicedezent 7.5J R17 5*114.3 ET38 DIA 71.60import -dshinservicedezent 7.5J R18 5*114.3 ET50 DIA 71.60import -dshinservicedezent 7.5J R18 5*112 ET50 DIA 70.10import -dshinservicedezent 7.5J R18 5*108 ET48 DIA 70.10import -dshinservicedezent 8J R18 5*114.3 ET34 DIA 71.60import -dshinservicedezent 8J R18 5*114.3 ET40 DIA 71.60import -dshinservicedezent 8J R18 5*114.3 ET45 DIA 71.60import -dshinservicedezent 8J R18 5*112 ET35 DIA 70.10import -dshinservicedezent 8J R18 5*112 ET43 DIA 66.60import -dshinservicedezent 8J R18 5*112 ET48 DIA 70.10import -dshinservicedezent 8J R18 5*120 ET35 DIA 72.60import -dshinservicedezent 8J R18 5*108 ET40 DIA 70.10import -dshinservicedezent 8J R18 5*108 ET45 DIA 70.10import -dshinservicedezent 7.5J R17 5*112 ET40 DIA 66.60import -dshinservicedezent 7.5J R18 5*114.3 ET38 DIA 71.60import -dshinservicedezent 7.5J R18 5*114.3 ET50 DIA 71.60import -dshinservicedezent 7.5J R18 5*112 ET38 DIA 70.10import -dshinservicedezent 8J R18 5*114.3 ET40 DIA 71.60import -dshinservicedezent 8J R18 5*114.3 ET45 DIA 71.60import -dshinservicedezent 8J R18 5*112 ET43 DIA 66.60import -dshinservicedezent 8J R18 5*112 ET48 DIA 70.10import -dshinservicedezent 8J R18 5*120 ET35 DIA 72.60import -dshinservicedezent 8J R18 5*108 ET45 DIA 70.10import -dshinservicedezent 8.5J R18 5*120 ET46 DIA 74.10import -dshinservicedezent 7J R17 5*112 ET48.5 DIA 66.60import -dshinservicedezent 8.5J R18 5*112 ET40 DIA 66.60import -dshinservicedezent 8J R17 5*112 ET40 DIA 66.60import -dshinservicedezent 8J R17 5*112 ET45 DIA 66.60import -dshinservicedezent 8J R17 5*112 ET48 DIA 66.60import -dshinservicedezent 7J R17 5*112 ET51 DIA 66.60import -dshinservicedotz 7J R17 5*112 ET48 DIA 70.10import -dshinservicedotz 7J R17 5*108 ET48 DIA 70.10import -dshinservicetop driver 7J R16 5*108 ET50 DIA 63.30import -dshinservicedezent 7J R17 5*108 ET40 DIA 65.10import -dshinservicelegeartis concept 10J R21 5*112 ET52 DIA 66.60import -dshinservicelegeartis concept 8.5J R20 5*112 ET29 DIA 66.60import -dshinservicelegeartis concept 10J R21 5*112 ET46 DIA 66.60import -dshinservicelegeartis concept 11J R21 5*112 ET38 DIA 66.60import -dshinservicelegeartis concept 8.5J R20 5*112 ET53 DIA 66.60import -dshinservicelegeartis concept 8.5J R20 5*112 ET56 DIA 66.60import -dshinservicelegeartis concept 8.5J R20 5*112 ET62 DIA 66.60import -dshinserviceyamato samurai 7J R17 5*114.3 ET45 DIA 66.10import -dshinserviceyamato samurai 7J R17 5*100 ET48 DIA 56.10import -dshinserviceyamato samurai 7.5J R18 5*114.3 ET35 DIA 60.10import -dshinserviceyamato samurai 7.5J R17 5*114.3 ET45 DIA 67.10import -dshinserviceyamato samurai 7.5J R17 5*108 ET52.5 DIA 63.30import -dshinserviceaez 8.5J R19 5*112 ET25 DIA 70.10import -dshinservicedotz 9.5J R20 5*112 ET35 DIA 70.10import -dshinservicedotz 8J R18 4*100 ET35 DIA 60.10import -dshinserviceaez 7.5J R17 5*114.3 ET45 DIA 71.60import -dshinserviceaez 7.5J R17 5*112 ET40 DIA 70.10import -dshinserviceaez 7.5J R17 5*120 ET35 DIA 72.60import -dshinserviceaez 8J R18 5*112 ET35 DIA 70.10import -dshinserviceaez 8J R18 5*112 ET40 DIA 70.10import -dshinserviceaez 7.5J R17 5*112 ET35 DIA 70.10import -dshinserviceaez 7.5J R17 5*112 ET35 DIA 70.10import -dshinservicelegeartis concept 11J R21 5*112 ET38 DIA 66.60import -dshinserviceyamato 7.5J R17 5*112 ET43 DIA 57.10import -dshinservicealcar stahlrad (kfz) 6.5J R16 5*120 ET46 DIA 72.60import -dshinservicen2o 6.5J R16 5*108 ET50 DIA 63.30import -dshinservicerplc 8.5J R18 5*150 ET60 DIA 110.50import -dshinserviceyamato 7J R17 5*114.3 ET50 DIA 67.10import -dshinservicealcar stahlrad (kfz) 7J R17 5*108 ET42 DIA 65.10import -dshinservicedotz 4x4 stahlrader 7J R16 5*114.3 ET36 DIA 66.10import -dshinservicedotz 4x4 stahlrader 7J R16 5*114.3 ET36 DIA 66.10import -dshinservicealcar stahlrad (kfz) 7J R16 5*108 ET46 DIA 65.10import -dshinservicelegeartis optima 7.5J R18 5*114.3 ET35 DIA 60.10import -dshinservicelegeartis optima 8J R18 5*114.3 ET30 DIA 60.10import -dshinservicen2o 6.5J R15 4*98 ET32 DIA 58.60import -dshinserviceyamato 6J R15 4*100 ET48 DIA 54.10import -dshinservicelegeartis optima 8J R18 5*114.3 ET30 DIA 60.10import -dshinservicen2o 6.5J R15 4*100 ET45 DIA 73.10import -dshinservicen2o 6J R14 4*98 ET35 DIA 58.60import -dshinserviceaez 8J R18 5*108 ET45 DIA 70.10import -dshinservicedezent 6.5J R16 5*120 ET51 DIA 65.10import -dshinservicedotz 7J R17 5*112 ET38 DIA 70.10import -dshinservicedotz 8J R18 5*114.3 ET48 DIA 71.60import -dshinservicen2o 6J R14 4*100 ET38 DIA 73.10import -dshinservicen2o 5.5J R14 4*100 ET45 DIA 56.60import -dshinservicen2o 6.5J R15 4*98 ET32 DIA 58.60import -dshinservicerplc 6J R14 5*100 ET37 DIA 57.10import -dshinservicerplc 7J R17 5*114.3 ET45 DIA 60.10import -dshinservicerplc 7.5J R17 5*108 ET52.5 DIA 63.30import -dshinservicen2o 5.5J R14 4*100 ET45 DIA 73.10import -dshinservicerplc 6J R16 5*114.3 ET43 DIA 67.10import -dshinservicerplc 6J R16 5*114.3 ET43 DIA 67.10import -dshinservicerplc 6J R16 5*114.3 ET43 DIA 67.10import -dshinservicerplc 6J R16 5*114.3 ET43 DIA 67.10import -dshinservicerplc 6J R16 5*114.3 ET43 DIA 67.10import -dshinservicerplc 8J R18 5*112 ET28 DIA 66.60import -dshinservicepdw 8.5J R20 5*150 ET45 DIA 110.10import -dshinserviceyamato 7J R17 5*114.3 ET45 DIA 60.10import -dshinservicen2o 7J R16 4*114.3 ET40 DIA 73.10import -dshinserviceскад 6J R15 4*100 ET45 DIA 54.10import -dshinserviceскад 6.5J R16 5*114.3 ET45 DIA 67.10import -dshinserviceскад 6J R15 5*100 ET38 DIA 57.10import -dshinserviceскад 7J R18 5*114.3 ET45 DIA 66.10import -dshinserviceскад 7.5J R17 5*112 ET45 DIA 66.60import -dshinserviceскад 7.5J R17 4*108 ET32 DIA 65.10import -dshinserviceскад 5.5J R14 4*98 ET35 DIA 58.60import -dshinserviceскад 6J R15 5*100 ET38 DIA 57.10import -dshinserviceскад 6J R16 4*100 ET45 DIA 60.10import -dshinserviceскад 6.5J R16 5*108 ET45 DIA 67.10import -dshinserviceскад 6.5J R16 5*114.3 ET50 DIA 66.10import -dshinserviceскад 6J R15 4*100 ET48 DIA 54.10import -dshinserviceскад 6J R15 4*100 ET50 DIA 60.10import -dshinserviceскад 5.5J R14 4*100 ET39 DIA 56.60import -dshinserviceскад 6J R15 4*108 ET47.5 DIA 63.35import -dshinserviceскад 7J R17 5*114.3 ET50 DIA 67.10import -dshinserviceскад 6.5J R16 5*112 ET33 DIA 57.10import -dshinserviceскад 6J R16 4*100 ET45 DIA 67.10import -dshinservicelegeartis concept 7.5J R17 5*112 ET27 DIA 66.60import -dshinservicen2o 6.5J R15 5*100 ET38 DIA 73.10import -dshinservicen2o 6J R14 4*98 ET35 DIA 58.60import -dshinserviceскад 6J R15 4*100 ET45 DIA 67.10import -dshinservicen2o 6J R15 4*100 ET40 DIA 60.10import -dshinservicen2o 6J R15 4*100 ET40 DIA 60.10import -dshinservicen2o 6.5J R15 5*114.3 ET40 DIA 73.10import -dshinservicen2o 6J R15 4*100 ET40 DIA 60.10import -dshinservicemagnetto 6J R15 4*100 ET40 DIA 60.10import -dshinservicerplc 8J R18 5*112 ET28 DIA 66.60import -dshinservicen2o 7.5J R17 5*114.3 ET39 DIA 60.10import -dshinservicen2o 6.5J R15 5*114.3 ET45 DIA 73.10import -dshinservicen2o 6J R15 5*114.3 ET45 DIA 60.10import -dshinservicen2o 7.5J R17 5*112 ET35 DIA 66.60import -dshinservicen2o 7.5J R17 5*112 ET40 DIA 66.60import -dshinservicen2o 7.5J R17 5*112 ET43 DIA 57.10import -dshinservicen2o 5.5J R13 4*98 ET35 DIA 58.60import -dshinservicen2o 6J R14 4*98 ET35 DIA 58.60import -dshinservicen2o 6.5J R16 5*108 ET50 DIA 63.30import -dshinservicen2o 6.5J R16 5*108 ET50 DIA 63.30import -dshinservicen2o 7.5J R17 5*112 ET35 DIA 66.60import -dshinservicen2o 7.5J R17 5*112 ET40 DIA 66.60import -dshinservicen2o 6.5J R16 5*108 ET50 DIA 63.30import -dshinservicen2o 6.5J R16 5*108 ET50 DIA 63.30import -dshinservicen2o 7J R17 5*114.3 ET40 DIA 73.10import -dshinservicen2o 7J R17 5*112 ET40 DIA 57.10import -dshinservicen2o 7J R17 5*112 ET40 DIA 57.10import -dshinservicen2o 6.5J R16 5*108 ET50 DIA 63.30import -dshinserviceyamato 7J R17 5*114.3 ET50 DIA 67.10import -dshinserviceyamato 7J R17 5*112 ET40 DIA 57.10import -dshinserviceyamato 7J R17 5*114.3 ET39 DIA 60.10import -dshinserviceyamato 7J R17 5*112 ET40 DIA 57.10import -dshinservicelegeartis optima 9J R22 6*139.7 ET24 DIA 78.10import -dshinservicedotz 7J R16 5*114.3 ET45 DIA 71.60import -dshinservicedotz 7J R17 5*100 ET38 DIA 60.10import -dshinservicedotz 8J R17 5*112 ET35 DIA 70.10import -dshinservicedotz 8J R17 5*120 ET34 DIA 72.60import -dshinservicedotz 8.5J R18 5*112 ET35 DIA 70.10import -dshinservicedotz 8.5J R18 5*112 ET45 DIA 70.10import -dshinservicedotz 8.5J R18 5*114.3 ET35 DIA 71.60import -dshinservicedotz 8.5J R18 5*120 ET35 DIA 72.60import -dshinservicedotz 9.5J R19 5*112 ET35 DIA 70.10import -dshinservicedotz 9.5J R19 5*112 ET45 DIA 70.10import -dshinservicedotz 9.5J R20 5*112 ET35 DIA 70.10import -dshinservicedotz 7J R16 5*114.3 ET45 DIA 71.60import -dshinservicedotz 8J R17 5*120 ET30 DIA 72.60import -dshinservicedotz 8.5J R18 5*108 ET45 DIA 70.10import -dshinservicedotz 8.5J R18 5*120 ET35 DIA 72.60import -dshinservicedotz 8.5J R19 5*114.3 ET45 DIA 71.60import -dshinservicedotz 9.5J R19 5*112 ET35 DIA 70.10import -dshinservicedotz 9.5J R19 5*112 ET45 DIA 70.10import -dshinservicedotz 8.5J R20 5*108 ET40 DIA 70.10import -dshinservicedotz 8.5J R20 5*112 ET28 DIA 70.10import -dshinservicedotz 8.5J R20 5*112 ET35 DIA 70.10import -dshinservicedotz 9.5J R20 5*112 ET28 DIA 70.10import -dshinservicedotz 9.5J R20 5*112 ET35 DIA 70.10import -dshinservicedotz 9.5J R20 5*112 ET40 DIA 70.10import -dshinservicedotz 8J R18 5*108 ET35 DIA 70.10import -dshinservicedotz 8.5J R19 5*114.3 ET45 DIA 71.60import -dshinservicedotz 8.5J R20 5*114.3 ET35 DIA 71.60import -dshinservicedotz 8.5J R20 5*114.3 ET45 DIA 71.60import -dshinservicedotz 9.5J R20 5*112 ET28 DIA 70.10import -dshinservicedotz 9.5J R20 5*120 ET40 DIA 72.60import -dshinservicedezent 7J R17 5*114.3 ET38 DIA 67.10import -dshinservicedezent 7J R17 5*114.3 ET40 DIA 60.10import -dshinservicedezent 7J R17 5*114.3 ET49 DIA 66.10import -dshinservicedezent 7J R17 5*112 ET49 DIA 57.10import -dshinservicedezent 7J R17 4*100 ET38 DIA 60.10import -dshinservicedezent 6.5J R16 4*100 ET45 DIA 60.10import -dshinservicedezent 7J R17 5*112 ET38 DIA 70.10import -dshinservicedezent 7J R17 5*114.3 ET40 DIA 71.60import -dshinservicedezent 7J R17 4*100 ET38 DIA 60.10import -dshinservicedezent 6J R15 5*112 ET47 DIA 57.10import -dshinservicedezent 6.5J R16 4*108 ET25 DIA 65.10import -dshinservicedezent 7J R17 5*114.3 ET48 DIA 71.60import -dshinservicedezent 7.5J R17 5*112 ET27 DIA 66.60import -dshinservicedezent 6.5J R16 5*114.3 ET42.5 DIA 67.10import -dshinservicedezent 6.5J R16 5*114.3 ET45 DIA 64.10import -dshinservicedezent 7.5J R17 5*108 ET52.5 DIA 63.40import -dshinservicedotz 7J R16 4*100 ET38 DIA 60.10import -dshinservicedotz 7J R16 4*100 ET45 DIA 60.10import -dshinservicedezent 9J R20 5*112 ET50 DIA 70.10import -dshinservicedezent 8J R18 5*112 ET30 DIA 66.60import -dshinservicetrebl 6J R16 5*114.3 ET43 DIA 67.10import -dshinservicen2o 7.5J R17 5*112 ET35 DIA 66.60import -dshinservicen2o 7J R16 4*108 ET32 DIA 65.10import -dshinservicen2o 7.5J R17 5*114.3 ET41 DIA 67.10import -dshinservicen2o 7.5J R17 5*112 ET35 DIA 73.10import -dshinservicen2o 7.5J R17 5*112 ET35 DIA 73.10import -dshinservicen2o 7.5J R17 5*112 ET40 DIA 73.10import -dshinservicen2o 6.5J R16 5*108 ET50 DIA 63.30import -dshinservicen2o 6.5J R16 5*112 ET46 DIA 57.10import -dshinservicen2o 6J R16 4*100 ET41 DIA 60.10import -dshinservicen2o 6.5J R16 5*108 ET50 DIA 63.30import -dshinservicemagnetto 6J R16 5*114.3 ET43 DIA 67.10import -dshinservicen2o 7J R17 5*112 ET40 DIA 57.10import -dshinservicen2o 6J R15 5*112 ET43 DIA 57.10import -dshinservicen2o 7J R17 5*114.3 ET41 DIA 67.10import -dshinservicen2o 6J R15 5*100 ET38 DIA 57.10import -dshinservicen2o 6.5J R15 5*100 ET38 DIA 57.10import -dshinservicen2o 6.5J R15 5*114.3 ET45 DIA 73.10import -dshinservicen2o 6.5J R15 4*100 ET40 DIA 73.10import -dshinservicen2o 6J R16 4*100 ET48 DIA 54.10import -dshinservicerplc 7.5J R19 5*114.3 ET35 DIA 60.10import -dshinservicerplc 7.5J R17 5*108 ET52.5 DIA 63.30import -dshinservicerplc 7.5J R18 6*139.7 ET25 DIA 106.10import -dshinservicedezent 7J R17 5*114.3 ET39 DIA 60.10import -dshinserviceyamato 7.5J R17 5*100 ET48 DIA 56.10import -dshinserviceyamato 6.5J R16 5*112 ET46 DIA 57.10import -dshinservicerplc 8J R17 5*112 ET30 DIA 66.60import -dshinservicerplc 8J R18 5*112 ET30 DIA 66.60import -dshinservicerplc 6J R15 4*100 ET48 DIA 54.10import -dshinservicerplc 6J R15 4*100 ET48 DIA 54.10import -dshinservicerplc 8.5J R19 5*112 ET56 DIA 66.60import -dshinservicerplc 8.5J R19 5*112 ET56 DIA 66.60import -dshinservicerplc 8J R18 5*130 ET53 DIA 71.50import -dshinservicerplc 8J R18 5*130 ET53 DIA 71.50import -dshinservicerplc 7J R17 5*112 ET40 DIA 57.10import -dshinservicerplc 7J R17 5*112 ET40 DIA 57.10import -dshinserviceaez 9J R20 5*114.3 ET30 DIA 71.60import -dshinserviceyamato 6.5J R16 5*108 ET50 DIA 63.30import -dshinserviceyamato 7J R17 5*112 ET40 DIA 57.10import -dshinserviceyamato 7J R17 5*108 ET50 DIA 63.30import -dshinservicerplc 8.5J R18 5*150 ET60 DIA 110.50import -dshinservicen2o 6J R16 4*100 ET48 DIA 54.10import -dshinservicen2o 6J R16 5*114.3 ET43 DIA 67.10import -dshinservicen2o 6J R16 4*100 ET48 DIA 54.10import -dshinservicen2o 6J R16 5*114.3 ET43 DIA 67.10import -dshinservicen2o 6J R16 4*100 ET48 DIA 54.10import -dshinservicen2o 6J R16 4*100 ET41 DIA 60.10import -dshinservicen2o 6J R16 4*100 ET41 DIA 60.10import -dshinserviceyamato 6J R16 4*100 ET48 DIA 54.10import -dshinserviceскад 6.5J R16 5*114.3 ET50 DIA 66.10import -dshinserviceyamato 7J R17 5*112 ET40 DIA 57.10import -dshinservicen2o 6J R16 4*100 ET48 DIA 54.10import -dshinservicerplc 7J R17 5*114.3 ET48.5 DIA 67.10import -dshinservicerplc 7J R17 5*114.3 ET48.5 DIA 67.10import -dshinservicelegeartis concept 6.5J R16 4*108 ET37.5 DIA 63.30import -dshinservicelegeartis concept 7J R17 5*105 ET42 DIA 56.60import -dshinservicelegeartis concept 7J R17 5*112 ET40 DIA 57.10import -dshinservicelegeartis concept 7J R17 5*114.3 ET39 DIA 60.10import -dshinservicelegeartis concept 7J R17 5*114.3 ET39 DIA 60.10import -dshinservicelegeartis concept 7J R17 5*114.3 ET45 DIA 60.10import -dshinservicelegeartis concept 7J R17 5*112 ET40 DIA 57.10import -dshinservicelegeartis concept 7.5J R17 5*112 ET52 DIA 66.60import -dshinservicelegeartis concept 7J R18 5*105 ET38 DIA 56.60import -dshinservicelegeartis concept 7J R18 5*115 ET45 DIA 70.30import -dshinservicelegeartis concept 7J R18 5*114.3 ET35 DIA 60.10import -dshinservicelegeartis concept 8J R18 5*112 ET47 DIA 66.60import -dshinservicelegeartis concept 8J R18 5*120 ET43 DIA 72.60import -dshinservicelegeartis concept 8J R18 5*112 ET30 DIA 66.60import -dshinservicelegeartis concept 8J R18 5*112 ET30 DIA 66.60import -dshinservicelegeartis concept 8.5J R18 5*112 ET58 DIA 66.60import -dshinservicelegeartis concept 7.5J R19 5*112 ET49 DIA 57.10import -dshinservicelegeartis concept 8.5J R19 5*120 ET33 DIA 72.60import -dshinservicelegeartis concept 10J R20 5*112 ET40 DIA 66.60import -dshinservicelegeartis concept 10J R20 5*112 ET40 DIA 66.60import -dshinservicelegeartis concept 8.5J R20 5*112 ET25 DIA 66.60import -dshinservicelegeartis concept 8.5J R20 5*112 ET25 DIA 66.60import -dshinservicelegeartis concept 8.5J R20 5*112 ET29 DIA 66.60import -dshinservicelegeartis concept 8.5J R20 5*112 ET53 DIA 66.60import -dshinserviceскад 8J R18 5*150 ET57 DIA 110.00import -dshinserviceкик 6.5J R16 5*114.3 ET50 DIA 67.10import -dshinserviceкик 6J R14 4*98 ET38 DIA 58.50import -dshinservicen2o 7J R17 5*112 ET40 DIA 57.10import -dshinservicen2o 7J R17 5*112 ET40 DIA 57.10import -dshinservicen2o 7J R17 5*114.3 ET45 DIA 67.10import -dshinservicelegeartis optima 8.5J R19 5*112 ET28 DIA 66.60import -dshinservicelegeartis optima 7.5J R17 5*112 ET52 DIA 66.60import -dshinservicecross street 7J R17 5*114.3 ET39 DIA 60.10import -dshinservicen2o 7J R17 5*114.3 ET45 DIA 67.10import -dshinservicen2o 7J R17 5*114.3 ET45 DIA 67.10import -dshinservicen2o 7J R17 5*114.3 ET45 DIA 67.10import -dshinservicen2o 7J R17 5*112 ET40 DIA 57.10import -dshinservicen2o 7J R17 5*114.3 ET45 DIA 67.10import -dshinservicen2o 7J R17 5*114.3 ET45 DIA 67.10import -dshinservicen2o 6.5J R16 5*114.3 ET45 DIA 67.10import -dshinservicerplc 7J R17 5*112 ET40 DIA 57.10import -dshinservicerplc 8.5J R18 5*150 ET60 DIA 110.50import -dshinserviceyamato 7J R17 5*112 ET40 DIA 57.10import -dshinserviceyamato 7J R17 5*114.3 ET45 DIA 67.10import -dshinserviceyamato 7J R17 5*112 ET40 DIA 57.10import -dshinservicelegeartis optima 8J R18 5*114.3 ET30 DIA 60.10import -dshinservicelegeartis optima 7J R18 5*114.3 ET38 DIA 67.10import -dshinservicelegeartis optima 7J R18 5*114.3 ET38 DIA 67.10import -dshinservicedezent 7.5J R18 5*114.3 ET50 DIA 71.60import -dshinservicedezent 7.5J R18 5*108 ET48 DIA 70.10import -dshinserviceyamato samurai 7J R17 5*112 ET40 DIA 57.10import -dshinservicealcar hybridrad 7J R17 5*114.3 ET55 DIA 56.10import -dshinservicedotz 8J R19 5*100 ET35 DIA 60.10import -dshinserviceasterro 5.5J R16 6*170 ET106 DIA 130.10import -dshinservicedezent 8J R19 5*112 ET35 DIA 70.10import -dshinservicedezent 7.5J R18 5*112 ET38 DIA 70.10import -dshinserviceaez 8.5J R19 5*120 ET40 DIA 72.60import -dshinserviceaez 8J R20 5*114.3 ET45 DIA 71.60import -dshinserviceaez 9J R20 5*108 ET40 DIA 70.10import -dshinserviceaez 8J R20 5*112 ET40 DIA 70.10import -dshinserviceaez 9J R20 5*114.3 ET40 DIA 71.60import -dshinserviceкик 7J R17 5*112 ET40 DIA 57.10import -dshinservicetrebl 6.5J R16 4*100 ET40 DIA 60.10import -dshinservicerplc 7J R17 5*114.3 ET39 DIA 60.10import -dshinservicerplc 7J R17 5*114.3 ET39 DIA 60.10import -dshinservicemegami 6J R14 4*100 ET49 DIA 56.60import -dshinserviceyamato samurai 7J R17 5*112 ET40 DIA 57.10import -dshinserviceyamato samurai 7J R17 5*114.3 ET48 DIA 67.10import -dshinserviceyamato samurai 7J R17 5*114.3 ET45 DIA 67.10import -dshinserviceyamato samurai 7J R17 5*114.3 ET45 DIA 66.10import -dshinserviceyamato samurai 8J R18 5*120 ET30 DIA 72.60import -dshinserviceyamato samurai 7J R17 5*114.3 ET45 DIA 67.10import -dshinserviceyamato 6.5J R16 5*114.3 ET50 DIA 67.10import -dshinserviceyamato 7J R17 5*114.3 ET39 DIA 60.10import -dshinserviceкик 7J R17 5*114.3 ET39 DIA 60.10import -dshinserviceскад 6.5J R15 5*100 ET35 DIA 57.10import -dshinserviceскад 7J R17 5*114.3 ET45 DIA 67.10import -dshinservicedezent 7.5J R17 5*114.3 ET45 DIA 67.10import -dshinservicerplc 6.5J R16 5*114.3 ET46 DIA 67.10import -dshinserviceifree 6J R15 5*105 ET39 DIA 56.60import -dshinservicen2o 6.5J R16 5*112 ET45 DIA 57.10import -dshinservicen2o 6J R15 5*112 ET43 DIA 57.10import -dshinservicealcar stahlrad (kfz) 6.5J R16 4*108 ET37.5 DIA 63.30import -dshinservicealcar stahlrad (kfz) 7J R16 5*112 ET47 DIA 66.50import -dshinservicealcar stahlrad (kfz) 7J R16 6*139.7 ET33 DIA 100.10import -dshinserviceaez 8J R18 5*112 ET27 DIA 70.10import -dshinserviceaez 7J R18 5*105 ET38 DIA 56.60import -dshinservicedezent 6.5J R16 5*120 ET51 DIA 65.10import -dshinserviceскад 6J R15 4*100 ET38 DIA 67.10import -dshinserviceскад 6J R15 4*100 ET45 DIA 56.60import -dshinserviceскад 6J R15 4*100 ET45 DIA 67.10import -dshinserviceскад 6J R15 4*100 ET48 DIA 54.10import -dshinserviceскад 6J R15 4*100 ET38 DIA 67.10import -dshinserviceскад 6J R15 4*98 ET38 DIA 58.60import -dshinserviceскад 6J R15 5*100 ET38 DIA 57.10import -dshinserviceскад 6J R15 4*100 ET48 DIA 54.10import -dshinserviceскад 6J R15 4*100 ET45 DIA 67.10import -dshinserviceскад 6J R16 4*100 ET45 DIA 60.10import -dshinserviceскад 6.5J R16 5*108 ET50 DIA 63.35import -dshinserviceскад 7J R17 5*114.3 ET51 DIA 67.10import -dshinserviceскад 5J R13 4*114.3 ET45 DIA 69.10import -dshinserviceскад 5.5J R14 4*98 ET35 DIA 58.60import -dshinserviceскад 5.5J R14 4*100 ET39 DIA 56.60import -dshinserviceскад 5.5J R14 4*100 ET49 DIA 56.60import -dshinserviceскад 5.5J R14 4*100 ET49 DIA 56.60import -dshinserviceскад 5.5J R14 4*100 ET45 DIA 67.10import -dshinserviceскад 5.5J R14 4*100 ET45 DIA 67.10import -dshinserviceскад 5.5J R14 4*98 ET38 DIA 58.60import -dshinserviceскад 6J R15 4*100 ET48 DIA 54.10import -dshinserviceскад 6J R15 4*100 ET40 DIA 60.10import -dshinserviceскад 6.5J R16 5*114.3 ET46 DIA 67.10import -dshinserviceкик 6.5J R15 5*139.7 ET5 DIA 110.10import -dshinserviceкик 7J R16 5*139.7 ET40 DIA 98.10import -dshinserviceкик 6.5J R16 5*139.7 ET40 DIA 98.10import -dshinserviceкик 7J R16 5*139.7 ET40 DIA 98.10import -dshinserviceскад 7J R17 5*114.3 ET50 DIA 67.10import -dshinserviceскад 7.5J R17 5*120 ET37 DIA 72.60import -dshinserviceскад 7.5J R17 5*108 ET40 DIA 65.10import -dshinserviceскад 7.5J R17 5*112 ET42 DIA 66.10import -dshinserviceскад 7.5J R17 5*114.3 ET42 DIA 67.10import -dshinserviceскад 7.5J R17 5*114.3 ET42 DIA 67.10import -dshinserviceскад 7J R17 5*114.3 ET40 DIA 66.10import -dshinserviceскад 7J R17 5*114.3 ET41 DIA 67.10import -dshinserviceскад 7J R17 5*114.3 ET45 DIA 60.10import -dshinserviceскад 7J R17 5*108 ET50 DIA 63.35import -dshinserviceскад 7J R17 5*114.3 ET45 DIA 66.10import -dshinserviceскад 7J R17 5*114.3 ET48.5 DIA 67.10import -dshinserviceскад 7J R18 5*112 ET43 DIA 57.10import -dshinserviceскад 6.5J R16 5*114.3 ET35 DIA 67.10import -dshinserviceскад 5.5J R14 4*100 ET39 DIA 56.60import -dshinserviceскад 6.5J R16 5*114.3 ET35 DIA 67.10import -dshinserviceскад 7J R17 5*114.3 ET50 DIA 67.10import -dshinserviceскад 6J R15 4*100 ET45 DIA 67.10import -dshinserviceскад 6.5J R16 5*114.3 ET50 DIA 67.10import -dshinserviceкик 7.5J R17 6*139.7 ET38 DIA 67.10import -dshinserviceкик 6.5J R15 4*114.3 ET40 DIA 67.10import -dshinserviceкик 5.5J R14 4*100 ET49 DIA 56.60import -dshinservicealcar hybridrad 6.5J R16 5*112 ET46 DIA 57.10import -dshinservicealcar hybridrad 6.5J R16 5*114.3 ET50 DIA 67.10import -dshinservicealcar hybridrad 6.5J R16 5*114.3 ET50 DIA 66.10import -dshinservicealcar hybridrad 6.5J R17 5*112 ET38 DIA 57.10import -dshinservicerplc 7J R17 5*114.3 ET45 DIA 67.10import -dshinserviceскад 6J R15 5*114.3 ET45 DIA 67.10import -dshinserviceскад 6.5J R17 5*114.3 ET48 DIA 67.10import -dshinserviceскад 7J R17 5*108 ET50 DIA 63.35import -dshinservicen2o 6J R14 4*98 ET35 DIA 58.60import -dshinservicen2o 7J R17 5*114.3 ET45 DIA 73.10import -dshinservicen2o 5.5J R13 4*98 ET35 DIA 58.60import -dshinserviceaez 9J R20 5*108 ET40 DIA 70.10import -dshinserviceaez 9.5J R20 5*112 ET28 DIA 70.10import -dshinserviceaez 9.5J R20 5*112 ET35 DIA 70.10import -dshinserviceaez 8.5J R20 5*108 ET40 DIA 70.10import -dshinserviceaez 8.5J R19 5*120 ET35 DIA 72.60import -dshinservicedezent 7.5J R17 5*114.3 ET47 DIA 67.10import -dshinservicedezent 8.5J R18 5*120 ET45 DIA 72.60import -dshinserviceкик 7J R17 5*114.3 ET45 DIA 60.10import -dshinserviceкик 7J R17 5*114.3 ET39 DIA 60.10import -dshinservicen2o 6J R14 5*100 ET35 DIA 57.10import -dshinserviceкик 7J R17 5*114.3 ET39 DIA 60.10import -dshinservicen2o 6.5J R15 4*98 ET35 DIA 58.60import -dshinservicereplica fr 9J R19 5*108 ET55 DIA 63.40import -dshinservicealcar stahlrad (kfz) 6J R15 5*114.3 ET46 DIA 67.10import -dshinservicealcar stahlrad (kfz) 6.5J R16 5*114.3 ET50 DIA 67.10import -dshinservicealcar stahlrad (kfz) 5.5J R14 4*100 ET45 DIA 54.10import -dshinservicealcar stahlrad (kfz) 6J R15 4*100 ET46 DIA 54.10import -dshinservicealcar stahlrad (kfz) 6.5J R17 5*112 ET38 DIA 66.60import -dshinserviceскад 7.5J R17 5*114.3 ET45 DIA 67.10import -dshinservicetop driver 6.5J R16 6*139.7 ET56 DIA 92.50import -dshinservicex-race 7J R17 5*114.3 ET50 DIA 64.10import -dshinservicex-race 7J R17 5*105 ET42 DIA 56.60import -dshinservicealcar stahlrad (kfz) 6.5J R17 5*114.3 ET45 DIA 60.10import -dshinservicealcar stahlrad (kfz) 6.5J R16 6*130 ET62 DIA 84.10import -dshinserviceскад 6J R15 4*100 ET48 DIA 54.10import -dshinserviceyamato 7J R17 5*114.3 ET45 DIA 67.10import -dshinserviceyamato samurai 7J R17 5*112 ET40 DIA 57.10import -dshinserviceскад 7.5J R17 6*139.7 ET30 DIA 67.10import -dshinservicelegeartis concept 9J R20 5*130 ET50 DIA 71.60import -dshinservicelegeartis concept 10.5J R20 5*130 ET64 DIA 71.60import -dshinservicelegeartis optima 9.5J R19 5*112 ET43.5 DIA 66.60import -dshinservicen2o 6.5J R15 4*100 ET40 DIA 56.60import -dshinservicen2o 6J R16 4*100 ET50 DIA 60.10import -dshinserviceкик 6.5J R16 5*114.3 ET50 DIA 67.10import -dshinserviceкик 6.5J R16 5*114.3 ET50 DIA 66.10import -dshinservicen2o 6.5J R16 5*114.3 ET45 DIA 67.10import -dshinservicen2o 6J R14 4*100 ET35 DIA 73.10import -dshinservicen2o 6J R14 4*100 ET45 DIA 73.10import -dshinserviceкик 6J R16 5*112 ET48 DIA 57.10import -dshinserviceскад 6.5J R16 5*112 ET46 DIA 57.10import -dshinserviceскад 6.5J R16 5*114.3 ET45 DIA 67.10import -dshinserviceскад 7.5J R17 6*139.7 ET30 DIA 67.10import -dshinserviceскад 6.5J R16 5*130 ET43 DIA 84.20import -dshinserviceскад 6J R15 4*100 ET46 DIA 54.10import -dshinserviceскад 6J R15 4*100 ET48 DIA 54.10import -dshinserviceскад 7J R16 4*108 ET32 DIA 65.10import -dshinserviceскад 7J R16 4*108 ET32 DIA 65.10import -dshinservicedezent 6J R15 4*100 ET38 DIA 60.10import -dshinservicedezent 6J R15 4*100 ET47 DIA 54.10import -dshinservicedezent 6J R15 4*100 ET47 DIA 54.10import -dshinservicedezent 6J R15 4*108 ET45 DIA 63.40import -dshinservicedezent 7J R17 5*114.3 ET50 DIA 67.10import -dshinservicedezent 6J R15 4*100 ET40 DIA 60.10import -dshinservicedezent 6J R15 4*100 ET46 DIA 54.10import -dshinserviceaez 7.5J R17 5*114.3 ET38 DIA 71.60import -dshinserviceaez 8J R18 5*112 ET35 DIA 70.10import -dshinserviceaez 8J R18 5*112 ET52 DIA 70.10import -dshinserviceaez 7.5J R18 5*112 ET51 DIA 57.10import -dshinserviceaez 7.5J R18 5*120 ET45 DIA 72.60import -dshinserviceaez 8J R18 5*112 ET30 DIA 66.60import -dshinserviceaez 8J R18 5*112 ET44 DIA 57.10import -dshinserviceaez 8J R18 5*120 ET30 DIA 72.60import -dshinserviceaez 8J R18 5*108 ET42 DIA 63.40import -dshinserviceaez 8.5J R18 5*120 ET37 DIA 72.60import -dshinserviceaez 7J R18 5*112 ET54 DIA 66.60import -dshinserviceaez 9J R19 5*112 ET24 DIA 66.60import -dshinservicedezent 9J R20 5*114.3 ET30 DIA 71.60import -dshinservicedezent 9J R20 5*114.3 ET30 DIA 71.60import -dshinserviceaez 8J R19 5*120 ET30 DIA 72.60import -dshinserviceaez 8J R19 5*120 ET36 DIA 72.60import -dshinserviceaez 8.5J R19 5*120 ET47 DIA 72.60import -dshinserviceaez 8J R19 5*120 ET30 DIA 72.60import -dshinserviceaez 8J R19 5*114.3 ET40 DIA 71.60import -dshinserviceaez 8J R19 5*114.3 ET50 DIA 71.60import -dshinserviceaez 9J R19 5*112 ET40 DIA 70.10import -dshinserviceaez 9J R19 5*114.3 ET40 DIA 71.60import -dshinserviceaez 8J R20 5*108 ET45 DIA 70.10import -dshinserviceaez 8J R20 5*112 ET35 DIA 70.10import -dshinserviceaez 9J R20 5*112 ET40 DIA 70.10import -dshinserviceaez 8J R19 5*108 ET45 DIA 63.40import -dshinserviceaez 8J R20 5*108 ET45 DIA 63.40import -dshinserviceaez 8J R20 5*120 ET36 DIA 72.60import -dshinserviceaez 8.5J R20 5*108 ET47.5 DIA 63.40import -dshinserviceaez 9J R20 5*120 ET44 DIA 72.60import -dshinserviceaez 8.5J R19 5*120 ET47 DIA 72.60import -dshinserviceaez 9J R19 5*112 ET53 DIA 66.60import -dshinserviceaez 9J R20 5*120 ET44 DIA 72.60import -dshinservicelegeartis optima 7.5J R17 6*139.7 ET38 DIA 67.10import -dshinservicelegeartis optima 7.5J R17 6*139.7 ET38 DIA 67.10import -dshinservicelegeartis optima 8.5J R20 5*114.3 ET44 DIA 63.30import -dshinservicelegeartis optima 8J R18 5*114.3 ET42 DIA 67.10import -dshinservicelegeartis optima 7.5J R17 6*139.7 ET30 DIA 106.10import -dshinservicelegeartis optima 8.5J R20 5*114.3 ET44 DIA 63.30import -dshinserviceскад 7.5J R17 6*139.7 ET25 DIA 106.20import -dshinserviceскад 6J R16 4*100 ET45 DIA 60.10import -dshinserviceкик 6.5J R16 5*114.3 ET50 DIA 67.10import -dshinserviceкик 7J R17 5*112 ET40 DIA 57.10import -dshinserviceскад 6.5J R16 5*114.3 ET45 DIA 67.10import -dshinserviceскад 8J R18 5*112 ET30 DIA 66.60import -dshinservicen2o 6J R16 4*100 ET48 DIA 60.10import -dshinservicelegeartis optima 7.5J R17 5*112 ET52 DIA 66.60import -dshinservicetrebl 5.5J R14 4*100 ET43 DIA 60.10import -dshinservicetrebl 5.5J R14 4*100 ET35 DIA 57.10import -dshinservicemak 8J R19 5*112 ET42 DIA 66.45import -dshinserviceкик 6J R16 5*114.3 ET43 DIA 67.10import -dshinserviceкик 6J R15 4*100 ET48 DIA 54.10import -dshinserviceкик 6J R16 5*114.3 ET43 DIA 67.10import -dshinserviceкик 6J R16 4*100 ET37 DIA 60.10import -dshinservicetrebl 6J R15 4*100 ET50 DIA 60.10import -dshinservicetrebl 6J R15 4*100 ET40 DIA 60.10import -dshinserviceскад 7J R18 5*112 ET43 DIA 57.10import -dshinservicetrebl 6J R15 4*100 ET48 DIA 54.10import -dshinserviceкик 6J R15 4*100 ET48 DIA 54.10import -dshinserviceкик 6.5J R16 5*108 ET50 DIA 63.35import -dshinserviceкик 6.5J R17 5*114.3 ET45 DIA 67.10import -dshinservicelegeartis concept 10.5J R20 5*130 ET64 DIA 71.60import -dshinserviceскад 7J R17 5*114.3 ET45 DIA 66.10import -dshinservicen2o 6.5J R17 5*114.3 ET49 DIA 67.10import -dshinservicen2o 7J R17 5*108 ET50 DIA 63.30import -dshinservicen2o 7J R17 5*108 ET50 DIA 63.30import -dshinservicen2o 7J R17 5*100 ET48 DIA 56.10import -dshinservicen2o 7J R17 5*100 ET48 DIA 56.10import -dshinservicen2o 7J R17 5*112 ET40 DIA 57.10import -dshinservicen2o 7J R17 5*112 ET42 DIA 66.60import -dshinservicen2o 7J R17 5*112 ET42 DIA 66.60import -dshinservicen2o 7J R17 5*114.3 ET39 DIA 60.10import -dshinservicen2o 7J R17 5*114.3 ET39 DIA 60.10import -dshinservicen2o 7J R17 5*114.3 ET45 DIA 67.10import -dshinservicen2o 7J R17 5*114.3 ET45 DIA 67.10import -dshinservicen2o 7J R17 5*114.3 ET48 DIA 67.10import -dshinservicen2o 7J R17 5*114.3 ET39 DIA 60.10import -dshinservicen2o 7J R17 5*114.3 ET45 DIA 67.10import -dshinservicen2o 7J R17 5*114.3 ET40 DIA 66.10import -dshinservicen2o 6J R16 4*100 ET48 DIA 60.10import -dshinservicen2o 7J R17 5*114.3 ET39 DIA 60.10import -dshinservicedezent 6.5J R16 4*100 ET40 DIA 60.10import -dshinservicedezent 7J R17 5*108 ET48 DIA 70.10import -dshinservicedezent 7J R17 5*114.3 ET48 DIA 71.60import -dshinserviceaez 9J R20 5*108 ET40 DIA 70.10import -dshinservicedotz 7J R17 4*108 ET25 DIA 65.10import -dshinservicelegeartis concept 8J R17 5*112 ET27 DIA 66.60import -dshinserviceкик 6J R16 5*112 ET48 DIA 57.10import -dshinservicealcar hybridrad 6J R15 5*100 ET38 DIA 57.10import -dshinservicealcar hybridrad 6J R15 4*100 ET40 DIA 60.10import -dshinservicetrebl 7J R17 5*114.3 ET39 DIA 60.10import -dshinservicelegeartis optima 7.5J R18 6*139.7 ET38 DIA 67.10import -dshinservicelegeartis optima 7.5J R17 6*139.7 ET25 DIA 106.10import -dshinservicelegeartis concept 7.5J R17 5*114.3 ET45 DIA 60.10import -dshinservicen2o 6J R15 4*100 ET46 DIA 54.10import -dshinservicen2o 6J R15 4*100 ET46 DIA 54.10import -dshinservicetop driver 6.5J R16 5*114.3 ET50 DIA 67.10import -dshinservicedezent 6.5J R16 5*114.3 ET45 DIA 60.10import -dshinservicedezent 6.5J R16 4*100 ET40 DIA 60.10import -dshinservicen2o 5.5J R13 4*98 ET35 DIA 58.60import -dshinservicen2o 6J R15 4*100 ET50 DIA 60.10import -dshinservicedezent 8J R18 5*112 ET50 DIA 70.10import -dshinservicedezent 8J R18 5*112 ET50 DIA 70.10import -dshinservicedezent 8J R18 5*112 ET30 DIA 70.10import -dshinservicedezent 7J R17 5*114.3 ET48 DIA 71.60import -dshinservicedezent 7.5J R18 5*112 ET38 DIA 70.10import -dshinservicedezent 7.5J R17 5*112 ET55 DIA 70.10import -dshinservicedezent 7.5J R17 5*112 ET55 DIA 70.10import -dshinservicedezent 7.5J R17 5*120 ET40 DIA 72.60import -dshinservicedezent 8J R18 5*114.3 ET34 DIA 71.60import -dshinservicedezent 8J R18 5*114.3 ET34 DIA 71.60import -dshinservicedezent 8J R18 5*120 ET35 DIA 72.60import -dshinservicedezent 8J R18 5*120 ET40 DIA 72.60import -dshinserviceyamato 7J R17 5*114.3 ET50 DIA 67.10import -dshinservicelegeartis optima 7.5J R19 5*114.3 ET49.5 DIA 67.10import -dshinservicelegeartis concept 7.5J R17 6*139.7 ET25 DIA 106.30import -dshinservicelegeartis concept 7.5J R18 6*139.7 ET25 DIA 106.30import -dshinserviceскад 8J R18 5*112 ET40 DIA 66.60import -dshinserviceскад 6J R15 4*100 ET46 DIA 54.10import -dshinserviceскад 7J R18 5*114.3 ET35 DIA 67.10import -dshinserviceyamato samurai 7J R17 5*112 ET40 DIA 57.10import -dshinserviceyamato samurai 7J R17 5*112 ET40 DIA 57.10import -dshinserviceyamato samurai 7J R17 5*112 ET40 DIA 57.10import -dshinserviceскад 7J R17 5*114.3 ET45 DIA 67.10import -dshinserviceкик 8J R18 5*130 ET50 DIA 71.60import -dshinserviceaez 8J R18 5*120 ET34 DIA 72.60import -dshinserviceaez 8J R18 5*108 ET45 DIA 63.40import -dshinservicedezent 7.5J R18 5*114.3 ET50 DIA 71.60import -dshinservicedezent 8J R18 5*114.3 ET40 DIA 71.60import -dshinservicedezent 8J R18 5*120 ET45 DIA 72.60import -dshinservicedezent 8J R18 5*114.3 ET40 DIA 71.60import -dshinservicedezent 8J R18 5*114.3 ET45 DIA 71.60import -dshinservicedezent 6.5J R16 6*130 ET62 DIA 84.10import -dshinservicedezent 8J R18 5*114.3 ET45 DIA 71.60import -dshinserviceкик 6J R16 5*100 ET40 DIA 67.10import -dshinserviceкик 6J R15 4*100 ET50 DIA 60.10import -dshinservicen2o 7.5J R18 5*112 ET42 DIA 57.10import -dshinservicen2o 6.5J R17 5*114.3 ET45 DIA 60.10import -dshinserviceкик 8J R16 6*139.7 ET20 DIA 110.10import -dshinserviceкик 8J R18 5*112 ET56 DIA 66.60import -dshinserviceкик 8J R18 5*112 ET56 DIA 66.60import -dshinservicedezent 7J R17 5*112 ET38 DIA 70.10import -dshinservicelegeartis optima 9J R20 5*112 ET33 DIA 66.60import -dshinservicelegeartis concept 7.5J R18 6*139.7 ET25 DIA 106.30import -dshinservicelegeartis concept 7.5J R17 6*139.7 ET25 DIA 106.30import -dshinservicelegeartis concept 8J R18 5*112 ET25 DIA 66.60import -dshinservicedezent 6J R15 4*108 ET15 DIA 65.10import -dshinservicen2o 6J R15 4*100 ET46 DIA 54.10import -dshinservicen2o 7J R16 5*114.3 ET45 DIA 60.10import -dshinservicerplc 6.5J R16 5*114.3 ET40 DIA 60.10import -dshinservicetrebl 6.5J R16 5*114.3 ET41 DIA 67.10import -dshinserviceскад 7.5J R17 5*100 ET36 DIA 57.10import -dshinserviceскад 7.5J R17 5*120 ET37 DIA 72.60import -dshinserviceскад 7J R17 5*108 ET50 DIA 63.35import -dshinserviceскад 7J R18 5*114.3 ET41 DIA 67.10import -dshinserviceскад 6J R15 4*100 ET48 DIA 54.10import -dshinservicedezent 8J R18 5*108 ET45 DIA 70.10import -dshinservicedezent 7.5J R18 5*115 ET42 DIA 70.20import -dshinservicedezent 7.5J R16 5*112 ET35 DIA 70.10import -dshinservicedezent 6.5J R16 4*100 ET40 DIA 60.10import -dshinservicedezent 6.5J R16 5*108 ET50 DIA 63.40import -dshinservicedezent 6.5J R16 5*112 ET46 DIA 57.10import -dshinservicedezent 6.5J R16 5*114.3 ET42.5 DIA 67.10import -dshinservicedezent 7J R17 5*115 ET44 DIA 70.20import -dshinservicedezent 7.5J R17 5*114.3 ET45 DIA 71.60import -dshinservicedezent 6.5J R16 5*112 ET33 DIA 57.10import -dshinservicedezent 6.5J R16 5*112 ET33 DIA 57.10import -dshinservicedezent 6.5J R16 5*112 ET52 DIA 66.60import -dshinservicedezent 6.5J R16 5*160 ET60 DIA 65.10import -dshinservicedezent 6.5J R16 5*112 ET52 DIA 66.60import -dshinservicedezent 7.5J R18 5*112 ET38 DIA 70.10import -dshinservicedezent 8J R18 5*112 ET35 DIA 70.10import -dshinservicedezent 6.5J R16 5*130 ET68 DIA 78.10import -dshinservicedezent 6.5J R16 5*160 ET60 DIA 65.10import -dshinservicedotz 7J R16 5*112 ET35 DIA 70.10import -dshinservicealcar hybridrad 6J R15 5*112 ET43 DIA 57.10import -dshinservicedezent 8.5J R19 5*120 ET35 DIA 72.60import -dshinserviceкик 7.5J R18 6*114.3 ET38 DIA 67.10import -dshinserviceкик 6J R15 5*100 ET38 DIA 57.10import -dshinserviceскад 7J R17 5*114.3 ET40 DIA 66.10import -dshinservicen2o 7.5J R18 5*112 ET42 DIA 57.10import -dshinservicen2o 6J R15 4*100 ET46 DIA 54.10import -dshinservicen2o 7.5J R18 5*112 ET42 DIA 57.10import -dshinservicen2o 7.5J R18 5*112 ET42 DIA 57.10import -dshinservicen2o 7J R17 5*112 ET40 DIA 57.10import -dshinservicen2o 7.5J R17 5*114.3 ET45 DIA 60.10import -dshinserviceскад 7J R17 5*108 ET45 DIA 63.35import -dshinservicen2o 7J R15 5*114.3 ET38 DIA 73.10import -dshinserviceyamato samurai 7.5J R18 5*112 ET42 DIA 57.10import -dshinserviceyamato samurai 7.5J R18 5*112 ET42 DIA 57.10import -dshinserviceyamato samurai 7J R17 5*112 ET40 DIA 57.10import -dshinservicedezent 8.5J R19 5*120 ET40 DIA 72.60import -dshinserviceскад 6J R15 5*114.3 ET38 DIA 67.10import -dshinserviceскад 6J R16 4*100 ET41 DIA 60.10import -dshinserviceскад 6J R16 4*100 ET50 DIA 60.10import -dshinserviceскад 6J R16 4*100 ET41 DIA 60.10import -dshinserviceскад 7.5J R17 4*100 ET42 DIA 67.10import -dshinserviceскад 7.5J R17 4*100 ET42 DIA 67.10import -dshinserviceкик 6.5J R16 5*114.3 ET45 DIA 67.10import -dshinserviceкик 6.5J R16 5*114.3 ET46 DIA 67.10import -dshinserviceскад 6J R15 4*100 ET38 DIA 67.10import -dshinservicerplc 6J R15 4*100 ET46 DIA 54.10import -dshinserviceaez 8.5J R20 5*112 ET28 DIA 70.10import -dshinservicelegeartis optima 8J R18 5*114.3 ET44 DIA 63.30import -dshinservicetrebl 6.5J R16 5*112 ET39.5 DIA 66.60import -dshinserviceкик 7J R17 5*112 ET49 DIA 57.10import -dshinserviceкик 8J R16 6*139.7 ET0 DIA 108.50import -dshinserviceскад 6J R15 4*100 ET38 DIA 67.10import -dshinserviceскад 7J R18 5*100 ET48 DIA 56.10import -dshinserviceскад 6J R15 4*100 ET45 DIA 67.10import -dshinserviceскад 6J R15 4*98 ET38 DIA 58.60import -dshinserviceскад 6.5J R16 5*139.7 ET40 DIA 98.60import -dshinserviceскад 6J R16 4*100 ET41 DIA 60.10import -dshinserviceскад 6J R16 4*100 ET41 DIA 60.10import -dshinserviceifree 7J R17 5*100 ET40 DIA 57.10import -dshinserviceifree 7J R17 5*100 ET48 DIA 56.10import -dshinserviceifree 7J R17 5*108 ET50 DIA 63.35import -dshinserviceifree 7J R17 5*114.3 ET39 DIA 60.10import -dshinserviceifree 7J R17 5*114.3 ET39 DIA 60.10import -dshinserviceifree 7J R17 5*114.3 ET39 DIA 60.10import -dshinserviceifree 7J R17 5*114.3 ET40 DIA 66.10import -dshinserviceifree 7J R17 5*114.3 ET45 DIA 60.10import -dshinserviceifree 7J R17 5*114.3 ET50 DIA 67.10import -dshinserviceifree 6.5J R16 5*100 ET40 DIA 67.10import -dshinserviceifree 6.5J R16 5*114.3 ET35 DIA 67.10import -dshinserviceifree 6.5J R16 5*114.3 ET50 DIA 66.10import -dshinserviceifree 6.5J R16 5*114.3 ET50 DIA 67.10import -dshinserviceifree 6.5J R16 5*114.3 ET50 DIA 67.10import -dshinserviceifree 6.5J R16 5*114.3 ET35 DIA 67.10import -dshinserviceкик 6.5J R15 5*108 ET50 DIA 63.35import -dshinserviceкик 7J R17 5*110 ET51 DIA 67.10import -dshinserviceкик 7.5J R18 6*139.7 ET38 DIA 100.10import -dshinserviceifree 6.5J R16 5*114.3 ET50 DIA 66.10import -dshinserviceifree 7J R16 5*108 ET50 DIA 63.35import -dshinserviceifree 6.5J R16 5*114.3 ET40 DIA 66.10import -dshinserviceifree 5.5J R14 4*100 ET43 DIA 60.10import -dshinserviceifree 7J R17 5*114.3 ET38 DIA 66.10import -dshinserviceifree 7J R17 5*114.3 ET38 DIA 66.10import -dshinserviceifree 7J R17 5*114.3 ET45 DIA 60.10import -dshinserviceifree 6.5J R16 5*114.3 ET45 DIA 60.10import -dshinserviceifree 6.5J R16 5*108 ET50 DIA 63.35import -dshinserviceifree 7.5J R18 5*114.3 ET40 DIA 66.10import -dshinserviceifree 7J R16 5*100 ET40 DIA 67.10import -dshinserviceifree 7J R16 5*114.3 ET34 DIA 66.10import -dshinserviceifree 6.5J R16 5*100 ET38 DIA 67.10import -dshinserviceifree 6.5J R16 5*114.3 ET38 DIA 67.10import -dshinserviceifree 6.5J R16 5*114.3 ET50 DIA 67.10import -dshinserviceifree 7J R16 5*100 ET40 DIA 67.10import -dshinserviceaez 9J R20 5*130 ET50 DIA 71.60import -dshinserviceaez 9.5J R20 5*112 ET43 DIA 66.60import -dshinserviceaez 10J R20 5*120 ET35 DIA 64.10import -dshinserviceaez 10J R21 5*108 ET35 DIA 63.40import -dshinservicedotz 8J R18 5*112 ET48 DIA 70.10import -dshinserviceifree 5.5J R13 4*98 ET35 DIA 58.60import -dshinserviceскад 5.5J R13 4*98 ET35 DIA 58.60import -dshinserviceскад 6.5J R16 5*112 ET33 DIA 57.10import -dshinserviceifree 6J R14 4*100 ET38 DIA 67.10import -dshinserviceкик 7.5J R17 5*108 ET52.5 DIA 63.35import -dshinserviceскад 6J R15 4*100 ET40 DIA 60.10import -dshinserviceскад 6J R15 4*100 ET45 DIA 67.10import -dshinserviceскад 6J R16 5*114.3 ET46 DIA 67.10import -dshinserviceскад 6J R16 4*100 ET45 DIA 60.10import -dshinservicetrebl 6J R16 4*100 ET49 DIA 54.10import -dshinservicetrebl 6.5J R16 5*114.3 ET42.5 DIA 67.10import -dshinservicetrebl 6.5J R16 5*114.3 ET40 DIA 60.10import -dshinservicetrebl 6J R16 4*100 ET41 DIA 60.10import -dshinserviceaez 7.5J R18 5*112 ET51 DIA 57.10import -dshinserviceaez 8J R18 5*120 ET43 DIA 72.60import -dshinserviceaez 8J R18 5*120 ET45 DIA 72.60import -dshinserviceyamato 6.5J R16 5*114.3 ET46 DIA 67.10import -dshinserviceyamato 7J R17 5*112 ET40 DIA 57.10import -dshinserviceyamato 7J R17 5*114.3 ET46 DIA 67.10import -dshinserviceyamato 7J R17 5*108 ET42 DIA 65.10import -dshinservicetrebl 7J R17 5*114.3 ET45 DIA 67.10import -dshinserviceifree 6J R15 4*100 ET50 DIA 60.10import -dshinserviceifree 6.5J R16 5*139.7 ET40 DIA 98.10import -dshinserviceifree 6J R15 4*100 ET40 DIA 60.10import -dshinservicealcar hybridrad 6.5J R16 5*100 ET48 DIA 56.10import -dshinserviceaez 8J R20 5*112 ET45 DIA 70.10import -dshinserviceaez 8.5J R19 5*120 ET50 DIA 65.10import -dshinserviceaez 8J R19 5*120 ET35 DIA 72.60import -dshinserviceaez 8.5J R19 5*114.3 ET28 DIA 71.60import -dshinserviceaez 8J R20 5*112 ET40 DIA 70.10import -dshinservicedezent 7J R16 6*139.7 ET55 DIA 93.10import -dshinservicedezent 8J R18 5*108 ET40 DIA 70.10import -dshinservicedezent 8J R18 5*112 ET35 DIA 70.10import -dshinservicedezent 7.5J R18 5*108 ET52.5 DIA 63.40import -dshinservicedezent 8J R18 5*114.3 ET34 DIA 71.60import -dshinservicedezent 8J R18 5*114.3 ET40 DIA 71.60import -dshinservicedezent 8J R18 5*114.3 ET45 DIA 71.60import -dshinservicedezent 8J R18 5*114.3 ET34 DIA 71.60import -dshinservicedezent 8J R18 5*114.3 ET40 DIA 71.60import -dshinservicedezent 8J R18 5*114.3 ET45 DIA 71.60import -dshinservicedezent 7.5J R18 5*114.3 ET50 DIA 71.60import -dshinservicedezent 8J R18 5*112 ET30 DIA 66.60import -dshinservicedezent 7.5J R18 5*114.3 ET50 DIA 71.60import -dshinservicedezent 7.5J R17 5*112 ET27 DIA 66.60import -dshinservicedezent 7J R17 5*115 ET43 DIA 70.20import -dshinservicen2o 8J R18 6*139.7 ET25 DIA 78.10import -dshinservicen2o 8J R18 6*139.7 ET38 DIA 67.10import -dshinservicen2o 7J R17 5*114.3 ET39 DIA 60.10import -dshinserviceyamato samurai 7.5J R18 5*112 ET42 DIA 57.10import -dshinserviceyamato samurai 7.5J R18 5*114.3 ET38 DIA 67.10import -dshinserviceyamato samurai 7.5J R18 5*108 ET50 DIA 63.30import -dshinserviceyamato samurai 7.5J R18 5*112 ET42 DIA 57.10import -dshinserviceifree 5.5J R14 4*98 ET35 DIA 58.60import -dshinserviceifree 6.5J R16 5*114.3 ET50 DIA 66.10import -dshinserviceifree 7J R17 5*114.3 ET39 DIA 60.10import -dshinserviceifree 7J R17 5*114.3 ET45 DIA 60.10import -dshinserviceifree 6.5J R16 5*114.3 ET39 DIA 66.10import -dshinserviceifree 6.5J R16 5*114.3 ET50 DIA 67.10import -dshinserviceifree 7J R17 5*114.3 ET35 DIA 67.10import -dshinserviceifree 7J R17 5*100 ET38 DIA 67.10import -dshinserviceifree 7J R17 5*114.3 ET38 DIA 66.10import -dshinserviceifree 7J R17 5*114.3 ET45 DIA 67.10import -dshinserviceifree 7J R17 5*114.3 ET45 DIA 67.10import -dshinserviceскад 5.5J R14 4*100 ET38 DIA 67.10import -dshinservicelegeartis concept 8J R18 5*112 ET34 DIA 57.10import -dshinservicelegeartis concept 6.5J R16 5*114.3 ET45 DIA 60.10import -dshinservicelegeartis concept 7.5J R17 5*114.3 ET39 DIA 60.10import -dshinservicelegeartis concept 7.5J R17 5*114.3 ET45 DIA 60.10import -dshinservicelegeartis concept 7.5J R17 5*114.3 ET45 DIA 60.10import -dshinservicelegeartis concept 7.5J R17 5*114.3 ET39 DIA 60.10import -dshinservicetrebl 6J R15 4*100 ET45 DIA 56.60import -dshinserviceкик 7J R17 6*114.3 ET39 DIA 67.10import -dshinservicetrebl 6.5J R16 5*114.3 ET45 DIA 67.10import -dshinservicerplc 6J R15 4*100 ET46 DIA 54.10import -dshinserviceifree 6.5J R16 5*112 ET46 DIA 57.10import -dshinserviceifree 6.5J R16 5*114.3 ET35 DIA 67.10import -dshinserviceifree 6.5J R16 5*114.3 ET45 DIA 60.10import -dshinserviceifree 6.5J R16 5*114.3 ET45 DIA 67.10import -dshinserviceifree 7J R17 5*114.3 ET45 DIA 67.10import -dshinserviceifree 6J R15 4*100 ET46 DIA 54.10import -dshinserviceкик 6.5J R16 5*114.3 ET45 DIA 67.10import -dshinserviceскад 6J R15 4*100 ET45 DIA 67.10import -dshinserviceскад 6J R15 4*100 ET38 DIA 67.10import -dshinserviceскад 5.5J R14 4*100 ET49 DIA 56.60import -dshinserviceскад 5.5J R14 4*100 ET35 DIA 67.10import -dshinserviceскад 5.5J R14 4*100 ET38 DIA 67.10import -dshinserviceскад 6J R15 5*114.3 ET45 DIA 67.10import -dshinserviceскад 5J R13 4*98 ET35 DIA 58.60import -dshinservicedezent 7.5J R17 5*110 ET33 DIA 65.10import -dshinserviceaez 10.5J R20 5*130 ET64 DIA 71.60import -dshinservicetrebl 6J R15 4*100 ET46 DIA 54.10import -dshinservicetrebl 6.5J R16 5*114.3 ET39 DIA 60.10import -dshinservicelegeartis concept 8J R18 5*112 ET34 DIA 57.10import -dshinservicelegeartis concept 8J R18 5*112 ET39 DIA 66.60import -dshinservicelegeartis concept 7.5J R18 5*114.3 ET48.5 DIA 67.10import -dshinservicelegeartis concept 8J R18 5*114.3 ET30 DIA 60.10import -dshinservicelegeartis concept 8J R18 5*114.3 ET45 DIA 60.10import -dshinservicelegeartis concept 8J R18 5*114.3 ET50 DIA 60.10import -dshinservicelegeartis concept 6.5J R16 5*114.3 ET40 DIA 60.10import -dshinservicelegeartis concept 6.5J R16 5*114.3 ET45 DIA 60.10import -dshinservicelegeartis concept 8J R18 5*114.3 ET35 DIA 60.10import -dshinservicelegeartis concept 8J R18 5*114.3 ET45 DIA 60.10import -dshinservicelegeartis concept 8J R18 5*114.3 ET50 DIA 60.10import -dshinservicen2o 7.5J R18 5*114.3 ET45 DIA 67.10import -dshinservicedezent 7J R17 5*108 ET48 DIA 70.10import -dshinservicedezent 7J R17 5*108 ET48 DIA 70.10import -dshinservicedezent 6J R15 5*100 ET38 DIA 57.10import -dshinservicedezent 7J R17 5*108 ET48 DIA 70.10import -dshinservicedezent 7J R17 5*114.3 ET48 DIA 71.60import -dshinservicedezent 6.5J R16 5*112 ET46 DIA 57.10import -dshinservicedezent 6.5J R16 5*112 ET46 DIA 57.10import -dshinservicedezent 7J R17 5*108 ET42 DIA 65.10import -dshinservicedezent 7J R17 5*108 ET45 DIA 63.40import -dshinservicedezent 7J R17 5*112 ET40 DIA 57.10import -dshinservicedezent 7J R17 5*114.3 ET39 DIA 60.10import -dshinservicedezent 7J R17 5*114.3 ET40 DIA 66.10import -dshinservicedezent 7J R17 5*114.3 ET48.5 DIA 67.10import -dshinservicedezent 7.5J R17 5*108 ET50.5 DIA 63.40import -dshinservicedezent 7.5J R17 5*108 ET52.5 DIA 63.40import -dshinservicedezent 7.5J R17 5*112 ET36 DIA 66.60import -dshinservicedezent 7.5J R17 5*112 ET38 DIA 66.60import -dshinservicedezent 7.5J R17 5*112 ET40 DIA 66.60import -dshinservicedezent 7.5J R17 5*112 ET52 DIA 66.60import -dshinservicedezent 7J R17 5*108 ET45 DIA 63.40import -dshinservicedezent 7J R17 5*112 ET40 DIA 57.10import -dshinservicedezent 7J R17 5*114.3 ET39 DIA 60.10import -dshinservicedezent 7J R17 5*114.3 ET40 DIA 66.10import -dshinservicedezent 7J R17 5*114.3 ET48.5 DIA 67.10import -dshinservicedezent 7J R17 5*114.3 ET50 DIA 67.10import -dshinservicedezent 7.5J R17 5*108 ET50.5 DIA 63.40import -dshinservicedezent 7.5J R17 5*108 ET52.5 DIA 63.40import -dshinservicedezent 7.5J R17 5*112 ET38 DIA 66.60import -dshinservicedezent 7.5J R17 5*112 ET40 DIA 66.60import -dshinservicedezent 7.5J R17 5*112 ET52 DIA 66.60import -dshinservicedezent 7.5J R18 5*108 ET50.5 DIA 63.40import -dshinservicedezent 8J R18 5*112 ET39 DIA 66.60import -dshinservicedezent 8J R18 5*112 ET43 DIA 66.60import -dshinservicedezent 7.5J R18 5*108 ET50.5 DIA 63.40import -dshinservicedezent 7.5J R18 5*112 ET51 DIA 66.60import -dshinservicedezent 8J R18 5*108 ET42 DIA 63.40import -dshinservicedezent 8J R18 5*112 ET38 DIA 66.60import -dshinservicedezent 8J R18 5*112 ET39 DIA 66.60import -dshinservicedezent 8J R18 5*112 ET43 DIA 66.60import -dshinservicedezent 6J R15 4*100 ET40 DIA 60.10import -dshinservicedezent 6J R15 4*100 ET40 DIA 60.10import -dshinservicedezent 6J R15 4*100 ET46 DIA 54.10import -dshinservicedezent 6J R15 4*100 ET46 DIA 54.10import -dshinservicedezent 6J R15 4*100 ET47 DIA 54.10import -dshinservicedezent 6J R15 4*100 ET38 DIA 60.10import -dshinservicedezent 6J R15 4*100 ET38 DIA 60.10import -dshinservicedezent 6J R15 4*100 ET44 DIA 60.10import -dshinservicedezent 6.5J R16 5*114.3 ET50 DIA 67.10import -dshinservicedezent 6.5J R16 5*114.3 ET45 DIA 60.10import -dshinservicedezent 6.5J R16 5*114.3 ET40 DIA 60.10import -dshinservicedezent 6.5J R16 4*100 ET40 DIA 60.10import -dshinservicedezent 6.5J R16 4*100 ET45 DIA 60.10import -dshinservicedezent 6.5J R16 4*100 ET40 DIA 60.10import -dshinservicedezent 6.5J R16 5*114.3 ET45 DIA 67.10import -dshinservicedezent 6.5J R16 5*114.3 ET45 DIA 67.10import -dshinservicedezent 6.5J R16 5*114.3 ET50 DIA 67.10import -dshinservicedezent 6.5J R16 5*100 ET38 DIA 57.10import -dshinservicedezent 6.5J R16 5*100 ET38 DIA 57.10import -dshinservicedezent 6.5J R16 5*105 ET38 DIA 56.60import -dshinservicedezent 6.5J R16 5*105 ET38 DIA 56.60import -dshinservicedezent 6.5J R16 5*114.3 ET50 DIA 66.10import -dshinservicedezent 6.5J R16 5*114.3 ET40 DIA 71.60import -dshinservicedezent 6.5J R16 4*100 ET40 DIA 60.10import -dshinservicedezent 6.5J R16 4*100 ET40 DIA 60.10import -dshinservicedezent 6.5J R16 4*100 ET45 DIA 60.10import -dshinservicedezent 7J R17 5*114.3 ET45 DIA 67.10import -dshinservicedezent 7J R17 5*112 ET40 DIA 57.10import -dshinservicedezent 7.5J R17 5*114.3 ET47 DIA 67.10import -dshinservicedezent 7J R17 5*112 ET40 DIA 57.10import -dshinservicedezent 7J R17 5*114.3 ET45 DIA 67.10import -dshinservicedezent 7J R17 4*100 ET45 DIA 60.10import -dshinservicedezent 7J R17 5*114.3 ET40 DIA 71.60import -dshinserviceкик 6J R16 4*100 ET49 DIA 54.10import -dshinserviceкик 6J R16 4*100 ET50 DIA 60.10import -dshinservicedezent 8J R17 5*120 ET34 DIA 72.60import -dshinservicemagnetto 6J R15 4*100 ET50 DIA 60.10import -dshinservicedotz 4x4 stahlrader 7J R16 6*139.7 ET33 DIA 100.10import -dshinservicealcar stahlrad (kfz) 6.5J R16 5*110 ET40 DIA 65.10import -dshinservicealcar stahlrad (kfz) 6.5J R16 6*125 ET68 DIA 74.10import -dshinservicealcar stahlrad (kfz) 7J R17 5*114.3 ET35 DIA 60.10import -dshinservicerplc 6J R15 4*100 ET46 DIA 54.10import -dshinservicelegeartis concept 11J R21 5*130 ET58 DIA 71.60import -dshinservicelegeartis optima 7.5J R17 5*108 ET52.5 DIA 63.30import -dshinservicelegeartis optima 7.5J R17 5*108 ET52.5 DIA 63.30import -dshinservicelegeartis concept 6.5J R16 5*114.3 ET45 DIA 67.10import -dshinservicelegeartis concept 6.5J R17 5*114.3 ET48 DIA 67.10import -dshinserviceaez 9J R20 5*112 ET33 DIA 66.60import -dshinserviceaez 9J R20 5*112 ET26 DIA 66.60import -dshinserviceaez 10.5J R20 5*130 ET64 DIA 71.60import -dshinserviceaez 10J R21 5*112 ET45 DIA 66.60import -dshinservicedezent 7.5J R17 5*108 ET48 DIA 70.10import -dshinserviceaez 8.5J R19 5*130 ET47 DIA 71.60import -dshinserviceaez 9.5J R19 5*130 ET54 DIA 71.60import -dshinserviceaez 10J R20 5*112 ET19 DIA 66.60import -dshinserviceaez 10J R20 5*120 ET40 DIA 74.10import -dshinserviceaez 10J R21 5*112 ET33 DIA 66.60import -dshinserviceaez 7.5J R17 5*112 ET48 DIA 70.10import -dshinservicedotz 7.5J R17 5*114.3 ET48 DIA 71.60import -dshinservicedotz 8J R18 5*108 ET45 DIA 70.10import -dshinservicedotz 8J R18 5*112 ET35 DIA 70.10import -dshinservicedotz 8J R18 5*112 ET40 DIA 70.10import -dshinservicedotz 8J R18 5*108 ET45 DIA 70.10import -dshinservicedotz 8J R18 5*112 ET40 DIA 70.10import -dshinserviceaez 8J R19 5*112 ET21 DIA 66.60import -dshinserviceaez 9J R19 5*120 ET37 DIA 74.10import -dshinserviceaez 9J R20 5*112 ET33 DIA 66.60import -dshinserviceaez 9J R20 5*112 ET57 DIA 66.60import -dshinserviceкик 6J R15 4*100 ET37 DIA 60.10import -dshinserviceaez 8J R20 5*112 ET30 DIA 70.10import -dshinserviceaez 9.5J R19 5*120 ET48 DIA 72.60import -dshinserviceaez 8J R20 5*108 ET40 DIA 63.40import -dshinserviceaez 9J R20 5*130 ET57 DIA 71.60import -dshinserviceaez 8J R19 5*108 ET45 DIA 63.40import -dshinserviceaez 8J R20 5*108 ET49.5 DIA 63.40import -dshinserviceaez 8J R20 5*112 ET28 DIA 66.60import -dshinserviceaez 8.5J R20 5*108 ET45 DIA 63.40import -dshinserviceaez 9J R20 5*130 ET57 DIA 71.60import -dshinserviceaez 10J R21 5*130 ET45 DIA 71.60import -dshinserviceкик 7J R16 6*139.7 ET38 DIA 67.10import -dshinservicelegeartis concept 6.5J R16 5*114.3 ET40 DIA 60.10import -dshinservicelegeartis concept 7.5J R17 5*114.3 ET39 DIA 60.10import -dshinservicelegeartis concept 7.5J R17 5*114.3 ET45 DIA 60.10import -dshinservicelegeartis concept 8J R18 5*114.3 ET50 DIA 60.10import -dshinservicelegeartis concept 8J R18 5*114.3 ET50 DIA 60.10import -dshinservicelegeartis optima 7.5J R18 5*114.3 ET49.5 DIA 67.10import -dshinservicelegeartis concept 6.5J R16 5*114.3 ET45 DIA 60.10import -dshinserviceкик 7J R16 5*114.3 ET45 DIA 60.10import -dshinserviceскад 6J R15 4*100 ET48 DIA 54.10import -dshinserviceскад 6J R15 5*114.3 ET38 DIA 67.10import -dshinserviceскад 5.5J R14 4*100 ET45 DIA 56.60import -dshinservicelegeartis concept 8.5J R18 5*112 ET29 DIA 66.60import -dshinservicelegeartis optima 8J R18 5*112 ET38 DIA 66.60import -dshinservicelegeartis optima 8J R18 5*112 ET43 DIA 66.60import -dshinservicen2o 7.5J R18 5*114.3 ET38 DIA 67.10import -dshinservicen2o 7.5J R18 5*114.3 ET38 DIA 67.10import -dshinserviceскад 7J R17 5*112 ET45 DIA 57.10import -dshinserviceскад 7J R17 5*112 ET43 DIA 66.60import -dshinserviceскад 8J R18 5*114.3 ET40 DIA 67.10import -dshinserviceскад 8J R18 5*114.3 ET40 DIA 67.10import -dshinserviceскад 8J R18 5*120 ET35 DIA 72.60import -dshinserviceскад 7.5J R18 5*114.3 ET40 DIA 67.10import -dshinserviceскад 7J R18 5*114.3 ET42 DIA 67.10import -dshinserviceскад 7J R18 5*112 ET45 DIA 66.60import -dshinserviceifree 6.5J R16 5*108 ET50 DIA 63.35import -dshinserviceifree 6J R15 5*114.3 ET45 DIA 67.10import -dshinserviceifree 7J R17 5*114.3 ET39 DIA 60.10import -dshinserviceifree 7J R17 5*100 ET45 DIA 67.10import -dshinserviceifree 7J R17 5*112 ET43 DIA 57.10import -dshinservicealcar stahlrad (kfz) 7J R16 5*114.3 ET40 DIA 60.10import -dshinserviceкик 6J R16 5*114.3 ET50 DIA 67.10import -dshinservicemagnetto 7J R16 5*108 ET46 DIA 65.10import -dshinserviceтзск 5.5J R13 4*98 ET35 DIA 58.60import -dshinserviceтзск 6J R15 4*100 ET50 DIA 60.10import -dshinserviceтзск 5.5J R13 4*98 ET35 DIA 58.60import -dshinserviceifree 7J R17 5*108 ET50 DIA 63.35import -dshinserviceifree 7.5J R18 5*114.3 ET35 DIA 67.10import -dshinservicen2o 6J R14 4*100 ET43 DIA 60.10import -dshinservicen2o 5.5J R14 4*100 ET43 DIA 60.10import -dshinserviceскад 6J R15 4*100 ET38 DIA 67.10import -dshinserviceскад 6J R15 4*100 ET38 DIA 67.10import -dshinserviceremain 6J R15 4*100 ET48 DIA 54.10import -dshinserviceскад 6J R15 5*100 ET38 DIA 57.10import -dshinserviceifree 7J R16 5*139.7 ET35 DIA 98.10import -dshinserviceifree 6.5J R15 5*110 ET35 DIA 65.10import -dshinservicealcar hybridrad 6.5J R16 5*108 ET47 DIA 65.10import -dshinserviceifree 7.5J R18 5*108 ET49 DIA 67.10import -dshinserviceкик 6J R15 4*114.3 ET44 DIA 56.60import -dshinserviceifree 6.5J R16 5*112 ET46 DIA 57.10import -dshinserviceкик 7J R17 5*112 ET54 DIA 57.10import -dshinserviceifree 7J R16 5*114.3 ET34 DIA 67.10import -dshinserviceскад 6J R16 5*114.3 ET43 DIA 67.10import -dshinserviceскад 7J R16 5*139.7 ET40 DIA 98.60import -dshinserviceскад 7J R17 5*114.3 ET45 DIA 60.10import -dshinserviceскад 7J R17 5*108 ET50 DIA 63.35import -dshinserviceскад 7J R17 5*114.3 ET47 DIA 66.10import -dshinserviceскад 6.5J R17 5*114.3 ET48 DIA 67.10import -dshinserviceскад 6.5J R17 5*114.3 ET48 DIA 67.10import -dshinserviceскад 6.5J R17 5*114.3 ET50 DIA 66.10import -dshinserviceскад 7J R16 5*100 ET38 DIA 67.10import -dshinserviceскад 6J R15 4*100 ET45 DIA 54.10import -dshinservicetrebl 5.5J R14 4*98 ET35 DIA 58.60import -dshinserviceскад 5.5J R14 4*98 ET38 DIA 58.60import -dshinserviceскад 7J R16 5*100 ET38 DIA 67.10import -dshinservicelegeartis concept 10.5J R20 5*112 ET40 DIA 66.60import -dshinservicelegeartis concept 10.5J R20 5*112 ET40 DIA 66.60import -dshinservicelegeartis concept 10.5J R22 5*112 ET43 DIA 66.60import -dshinserviceifree 7J R16 5*100 ET34 DIA 67.10import -dshinserviceifree 7J R16 5*110 ET34 DIA 65.10import -dshinserviceifree 6.5J R15 5*112 ET35 DIA 66.60import -dshinserviceifree 6.5J R16 5*108 ET48 DIA 67.10import -dshinserviceifree 7J R17 5*108 ET45 DIA 67.10import -dshinserviceifree 7J R17 5*108 ET45 DIA 67.10import -dshinserviceifree 6.5J R16 5*112 ET40 DIA 66.60import -dshinserviceifree 6.5J R15 5*112 ET35 DIA 66.60import -dshinserviceifree 6.5J R15 5*112 ET45 DIA 57.10import -dshinserviceскад 6J R16 4*100 ET50 DIA 60.10import -dshinserviceскад 6J R16 4*100 ET50 DIA 60.10import -dshinserviceскад 7J R17 5*112 ET43 DIA 57.10import -dshinserviceскад 6J R16 4*100 ET52 DIA 54.10import -dshinserviceскад 6J R16 5*114.3 ET43 DIA 67.10import -dshinserviceскад 6J R16 4*100 ET41 DIA 60.10import -dshinserviceifree 6J R16 4*100 ET45 DIA 60.10import -dshinservicerplc 8J R18 5*112 ET25 DIA 66.60import -dshinservicerplc 8J R18 5*112 ET25 DIA 66.60import -dshinservicerplc 8J R18 5*112 ET25 DIA 66.60import -dshinservicerplc 8J R18 5*112 ET30 DIA 66.60import -dshinservicerplc 8J R18 5*112 ET30 DIA 66.60import -dshinservicerplc 8J R18 5*112 ET30 DIA 66.60import -dshinserviceскад 7J R17 5*108 ET45 DIA 63.35import -dshinserviceскад 7J R17 5*108 ET45 DIA 63.35import -dshinserviceскад 7J R17 5*114.3 ET45 DIA 60.10import -dshinserviceскад 7J R17 5*100 ET48 DIA 56.10import -dshinserviceскад 7J R17 5*108 ET50 DIA 63.35import -dshinserviceскад 7J R17 5*114.3 ET47 DIA 66.10import -dshinserviceскад 7J R17 5*114.3 ET47 DIA 66.10import -dshinserviceскад 8J R18 5*112 ET40 DIA 57.10import -dshinserviceскад 7J R16 5*139.7 ET40 DIA 98.50import -dshinserviceскад 6.5J R16 5*114.3 ET46 DIA 67.10import -dshinserviceскад 6.5J R17 5*114.3 ET35 DIA 67.10import -dshinserviceскад 6J R16 4*98 ET35 DIA 58.60import -dshinserviceскад 6J R16 4*114.3 ET46 DIA 67.10import -dshinservicetrebl 7J R17 5*112 ET40 DIA 57.10import -dshinserviceremain 6J R15 4*100 ET48 DIA 54.10import -dshinserviceкик 7J R17 5*114.3 ET50 DIA 67.10import -dshinserviceкик 7.5J R17 5*120 ET45 DIA 65.10import -dshinserviceкик 5.5J R14 4*100 ET43 DIA 67.10import -dshinserviceкик 7J R16 5*120 ET43 DIA 65.10import -dshinserviceкик 7.5J R17 5*120 ET35 DIA 72.60import -dshinservicelegeartis optima 7.5J R17 5*114.3 ET45 DIA 60.10import -dshinservicelegeartis optima 7.5J R17 5*114.3 ET45 DIA 60.10import -dshinservicelegeartis optima 7.5J R17 5*114.3 ET45 DIA 60.10import -dshinserviceyamato samurai 7J R17 5*114.3 ET45 DIA 67.10import -dshinserviceскад 6J R15 4*100 ET45 DIA 67.10import -dshinserviceifree 6.5J R16 5*112 ET38 DIA 66.60import -dshinserviceifree 6.5J R16 5*105 ET39 DIA 56.60import -dshinserviceifree 6J R15 5*100 ET45 DIA 67.10import -dshinserviceifree 6.5J R16 5*108 ET40 DIA 67.10import -dshinserviceaez 10J R20 5*120 ET51 DIA 72.60import -dshinserviceaez 10J R21 5*120 ET40 DIA 74.10import -dshinserviceaez 11.5J R21 5*120 ET38 DIA 74.10import -dshinservicedezent 7.5J R17 5*112 ET29 DIA 66.60import -dshinservicedezent 7.5J R17 5*112 ET48 DIA 70.10import -dshinservicedezent 7.5J R17 5*112 ET40 DIA 70.10import -dshinservicedezent 7.5J R17 5*112 ET35 DIA 70.10import -dshinservicedezent 7.5J R17 5*108 ET48 DIA 70.10import -dshinservicedezent 7.5J R18 5*112 ET50 DIA 70.10import -dshinservicedezent 7.5J R18 5*108 ET48 DIA 70.10import -dshinservicedezent 7.5J R18 5*108 ET52.5 DIA 63.40import -dshinservicedezent 7.5J R17 5*112 ET27 DIA 66.60import -dshinserviceскад 7.5J R17 5*108 ET45 DIA 67.10import -dshinserviceскад 7.5J R17 5*114.3 ET45 DIA 67.10import -dshinserviceскад 7.5J R17 5*114.3 ET40 DIA 66.10import -dshinserviceскад 6.5J R17 5*114.3 ET45 DIA 67.10import -dshinserviceскад 6.5J R17 5*114.3 ET38 DIA 67.10import -dshinserviceскад 7J R17 5*112 ET43 DIA 57.10import -dshinserviceскад 7J R17 5*114.3 ET39 DIA 60.10import -dshinserviceскад 7J R17 5*114.3 ET39 DIA 60.10import -dshinserviceскад 7J R17 5*112 ET45 DIA 66.60import -dshinserviceскад 7J R17 5*112 ET45 DIA 66.60import -dshinserviceскад 7.5J R17 6*139.7 ET30 DIA 67.10import -dshinserviceскад 7J R17 5*108 ET50 DIA 63.35import -dshinserviceскад 7J R17 5*114.3 ET45 DIA 60.10import -dshinserviceскад 7J R17 5*114.3 ET45 DIA 60.10import -dshinserviceскад 7J R17 5*114.3 ET40 DIA 66.10import -dshinserviceскад 7J R17 5*114.3 ET47 DIA 67.10import -dshinserviceскад 7J R18 5*114.3 ET45 DIA 66.10import -dshinserviceкик 7J R17 5*112 ET48.5 DIA 66.60import -dshinserviceкик 6J R15 5*114.3 ET45 DIA 67.10import -dshinserviceкик 8.5J R19 5*120 ET45 DIA 72.60import -dshinserviceкик 8.5J R18 5*120 ET30 DIA 72.60import -dshinserviceкик 5J R13 4*100 ET35 DIA 67.10import -dshinserviceкик 6.5J R17 4*98 ET35 DIA 58.60import -dshinserviceкик 6.5J R17 4*100 ET35 DIA 67.10import -dshinserviceкик 6.5J R17 4*100 ET41 DIA 60.10import -dshinserviceкик 6.5J R16 5*114.3 ET45 DIA 60.10import -dshinserviceкик 7J R17 6*139.7 ET35 DIA 67.10import -dshinservicedezent 7.5J R18 5*112 ET38 DIA 70.10import -dshinservicedezent 7.5J R18 5*112 ET44 DIA 66.60import -dshinservicedezent 7.5J R18 5*108 ET48 DIA 70.10import -dshinservicedezent 7.5J R18 5*108 ET52.5 DIA 63.40import -dshinservicedezent 7J R16 5*112 ET35 DIA 70.10import -dshinservicedezent 7.5J R17 5*112 ET40 DIA 70.10import -dshinserviceкик 6.5J R16 5*112 ET46 DIA 57.10import -dshinservicetop driver 7J R17 5*114.3 ET52 DIA 67.10import -dshinserviceкик 6.5J R16 5*114.3 ET50 DIA 67.10import -dshinservicelegeartis concept 8J R18 6*139.7 ET25 DIA 106.10import -dshinservicelegeartis optima 7J R18 5*114.3 ET38 DIA 67.10import -dshinservicelegeartis optima 7J R18 5*114.3 ET38 DIA 67.10import -dshinservicelegeartis optima 8J R19 5*112 ET38 DIA 66.60import -dshinservicelegeartis optima 7J R18 5*112 ET43 DIA 57.10import -dshinservicelegeartis optima 7J R18 5*112 ET43 DIA 57.10import -dshinserviceскад 6.5J R16 5*139.7 ET40 DIA 98.60import -dshinserviceскад 6J R15 4*100 ET38 DIA 67.10import -dshinserviceскад 7J R17 5*114.3 ET45 DIA 67.10import -dshinserviceскад 6.5J R16 5*114.3 ET38 DIA 67.10import -dshinserviceскад 6.5J R16 5*114.3 ET50 DIA 60.10import -dshinserviceскад 6J R15 4*100 ET46 DIA 54.10import -dshinserviceскад 6J R15 4*100 ET48 DIA 54.10import -dshinserviceскад 6J R15 4*100 ET46 DIA 54.10import -dshinserviceскад 6.5J R16 5*114.3 ET50 DIA 67.10import -dshinserviceскад 7.5J R17 5*100 ET36 DIA 57.10import -dshinserviceкик 7.5J R17 5*108 ET45 DIA 67.10import -dshinserviceкик 7.5J R18 5*108 ET45 DIA 67.10import -dshinserviceкик 7.5J R18 5*114.3 ET37 DIA 67.10import -dshinserviceкик 7.5J R18 5*114.3 ET41 DIA 67.10import -dshinserviceкик 7.5J R18 5*114.3 ET45 DIA 67.10import -dshinserviceкик 6.5J R15 4*114.3 ET40 DIA 67.10import -dshinserviceкик 6.5J R16 5*108 ET50 DIA 63.35import -dshinserviceкик 6.5J R17 4*100 ET41 DIA 60.10import -dshinserviceскад 5.5J R14 4*100 ET38 DIA 67.10import -dshinserviceifree 7J R16 5*105 ET38 DIA 56.60import -dshinserviceкик 7.5J R17 5*114.3 ET46 DIA 67.10import -dshinserviceкик 7.5J R17 5*114.3 ET50 DIA 67.10import -dshinserviceкик 6.5J R17 5*114.3 ET49 DIA 67.10import -dshinserviceкик 6.5J R17 5*114.3 ET50 DIA 66.10import -dshinserviceкик 7.5J R17 5*114.3 ET52.5 DIA 67.10import -dshinserviceкик 6.5J R17 5*114.3 ET49 DIA 67.10import -dshinserviceifree 6.5J R16 5*114.3 ET45 DIA 67.10import -dshinservicerplc 7J R17 5*114.3 ET47 DIA 67.10import -dshinservicerplc 7J R17 5*114.3 ET47 DIA 67.10import -dshinservicelegeartis optima 8J R19 5*112 ET38 DIA 66.60import -dshinservicelegeartis optima 8J R19 5*112 ET43 DIA 66.60import -dshinserviceifree 7J R17 5*114.3 ET35 DIA 67.10import -dshinserviceifree 7J R17 5*114.3 ET39 DIA 60.10import -dshinserviceкик 6.5J R16 5*114.3 ET45 DIA 67.10import -dshinservicealcar stahlrad (kfz) 6.5J R16 5*108 ET47 DIA 65.10import -dshinservicelegeartis concept 8J R19 5*112 ET38 DIA 66.60import -dshinservicelegeartis concept 8J R19 5*112 ET38 DIA 66.60import -dshinservicelegeartis concept 8J R19 5*112 ET43 DIA 66.60import -dshinservicerplc 6J R16 4*100 ET50 DIA 60.10import -dshinserviceifree 7J R17 5*114.3 ET40 DIA 66.10import -dshinserviceifree 7J R17 5*108 ET45 DIA 67.10import -dshinserviceifree 7J R17 5*114.3 ET38 DIA 66.10import -dshinserviceifree 7J R17 5*114.3 ET39 DIA 60.10import -dshinserviceскад 7J R16 5*139.7 ET40 DIA 98.60import -dshinservicelegeartis concept 8J R19 5*112 ET38 DIA 66.60import -dshinservicelegeartis concept 8J R19 5*112 ET33 DIA 66.60import -dshinservicelegeartis concept 8J R19 5*112 ET33 DIA 66.60import -dshinservicelegeartis concept 8J R19 5*112 ET43.5 DIA 66.60import -dshinservicelegeartis concept 8.5J R20 5*112 ET53 DIA 66.60import -dshinservicelegeartis concept 8.5J R20 5*112 ET62 DIA 66.60import -dshinservicelegeartis concept 8.5J R20 5*112 ET62 DIA 66.60import -dshinservicelegeartis optima 7.5J R17 5*108 ET52.5 DIA 63.30import -dshinservicelegeartis optima 7J R17 5*114.3 ET45 DIA 67.10import -dshinserviceifree 6.5J R16 5*100 ET40 DIA 67.10import -dshinservicelegeartis concept 8.5J R20 5*112 ET29 DIA 66.60import -dshinservicelegeartis optima 7.5J R17 5*108 ET52.5 DIA 63.30import -dshinserviceкик 7J R17 5*112 ET43 DIA 57.10import -dshinservicetrebl 6J R15 4*114.3 ET44 DIA 56.60import -dshinservicelegeartis concept 7.5J R19 5*114.3 ET53 DIA 67.10import -dshinservicelegeartis concept 7.5J R19 5*114.3 ET50.5 DIA 67.10import -dshinservicelegeartis concept 8J R18 5*112 ET33 DIA 66.60import -dshinservicelegeartis concept 8J R18 5*112 ET38 DIA 66.60import -dshinservicelegeartis concept 8J R18 5*112 ET41 DIA 66.60import -dshinservicelegeartis concept 8J R18 5*112 ET41 DIA 66.60import -dshinservicelegeartis concept 8.5J R20 5*112 ET29 DIA 66.60import -dshinservicelegeartis concept 8.5J R20 5*112 ET29 DIA 66.60import -dshinservicelegeartis concept 8.5J R20 5*112 ET53 DIA 66.60import -dshinservicelegeartis concept 8.5J R20 5*112 ET53 DIA 66.60import -dshinservicelegeartis optima 7J R17 5*114.3 ET45 DIA 67.10import -dshinservicelegeartis optima 7J R17 5*114.3 ET45 DIA 67.10import -dshinservicelegeartis optima 7J R17 5*114.3 ET45 DIA 67.10import -dshinservicelegeartis optima 7J R17 5*114.3 ET40 DIA 66.10import -dshinservicelegeartis optima 7J R17 5*114.3 ET45 DIA 66.10import -dshinservicelegeartis optima 7J R17 5*112 ET40 DIA 57.10import -dshinserviceскад 7J R17 5*100 ET48 DIA 56.10import -dshinserviceскад 7.5J R17 5*120 ET43 DIA 72.60import -dshinservicedotz 4x4 stahlrader 7.5J R18 6*114.3 ET18 DIA 66.10import -dshinservicelegeartis concept 7.5J R18 5*114.3 ET45 DIA 64.10import -dshinservicelegeartis optima 7J R17 5*114.3 ET40 DIA 66.10import -dshinservicelegeartis optima 7J R17 5*114.3 ET47 DIA 66.10import -dshinservicelegeartis optima 8J R18 5*114.3 ET50 DIA 60.10import -dshinservicelegeartis optima 7J R17 5*112 ET40 DIA 57.10import -dshinservicelegeartis optima 7J R17 5*112 ET40 DIA 57.10import -dshinserviceскад 7J R17 5*112 ET43 DIA 57.10import -dshinserviceскад 7J R17 5*114.3 ET39 DIA 60.10import -dshinservicelegeartis concept 7J R17 5*114.3 ET45 DIA 67.10import -dshinservicelegeartis concept 8J R19 5*112 ET33 DIA 66.60import -dshinservicelegeartis concept 8J R19 5*112 ET43.5 DIA 66.60import -dshinservicelegeartis concept 9J R19 5*112 ET53 DIA 66.60import -dshinservicelegeartis concept 8.5J R20 5*112 ET29 DIA 66.60import -dshinservicelegeartis concept 7.5J R17 5*114.3 ET39 DIA 60.10import -dshinservicelegeartis concept 7.5J R17 5*114.3 ET45 DIA 60.10import -dshinservicelegeartis concept 7.5J R17 5*114.3 ET45 DIA 60.10import -dshinservicelegeartis concept 8J R18 5*114.3 ET50 DIA 60.10import -dshinservicelegeartis concept 8J R18 5*114.3 ET50 DIA 60.10import -dshinservicelegeartis optima 6J R16 5*114.3 ET43 DIA 67.10import -dshinservicelegeartis optima 6J R16 5*114.3 ET43 DIA 67.10import -dshinservicelegeartis optima 6J R16 5*114.3 ET43 DIA 67.10import -dshinservicelegeartis optima 6J R16 5*114.3 ET43 DIA 67.10import -dshinserviceifree 6.5J R16 5*114.3 ET40 DIA 66.10import -dshinserviceifree 7J R17 5*114.3 ET45 DIA 60.10import -dshinserviceifree 7J R17 5*114.3 ET45 DIA 67.10import -dshinserviceifree 6J R15 5*139.7 ET40 DIA 98.10import -dshinserviceкик 7J R15 5*139.7 ET20 DIA 110.10import -dshinserviceкик 6.5J R17 5*108 ET50 DIA 63.35import -dshinserviceкик 7J R16 5*114.3 ET45 DIA 67.10import -dshinserviceremain 6J R15 5*100 ET43 DIA 57.10import -dshinserviceremain 6J R15 5*100 ET40 DIA 57.10import -dshinserviceremain 6J R15 4*100 ET48 DIA 54.10import -dshinserviceremain 6J R15 4*100 ET46 DIA 54.10import -dshinserviceremain 6J R15 4*100 ET46 DIA 54.10import -dshinserviceremain 6.5J R16 5*114.3 ET46 DIA 67.10import -dshinserviceremain 6.5J R16 5*114.3 ET50 DIA 67.10import -dshinserviceremain 6.5J R16 5*114.3 ET45 DIA 64.10import -dshinserviceremain 6.5J R16 5*114.3 ET45 DIA 60.10import -dshinserviceremain 6.5J R16 5*114.3 ET45 DIA 60.10import -dshinserviceremain 6J R16 5*114.3 ET43 DIA 67.10import -dshinserviceremain 6.5J R16 5*114.3 ET50 DIA 66.10import -dshinserviceremain 6.5J R16 5*114.3 ET50 DIA 67.10import -dshinserviceremain 6.5J R16 5*114.3 ET47 DIA 66.10import -dshinserviceremain 6.5J R16 5*114.3 ET45 DIA 67.10import -dshinserviceremain 6.5J R16 5*114.3 ET45 DIA 67.10import -dshinserviceremain 6J R16 4*100 ET41 DIA 60.10import -dshinserviceremain 6.5J R16 5*114.3 ET45 DIA 60.10import -dshinserviceremain 6.5J R16 5*114.3 ET50 DIA 67.10import -dshinserviceremain 7J R16 5*139.7 ET40 DIA 98.10import -dshinserviceremain 6.5J R16 5*112 ET50 DIA 57.10import -dshinserviceremain 6.5J R16 5*114.3 ET50 DIA 66.10import -dshinserviceremain 6.5J R16 5*114.3 ET50 DIA 66.10import -dshinserviceremain 6J R16 4*100 ET50 DIA 60.10import -dshinserviceremain 6.5J R16 5*114.3 ET50 DIA 60.10import -dshinserviceremain 7J R17 5*114.3 ET53 DIA 67.10import -dshinserviceremain 7J R17 5*114.3 ET45 DIA 67.10import -dshinserviceifree 6J R15 4*100 ET38 DIA 67.10import -dshinservicelegeartis concept 6.5J R16 5*114.3 ET40 DIA 60.10import -dshinservicelegeartis concept 7.5J R17 5*114.3 ET39 DIA 60.10import -dshinservicelegeartis optima 7J R17 5*114.3 ET47 DIA 67.10import -dshinserviceremain 7J R17 5*112 ET40 DIA 57.10import -dshinserviceremain 7J R17 5*114.3 ET48.5 DIA 67.10import -dshinserviceremain 7J R17 5*112 ET40 DIA 57.10import -dshinserviceremain 7.5J R18 6*139.7 ET25 DIA 100.10import -dshinservicevector 7J R17 5*114.3 ET39 DIA 60.10import -dshinservicelegeartis optima 8J R18 5*114.3 ET44 DIA 63.30import -dshinservicelegeartis concept 8J R18 5*112 ET43 DIA 66.60import -dshinservicelegeartis concept 8J R18 5*112 ET43 DIA 66.60import -dshinservicelegeartis optima 7J R17 5*114.3 ET45 DIA 67.10import -dshinservicelegeartis optima 7J R17 5*114.3 ET45 DIA 67.10import -dshinservicelegeartis optima 7J R17 5*114.3 ET45 DIA 66.10import -dshinservicelegeartis optima 7J R17 5*114.3 ET47 DIA 66.10import -dshinservicelegeartis optima 7J R17 5*114.3 ET47 DIA 66.10import -dshinservicelegeartis optima 7J R17 5*112 ET40 DIA 57.10import -dshinservicelegeartis optima 8J R18 5*114.3 ET50 DIA 60.10import -dshinservicelegeartis concept 7.5J R17 6*139.7 ET46 DIA 67.10import -dshinservicelegeartis concept 7.5J R17 6*139.7 ET46 DIA 67.10import -dshinservicelegeartis concept 7.5J R18 6*139.7 ET46 DIA 67.10import -dshinserviceremain 7J R17 5*114.3 ET45 DIA 60.10import -dshinserviceremain 7J R17 5*114.3 ET39 DIA 60.10import -dshinserviceremain 7.5J R18 6*139.7 ET30 DIA 106.10import -dshinserviceremain 6.5J R16 5*114.3 ET50 DIA 67.10import -dshinserviceremain 7J R17 5*114.3 ET45 DIA 60.10import -dshinservicevector 7J R17 5*114.3 ET45 DIA 60.10import -dshinservicevector 7J R17 5*114.3 ET50 DIA 67.10import -dshinservicevector 6.5J R16 5*100 ET48 DIA 56.10import -dshinservicevector 6.5J R17 5*100 ET38 DIA 67.10import -dshinservicevector 6.5J R17 5*114.3 ET45 DIA 67.10import -dshinservicevector 6.5J R17 5*114.3 ET50 DIA 67.10import -dshinservicevector 7J R17 5*100 ET45 DIA 67.10import -dshinservicelegeartis optima 8J R18 5*114.3 ET44 DIA 63.30import -dshinservicelegeartis concept 7.5J R17 5*114.3 ET45 DIA 64.10import -dshinservicelegeartis concept 7.5J R17 5*114.3 ET45 DIA 64.10import -dshinservicelegeartis concept 7J R17 5*114.3 ET40 DIA 66.10import -dshinservicelegeartis concept 7J R17 5*114.3 ET40 DIA 66.10import -dshinservicelegeartis concept 7J R18 5*114.3 ET40 DIA 66.10import -dshinservicelegeartis concept 7J R17 5*112 ET40 DIA 57.10import -dshinservicelegeartis concept 7J R17 5*112 ET40 DIA 57.10import -dshinservicelegeartis concept 7J R17 5*112 ET40 DIA 57.10import -dshinservicelegeartis concept 7.5J R18 5*112 ET43 DIA 57.10import -dshinserviceremain 6J R15 4*100 ET48 DIA 54.10import -dshinserviceremain 7J R17 5*114.3 ET45 DIA 67.10import -dshinserviceremain 6.5J R16 5*114.3 ET45 DIA 67.10import -dshinserviceremain 7.5J R18 6*114.3 ET30 DIA 66.10import -dshinserviceremain 7.5J R18 6*127 ET30 DIA 77.90import -dshinserviceremain 6.5J R16 5*114.3 ET50 DIA 66.10import -dshinservicetrebl 7J R17 5*114.3 ET35 DIA 60.10import -dshinservicelegeartis concept 7.5J R18 5*114.3 ET50 DIA 67.10import -dshinservicelegeartis concept 8J R19 5*112 ET33 DIA 66.60import -dshinservicelegeartis concept 9J R19 5*112 ET28 DIA 66.60import -dshinservicelegeartis optima 8J R18 5*112 ET44 DIA 57.10import -dshinservicelegeartis optima 8J R18 5*112 ET44 DIA 57.10import -dshinservicelegeartis concept 7J R18 5*112 ET43 DIA 57.10import -dshinservicelegeartis concept 8.5J R20 5*112 ET42 DIA 66.60import -dshinserviceremain 6J R15 4*100 ET50 DIA 60.10import -dshinserviceremain 6J R15 4*100 ET46 DIA 54.10import -dshinserviceremain 7J R17 5*114.3 ET45 DIA 60.10import -dshinserviceremain 7J R17 5*114.3 ET45 DIA 60.10import -dshinserviceremain 7J R17 5*112 ET40 DIA 57.10import -dshinserviceremain 7.5J R18 5*114.3 ET45 DIA 67.10import -dshinserviceremain 7J R17 5*114.3 ET45 DIA 60.10import -dshinservicetrebl 5.5J R14 4*100 ET45 DIA 57.10import -dshinservicevector 7J R17 5*108 ET42 DIA 67.10import -dshinservicevector 7J R17 5*112 ET38 DIA 66.60import -dshinservicevector 7J R17 5*114.3 ET45 DIA 60.10import -dshinservicevector 7J R17 5*114.3 ET49 DIA 67.10import -dshinservicevector 7J R17 5*114.3 ET50 DIA 67.10import -dshinservicevector 7J R17 5*112 ET40 DIA 57.10import -dshinservicevector 7J R17 5*108 ET42 DIA 67.10import -dshinservicevector 7J R17 5*108 ET45 DIA 63.35import -dshinservicevector 7J R17 5*108 ET45 DIA 63.35import -dshinservicevector 7J R17 5*112 ET45 DIA 57.10import -dshinservicen2o 7J R17 5*114.3 ET48 DIA 67.10import -dshinserviceremain 7J R17 5*114.3 ET49 DIA 67.10import -dshinservicelegeartis concept 7J R18 5*112 ET43 DIA 57.10import -dshinservicelegeartis optima 8.5J R19 5*112 ET28 DIA 66.60import -dshinservicelegeartis concept 8.5J R19 5*112 ET36 DIA 66.60import -dshinservicealcasta 7J R17 5*114.3 ET45 DIA 67.10import -dshinserviceaez 8J R19 5*112 ET38 DIA 66.60import -dshinservicedezent 7J R17 5*112 ET45 DIA 57.10import -dshinservicedezent 7J R17 5*112 ET45 DIA 57.10import -dshinservicedezent 7.5J R17 5*127 ET40 DIA 71.60import -dshinservicedezent 7J R17 5*114.3 ET40 DIA 66.10import -dshinservicedezent 7J R17 5*108 ET45 DIA 63.40import -dshinservicedezent 7J R17 5*112 ET43 DIA 57.10import -dshinservicedezent 7J R18 5*114.3 ET40 DIA 66.10import -dshinservicedezent 8J R18 5*114.3 ET45 DIA 71.60import -dshinserviceaez 9J R19 5*112 ET21 DIA 66.60import -dshinservicedezent 6J R15 5*100 ET38 DIA 57.10import -dshinservicedezent 6.5J R16 5*114.3 ET50 DIA 66.10import -dshinservicedezent 6.5J R16 5*112 ET40 DIA 57.10import -dshinservicedezent 6J R15 5*100 ET38 DIA 57.10import -dshinservicedezent 6J R15 5*112 ET43 DIA 57.10import -dshinservicealcar hybridrad 6J R16 5*112 ET43 DIA 57.10import -dshinserviceaez 10J R21 5*112 ET33 DIA 66.60import -dshinservicedezent 6.5J R16 5*112 ET22 DIA 66.60import -dshinservicedezent 8J R18 5*112 ET39 DIA 66.60import -dshinservicedezent 7J R17 5*114.3 ET39 DIA 60.10import -dshinservicelegeartis optima 8J R18 5*114.3 ET44 DIA 63.30import -dshinservicelegeartis concept 7.5J R17 5*108 ET50.5 DIA 63.30import -dshinservicelegeartis concept 7.5J R17 5*108 ET55 DIA 63.30import -dshinservicelegeartis concept 8J R18 5*108 ET50.5 DIA 63.30import -dshinservicelegeartis concept 8J R18 5*108 ET42.5 DIA 63.30import -dshinservicelegeartis concept 8J R18 5*108 ET55 DIA 63.30import -dshinservicelegeartis concept 8J R19 5*108 ET42.5 DIA 63.30import -dshinservicelegeartis concept 8J R18 5*150 ET56 DIA 110.10import -dshinservicelegeartis concept 8J R18 5*150 ET56 DIA 110.10import -dshinservicelegeartis concept 8.5J R20 5*150 ET45 DIA 110.10import -dshinservicelegeartis concept 9J R20 5*112 ET35 DIA 66.60import -dshinservicelegeartis concept 10.5J R20 5*112 ET40 DIA 66.60import -dshinservicelegeartis concept 10.5J R21 5*112 ET43 DIA 66.60import -dshinservicelegeartis concept 10.5J R21 5*112 ET43 DIA 66.60import -dshinservicelegeartis concept 7J R17 5*114.3 ET40 DIA 66.10import -dshinservicelegeartis concept 7J R17 5*114.3 ET40 DIA 66.10import -dshinservicelegeartis concept 9J R20 5*112 ET33 DIA 66.60import -dshinservicelegeartis concept 7.5J R18 5*112 ET43 DIA 57.10import -dshinservicelegeartis concept 7.5J R18 5*112 ET43 DIA 57.10import -dshinservicelegeartis concept 7.5J R19 5*112 ET43 DIA 57.10import -dshinservicelegeartis concept 7.5J R19 5*112 ET43 DIA 57.10import -dshinservicelegeartis concept 9J R20 5*139.7 ET15 DIA 77.80import -dshinservicelegeartis concept 7J R18 5*114.3 ET38 DIA 67.10import -dshinservicelegeartis concept 7J R18 5*114.3 ET38 DIA 67.10import -dshinservicelegeartis concept 6.5J R16 5*114.3 ET50 DIA 66.10import -dshinservicelegeartis concept 6.5J R16 5*114.3 ET50 DIA 66.10import -dshinservicelegeartis concept 6.5J R16 5*114.3 ET50 DIA 66.10import -dshinservicelegeartis concept 7J R17 5*100 ET48 DIA 56.10import -dshinservicelegeartis concept 7J R17 5*100 ET48 DIA 56.10import -dshinservicelegeartis concept 7J R17 5*100 ET48 DIA 56.10import -dshinservicelegeartis concept 7J R17 5*112 ET40 DIA 57.10import -dshinservicelegeartis concept 7J R17 5*112 ET40 DIA 57.10import -dshinservicelegeartis concept 9J R20 5*112 ET20 DIA 66.60import -dshinservicedezent 8J R18 5*112 ET39 DIA 66.60import -dshinservicedezent 8J R18 5*112 ET40 DIA 66.60import -dshinservicedezent 8J R18 5*112 ET39 DIA 66.60import -dshinservicedezent 8J R18 5*112 ET40 DIA 66.60import -dshinservicedezent 7.5J R18 5*112 ET51 DIA 66.60import -dshinservicedezent 7.5J R18 5*112 ET51 DIA 57.10import -dshinservicedezent 7.5J R17 5*112 ET30 DIA 66.60import -dshinservicedezent 7.5J R17 5*112 ET54 DIA 66.60import -dshinservicedezent 7.5J R17 5*112 ET36 DIA 66.60import -dshinservicelegeartis concept 8J R18 5*112 ET25 DIA 66.60import -dshinservicelegeartis concept 7J R17 5*112 ET40 DIA 57.10import -dshinservicelegeartis concept 7J R17 5*112 ET40 DIA 57.10import -dshinservicedezent 6J R15 5*114.3 ET46 DIA 67.10import -dshinservicemagnetto 6.5J R16 4*100 ET50 DIA 60.10import -dshinservicelegeartis concept 8J R18 5*112 ET30 DIA 66.60import -dshinserviceremain 7J R17 5*114.3 ET45 DIA 60.10import -dshinserviceremain 6.5J R17 5*114.3 ET48 DIA 67.10import -dshinserviceскад 6.5J R16 5*114.3 ET50 DIA 60.10import -dshinservicedezent 8J R18 5*112 ET44 DIA 57.10import -dshinservicedezent 8J R18 5*112 ET44 DIA 57.10import -dshinservicedezent 7J R17 5*112 ET49 DIA 57.10import -dshinservicedezent 7J R17 5*115 ET44 DIA 70.20import -dshinservicelegeartis concept 8.5J R20 6*135 ET44 DIA 87.10import -dshinservicedezent 8J R18 5*112 ET57 DIA 66.60import -dshinservicedezent 7J R17 5*112 ET47 DIA 66.60import -dshinserviceifree 7.5J R18 5*112 ET35 DIA 66.60import -dshinservicedezent 7.5J R18 5*108 ET52.5 DIA 63.40import -dshinservicedezent 7.5J R18 5*108 ET45 DIA 63.40import -dshinservicedezent 7.5J R18 5*108 ET50.5 DIA 63.40import -dshinservicedezent 7.5J R18 5*112 ET51 DIA 66.60import -dshinservicedezent 6J R15 5*100 ET38 DIA 57.10import -dshinserviceifree 7J R17 5*112 ET45 DIA 66.60import -dshinserviceifree 7J R17 5*114.3 ET45 DIA 60.10import -dshinserviceifree 7J R17 5*112 ET35 DIA 66.60import -dshinserviceifree 6J R16 5*114.3 ET40 DIA 67.10import -dshinserviceifree 6J R16 5*114.3 ET45 DIA 67.10import -dshinservicealcar stahlrad (kfz) 6.5J R16 5*114.3 ET45 DIA 67.10import -dshinservicealcar stahlrad (kfz) 7J R17 5*112 ET44 DIA 66.60import -dshinservicetrebl 6J R16 5*100 ET45 DIA 57.10import -dshinservicealcar stahlrad (kfz) 6.5J R16 5*112 ET46 DIA 57.10import -dshinserviceaez 10J R20 5*112 ET19 DIA 66.60import -dshinservicedezent 7.5J R17 5*112 ET30 DIA 66.60import -dshinservicedezent 7.5J R18 5*112 ET51 DIA 57.10import -dshinservicedezent 7J R17 5*112 ET42 DIA 66.60import -dshinservicedezent 7J R17 5*112 ET47 DIA 66.60import -dshinservicedezent 7J R17 5*112 ET49 DIA 57.10import -dshinservicedezent 7J R17 5*112 ET34 DIA 66.60import -dshinservicedezent 7J R17 5*105 ET38 DIA 56.60import -dshinservicedezent 7J R17 5*115 ET44 DIA 70.20import -dshinservicealcar hybridrad 6J R16 5*100 ET35 DIA 57.10import -dshinservicealcar hybridrad 6.5J R16 5*112 ET46 DIA 57.10import -dshinservicelegeartis concept 7J R18 5*114.3 ET40 DIA 66.10import -dshinservicelegeartis optima 7J R17 5*114.3 ET35 DIA 60.10import -dshinserviceкик 7J R17 5*112 ET46 DIA 66.60import -dshinserviceremain 7J R18 5*112 ET43 DIA 57.10import -dshinservicedezent 7.5J R18 5*108 ET52.5 DIA 63.40import -dshinserviceremain 6J R15 4*100 ET46 DIA 54.10import -dshinserviceremain 7J R18 5*114.3 ET40 DIA 66.10import -dshinserviceremain 7J R17 5*114.3 ET45 DIA 67.10import -dshinservicedezent 7.5J R17 5*108 ET50.5 DIA 63.40import -dshinservicedezent 7.5J R17 5*112 ET36 DIA 66.60import -dshinservicedezent 7.5J R17 5*112 ET38 DIA 66.60import -dshinservicedezent 7.5J R18 5*108 ET50.5 DIA 63.40import -dshinservicedezent 7.5J R18 5*112 ET51 DIA 66.60import -dshinservicedezent 8J R18 5*112 ET38 DIA 66.60import -dshinserviceremain 6J R15 4*100 ET48 DIA 54.10import -dshinservicen2o 7J R16 5*114.3 ET40 DIA 73.10import -dshinserviceremain 6.5J R16 5*114.3 ET50 DIA 60.10import -dshinserviceremain 6J R15 5*100 ET40 DIA 57.10import -dshinserviceremain 6.5J R16 5*108 ET50 DIA 63.35import -dshinserviceremain 6.5J R16 5*114.3 ET50 DIA 66.10import -dshinserviceremain 7J R18 5*114.3 ET45 DIA 60.10import -dshinserviceremain 7J R18 5*114.3 ET39 DIA 60.10import -dshinservicevector 7.5J R18 5*114.3 ET45 DIA 67.10import -dshinservicevector 7J R17 5*114.3 ET45 DIA 66.10import -dshinservicevector 6J R16 5*112 ET48 DIA 57.10import -dshinserviceifree 7.5J R18 5*114.3 ET40 DIA 66.10import -dshinservicetrebl 6J R16 5*100 ET35 DIA 57.10import -dshinservicetrebl 6.5J R17 5*114.3 ET38 DIA 67.10import -dshinservicetrebl 6.5J R17 5*114.3 ET40 DIA 64.10import -dshinservicetrebl 6.5J R17 5*114.3 ET50 DIA 66.10import -dshinservicetrebl 7J R17 5*114.3 ET47 DIA 67.10import -dshinservicetrebl 7J R17 5*114.3 ET48.5 DIA 67.10import -dshinservicetrebl 7J R16 5*100 ET46 DIA 57.10import -dshinservicetrebl 7J R16 5*114.3 ET40 DIA 60.10import -dshinservicetrebl 6.5J R17 5*114.3 ET40 DIA 67.10import -dshinservicetrebl 7J R17 5*112 ET49 DIA 57.10import -dshinservicetrebl 7J R17 5*114.3 ET51 DIA 67.10import -dshinservicetrebl 7J R17 5*114.3 ET53 DIA 67.10import -dshinservicetrebl 6.5J R17 5*114.3 ET46 DIA 67.10import -dshinserviceскад 6.5J R16 4*100 ET40 DIA 67.10import -dshinservicelegeartis concept 7J R18 5*112 ET22 DIA 66.60import -dshinservicedezent 6.5J R16 5*114.3 ET40 DIA 66.10import -dshinservicelegeartis concept 8.5J R20 5*112 ET35 DIA 66.60